11-26 08:33:45.991: W/NearbyFastPair(12979): 	at abkm.c(:com.google.android.gms@224212028@22.42.12 (100400-481949630):6)
11-26 08:33:45.991: W/NearbyFastPair(12979): 	at abkm.run(:com.google.android.gms@224212028@22.42.12 (100400-481949630):8)
11-26 08:33:45.991: W/NearbyFastPair(12979): 	at java.util.concurrent.ThreadPoolExecutor.runWorker(ThreadPoolExecutor.java:1167)
11-26 08:33:45.991: W/NearbyFastPair(12979): 	at java.util.concurrent.ThreadPoolExecutor$Worker.run(ThreadPoolExecutor.java:641)
11-26 08:33:45.991: W/NearbyFastPair(12979): 	at abpr.run(:com.google.android.gms@224212028@22.42.12 (100400-481949630):0)
11-26 08:33:45.991: W/NearbyFastPair(12979): 	at java.lang.Thread.run(Thread.java:764)
11-26 08:33:45.991: W/NearbyFastPair(12979): Caused by: zyz: 17: API: Wearable.API is not available on this device. Connection failed with: ConnectionResult{statusCode=API_UNAVAILABLE, resolution=null, message=null}
11-26 08:33:45.991: W/NearbyFastPair(12979): 	at aasx.a(:com.google.android.gms@224212028@22.42.12 (100400-481949630):2)
11-26 08:33:45.991: W/NearbyFastPair(12979): 	at aavz.a(:com.google.android.gms@224212028@22.42.12 (100400-481949630):2)
11-26 08:33:45.991: W/NearbyFastPair(12979): 	at aaax.run(:com.google.android.gms@224212028@22.42.12 (100400-481949630):0)
11-26 08:33:45.991: W/NearbyFastPair(12979): 	at abju.c(:com.google.android.gms@224212028@22.42.12 (100400-481949630):2)
11-26 08:33:45.991: W/NearbyFastPair(12979): 	at aaau.a(:com.google.android.gms@224212028@22.42.12 (100400-481949630):0)
11-26 08:33:45.991: W/NearbyFastPair(12979): 	at com.google.android.gms.common.api.internal.BasePendingResult.x(:com.google.android.gms@224212028@22.42.12 (100400-481949630):6)
11-26 08:33:45.991: W/NearbyFastPair(12979): 	at com.google.android.gms.common.api.internal.BasePendingResult.p(:com.google.android.gms@224212028@22.42.12 (100400-481949630):4)
11-26 08:33:45.991: W/NearbyFastPair(12979): 	at aaao.y(:com.google.android.gms@224212028@22.42.12 (100400-481949630):0)
11-26 08:33:45.991: W/NearbyFastPair(12979): 	at aaad.c(:com.google.android.gms@224212028@22.42.12 (100400-481949630):1)
11-26 08:33:45.991: W/NearbyFastPair(12979): 	at aacw.p(:com.google.android.gms@224212028@22.42.12 (100400-481949630):4)
11-26 08:33:45.991: W/NearbyFastPair(12979): 	at aacw.d(:com.google.android.gms@224212028@22.42.12 (100400-481949630):0)
11-26 08:33:45.991: W/NearbyFastPair(12979): 	at aacw.g(:com.google.android.gms@224212028@22.42.12 (100400-481949630):19)
11-26 08:33:45.991: W/NearbyFastPair(12979): 	at aacw.onConnectionFailed(:com.google.android.gms@224212028@22.42.12 (100400-481949630):0)
11-26 08:33:45.991: W/NearbyFastPair(12979): 	at aauf.gU(:com.google.android.gms@224212028@22.42.12 (100400-481949630):0)
11-26 08:33:45.991: W/NearbyFastPair(12979): 	at aatj.b(:com.google.android.gms@224212028@22.42.12 (100400-481949630):1)
11-26 08:33:45.991: W/NearbyFastPair(12979): 	at aata.a(:com.google.android.gms@224212028@22.42.12 (100400-481949630):7)
11-26 08:33:45.991: W/NearbyFastPair(12979): 	at aatd.handleMessage(:com.google.android.gms@224212028@22.42.12 (100400-481949630):23)
11-26 08:33:45.991: W/NearbyFastPair(12979): 	at android.os.Handler.dispatchMessage(Handler.java:106)
11-26 08:33:45.991: W/NearbyFastPair(12979): 	at asrv.kP(:com.google.android.gms@224212028@22.42.12 (100400-481949630):0)
11-26 08:33:45.991: W/NearbyFastPair(12979): 	at asrv.dispatchMessage(:com.google.android.gms@224212028@22.42.12 (100400-481949630):11)
11-26 08:33:45.991: W/NearbyFastPair(12979): 	at android.os.Looper.loop(Looper.java:193)
11-26 08:33:45.991: W/NearbyFastPair(12979): 	at android.os.HandlerThread.run(HandlerThread.java:65)
11-26 08:33:45.992: I/NearbyFastPair(12979): WearApiRetryWrapper: retry#1 [CONTEXT service_id=265 ]
11-26 08:33:45.996: D/CompatibilityInfo(1541): mCompatibilityFlags - 0
11-26 08:33:45.996: D/CompatibilityInfo(1541): applicationDensity - 480
11-26 08:33:45.996: D/CompatibilityInfo(1541): applicationScale - 1.0
11-26 08:33:46.000: W/WearableService(12979): onGetService: Wear is not available on this device.
11-26 08:33:46.004: W/PhenotypeConfigurationU(12979): Update for unknown DeviceConfig package com.google.android.gms.nearby [CONTEXT service_id=204 ]
11-26 08:33:46.004: W/PhenotypeConfigurationU(12979): bhhk: No package exists for config package: com.google.android.gms.nearby
11-26 08:33:46.004: W/PhenotypeConfigurationU(12979): 	at com.google.android.gms.platformconfigurator.PhenotypeConfigurationUpdateListener.a(:com.google.android.gms@224212028@22.42.12 (100400-481949630):7)
11-26 08:33:46.004: W/PhenotypeConfigurationU(12979): 	at com.google.android.gms.platformconfigurator.PhenotypeConfigurationUpdateListener.onHandleIntent(:com.google.android.gms@224212028@22.42.12 (100400-481949630):6)
11-26 08:33:46.004: W/PhenotypeConfigurationU(12979): 	at com.google.android.chimera.IntentOperation.onHandleIntent(:com.google.android.gms@224212028@22.42.12 (100400-481949630):2)
11-26 08:33:46.004: W/PhenotypeConfigurationU(12979): 	at yur.onHandleIntent(:com.google.android.gms@224212028@22.42.12 (100400-481949630):4)
11-26 08:33:46.004: W/PhenotypeConfigurationU(12979): 	at guj.run(:com.google.android.gms@224212028@22.42.12 (100400-481949630):3)
11-26 08:33:46.004: W/PhenotypeConfigurationU(12979): 	at gui.run(:com.google.android.gms@224212028@22.42.12 (100400-481949630):11)
11-26 08:33:46.004: W/PhenotypeConfigurationU(12979): 	at clnb.run(:com.google.android.gms@224212028@22.42.12 (100400-481949630):2)
11-26 08:33:46.004: W/PhenotypeConfigurationU(12979): 	at java.util.concurrent.ThreadPoolExecutor.runWorker(ThreadPoolExecutor.java:1167)
11-26 08:33:46.004: W/PhenotypeConfigurationU(12979): 	at java.util.concurrent.ThreadPoolExecutor$Worker.run(ThreadPoolExecutor.java:641)
11-26 08:33:46.004: W/PhenotypeConfigurationU(12979): 	at java.lang.Thread.run(Thread.java:764)
11-26 08:33:46.010: W/NearbyFastPair(12979): WearApiHelper: failed to get local node id [CONTEXT service_id=265 ]
11-26 08:33:46.010: W/NearbyFastPair(12979): java.util.concurrent.ExecutionException: zyz: 17: API: Wearable.API is not available on this device. Connection failed with: ConnectionResult{statusCode=API_UNAVAILABLE, resolution=null, message=null}
11-26 08:33:46.010: W/NearbyFastPair(12979): 	at bprv.n(:com.google.android.gms@224212028@22.42.12 (100400-481949630):3)
11-26 08:33:46.010: W/NearbyFastPair(12979): 	at bprv.m(:com.google.android.gms@224212028@22.42.12 (100400-481949630):2)
11-26 08:33:46.010: W/NearbyFastPair(12979): 	at azyz.b(:com.google.android.gms@224212028@22.42.12 (100400-481949630):2)
11-26 08:33:46.010: W/NearbyFastPair(12979): 	at azyv.a(:com.google.android.gms@224212028@22.42.12 (100400-481949630):0)
11-26 08:33:46.010: W/NearbyFastPair(12979): 	at azza.a(:com.google.android.gms@224212028@22.42.12 (100400-481949630):3)
11-26 08:33:46.010: W/NearbyFastPair(12979): 	at com.google.android.gms.nearby.fastpair.service.WearableDataListenerChimeraService.z(:com.google.android.gms@224212028@22.42.12 (100400-481949630):3)
11-26 08:33:46.010: W/NearbyFastPair(12979): 	at com.google.android.gms.nearby.fastpair.service.WearableDataListenerChimeraService.v(:com.google.android.gms@224212028@22.42.12 (100400-481949630):149)
11-26 08:33:46.010: W/NearbyFastPair(12979): 	at azvx.run(:com.google.android.gms@224212028@22.42.12 (100400-481949630):0)
11-26 08:33:46.010: W/NearbyFastPair(12979): 	at abkm.c(:com.google.android.gms@224212028@22.42.12 (100400-481949630):6)
11-26 08:33:46.010: W/NearbyFastPair(12979): 	at abkm.run(:com.google.android.gms@224212028@22.42.12 (100400-481949630):8)
11-26 08:33:46.010: W/NearbyFastPair(12979): 	at java.util.concurrent.ThreadPoolExecutor.runWorker(ThreadPoolExecutor.java:1167)
11-26 08:33:46.010: W/NearbyFastPair(12979): 	at java.util.concurrent.ThreadPoolExecutor$Worker.run(ThreadPoolExecutor.java:641)
11-26 08:33:46.010: W/NearbyFastPair(12979): 	at abpr.run(:com.google.android.gms@224212028@22.42.12 (100400-481949630):0)
11-26 08:33:46.010: W/NearbyFastPair(12979): 	at java.lang.Thread.run(Thread.java:764)
11-26 08:33:46.010: W/NearbyFastPair(12979): Caused by: zyz: 17: API: Wearable.API is not available on this device. Connection failed with: ConnectionResult{statusCode=API_UNAVAILABLE, resolution=null, message=null}
11-26 08:33:46.010: W/NearbyFastPair(12979): 	at aasx.a(:com.google.android.gms@224212028@22.42.12 (100400-481949630):2)
11-26 08:33:46.010: W/NearbyFastPair(12979): 	at aavz.a(:com.google.android.gms@224212028@22.42.12 (100400-481949630):2)
11-26 08:33:46.010: W/NearbyFastPair(12979): 	at aaax.run(:com.google.android.gms@224212028@22.42.12 (100400-481949630):0)
11-26 08:33:46.010: W/NearbyFastPair(12979): 	at abju.c(:com.google.android.gms@224212028@22.42.12 (100400-481949630):2)
11-26 08:33:46.010: W/NearbyFastPair(12979): 	at aaau.a(:com.google.android.gms@224212028@22.42.12 (100400-481949630):0)
11-26 08:33:46.010: W/NearbyFastPair(12979): 	at com.google.android.gms.common.api.internal.BasePendingResult.x(:com.google.android.gms@224212028@22.42.12 (100400-481949630):6)
11-26 08:33:46.010: W/NearbyFastPair(12979): 	at com.google.android.gms.common.api.internal.BasePendingResult.p(:com.google.android.gms@224212028@22.42.12 (100400-481949630):4)
11-26 08:33:46.010: W/NearbyFastPair(12979): 	at aaao.y(:com.google.android.gms@224212028@22.42.12 (100400-481949630):0)
11-26 08:33:46.010: W/NearbyFastPair(12979): 	at aaad.c(:com.google.android.gms@224212028@22.42.12 (100400-481949630):1)
11-26 08:33:46.010: W/NearbyFastPair(12979): 	at aacw.p(:com.google.android.gms@224212028@22.42.12 (100400-481949630):4)
11-26 08:33:46.010: W/NearbyFastPair(12979): 	at aacw.d(:com.google.android.gms@224212028@22.42.12 (100400-481949630):0)
11-26 08:33:46.010: W/NearbyFastPair(12979): 	at aacw.g(:com.google.android.gms@224212028@22.42.12 (100400-481949630):19)
11-26 08:33:46.010: W/NearbyFastPair(12979): 	at aacw.onConnectionFailed(:com.google.android.gms@224212028@22.42.12 (100400-481949630):0)
11-26 08:33:46.010: W/NearbyFastPair(12979): 	at aauf.gU(:com.google.android.gms@224212028@22.42.12 (100400-481949630):0)
11-26 08:33:46.010: W/NearbyFastPair(12979): 	at aatj.b(:com.google.android.gms@224212028@22.42.12 (100400-481949630):1)
11-26 08:33:46.010: W/NearbyFastPair(12979): 	at aata.a(:com.google.android.gms@224212028@22.42.12 (100400-481949630):7)
11-26 08:33:46.010: W/NearbyFastPair(12979): 	at aatd.handleMessage(:com.google.android.gms@224212028@22.42.12 (100400-481949630):23)
11-26 08:33:46.010: W/NearbyFastPair(12979): 	at android.os.Handler.dispatchMessage(Handler.java:106)
11-26 08:33:46.010: W/NearbyFastPair(12979): 	at asrv.kP(:com.google.android.gms@224212028@22.42.12 (100400-481949630):0)
11-26 08:33:46.010: W/NearbyFastPair(12979): 	at asrv.dispatchMessage(:com.google.android.gms@224212028@22.42.12 (100400-481949630):11)
11-26 08:33:46.010: W/NearbyFastPair(12979): 	at android.os.Looper.loop(Looper.java:193)
11-26 08:33:46.010: W/NearbyFastPair(12979): 	at android.os.HandlerThread.run(HandlerThread.java:65)
11-26 08:33:46.010: I/NearbyFastPair(12979): WearApiRetryWrapper: retry#2 [CONTEXT service_id=265 ]
11-26 08:33:46.011: I/NearbyFastPair(12979): WDLS onStartCommand: node change false, capability change false [CONTEXT service_id=265 ]
11-26 08:33:46.014: I/NearbyConnections(12979): Runtime state initialization complete. Nearby connections setting is disabled [CONTEXT service_id=54 ]
11-26 08:33:46.016: I/NearbyMediums(12979): BluetoothAdapter's name was not set by Nearby Connections, ignoring call to restore default scan mode. [CONTEXT service_id=54 ]
11-26 08:33:46.016: W/WearableService(12979): onGetService: Wear is not available on this device.
11-26 08:33:46.017: I/NearbyMediums(12979): BluetoothAdapter's name was not set by Nearby Connections, ignoring call to restore device name [CONTEXT service_id=54 ]
11-26 08:33:46.019: W/NearbyFastPair(12979): WearApiHelper: failed to get CapabilityInfo [CONTEXT service_id=265 ]
11-26 08:33:46.019: W/NearbyFastPair(12979): java.util.concurrent.ExecutionException: zyz: 17: API: Wearable.API is not available on this device. Connection failed with: ConnectionResult{statusCode=API_UNAVAILABLE, resolution=null, message=null}
11-26 08:33:46.019: W/NearbyFastPair(12979): 	at bprv.n(:com.google.android.gms@224212028@22.42.12 (100400-481949630):3)
11-26 08:33:46.019: W/NearbyFastPair(12979): 	at bprv.m(:com.google.android.gms@224212028@22.42.12 (100400-481949630):7)
11-26 08:33:46.019: W/NearbyFastPair(12979): 	at azyz.a(:com.google.android.gms@224212028@22.42.12 (100400-481949630):2)
11-26 08:33:46.019: W/NearbyFastPair(12979): 	at azyx.a(:com.google.android.gms@224212028@22.42.12 (100400-481949630):0)
11-26 08:33:46.019: W/NearbyFastPair(12979): 	at azza.a(:com.google.android.gms@224212028@22.42.12 (100400-481949630):3)
11-26 08:33:46.019: W/NearbyFastPair(12979): 	at com.google.android.gms.nearby.fastpair.service.WearableDataListenerChimeraService.v(:com.google.android.gms@224212028@22.42.12 (100400-481949630):151)
11-26 08:33:46.019: W/NearbyFastPair(12979): 	at azvx.run(:com.google.android.gms@224212028@22.42.12 (100400-481949630):0)
11-26 08:33:46.019: W/NearbyFastPair(12979): 	at abkm.c(:com.google.android.gms@224212028@22.42.12 (100400-481949630):6)
11-26 08:33:46.019: W/NearbyFastPair(12979): 	at abkm.run(:com.google.android.gms@224212028@22.42.12 (100400-481949630):8)
11-26 08:33:46.019: W/NearbyFastPair(12979): 	at java.util.concurrent.ThreadPoolExecutor.runWorker(ThreadPoolExecutor.java:1167)
11-26 08:33:46.019: W/NearbyFastPair(12979): 	at java.util.concurrent.ThreadPoolExecutor$Worker.run(ThreadPoolExecutor.java:641)
11-26 08:33:46.019: W/NearbyFastPair(12979): 	at abpr.run(:com.google.android.gms@224212028@22.42.12 (100400-481949630):0)
11-26 08:33:46.019: W/NearbyFastPair(12979): 	at java.lang.Thread.run(Thread.java:764)
11-26 08:33:46.019: W/NearbyFastPair(12979): Caused by: zyz: 17: API: Wearable.API is not available on this device. Connection failed with: ConnectionResult{statusCode=API_UNAVAILABLE, resolution=null, message=null}
11-26 08:33:46.019: W/NearbyFastPair(12979): 	at aasx.a(:com.google.android.gms@224212028@22.42.12 (100400-481949630):2)
11-26 08:33:46.019: W/NearbyFastPair(12979): 	at aavz.a(:com.google.android.gms@224212028@22.42.12 (100400-481949630):2)
11-26 08:33:46.019: W/NearbyFastPair(12979): 	at aaax.run(:com.google.android.gms@224212028@22.42.12 (100400-481949630):0)
11-26 08:33:46.019: W/NearbyFastPair(12979): 	at abju.c(:com.google.android.gms@224212028@22.42.12 (100400-481949630):2)
11-26 08:33:46.019: W/NearbyFastPair(12979): 	at aaau.a(:com.google.android.gms@224212028@22.42.12 (100400-481949630):0)
11-26 08:33:46.019: W/NearbyFastPair(12979): 	at com.google.android.gms.common.api.internal.BasePendingResult.x(:com.google.android.gms@224212028@22.42.12 (100400-481949630):6)
11-26 08:33:46.019: W/NearbyFastPair(12979): 	at com.google.android.gms.common.api.internal.BasePendingResult.p(:com.google.android.gms@224212028@22.42.12 (100400-481949630):4)
11-26 08:33:46.019: W/NearbyFastPair(12979): 	at aaao.y(:com.google.android.gms@224212028@22.42.12 (100400-481949630):0)
11-26 08:33:46.019: W/NearbyFastPair(12979): 	at aaad.c(:com.google.android.gms@224212028@22.42.12 (100400-481949630):1)
11-26 08:33:46.019: W/NearbyFastPair(12979): 	at aacw.p(:com.google.android.gms@224212028@22.42.12 (100400-481949630):4)
11-26 08:33:46.019: W/NearbyFastPair(12979): 	at aacw.d(:com.google.android.gms@224212028@22.42.12 (100400-481949630):0)
11-26 08:33:46.019: W/NearbyFastPair(12979): 	at aacw.g(:com.google.android.gms@224212028@22.42.12 (100400-481949630):19)
11-26 08:33:46.019: W/NearbyFastPair(12979): 	at aacw.onConnectionFailed(:com.google.android.gms@224212028@22.42.12 (100400-481949630):0)
11-26 08:33:46.019: W/NearbyFastPair(12979): 	at aauf.gU(:com.google.android.gms@224212028@22.42.12 (100400-481949630):0)
11-26 08:33:46.019: W/NearbyFastPair(12979): 	at aatj.b(:com.google.android.gms@224212028@22.42.12 (100400-481949630):1)
11-26 08:33:46.019: W/NearbyFastPair(12979): 	at aata.a(:com.google.android.gms@224212028@22.42.12 (100400-481949630):7)
11-26 08:33:46.019: W/NearbyFastPair(12979): 	at aatd.handleMessage(:com.google.android.gms@224212028@22.42.12 (100400-481949630):23)
11-26 08:33:46.019: W/NearbyFastPair(12979): 	at android.os.Handler.dispatchMessage(Handler.java:106)
11-26 08:33:46.019: W/NearbyFastPair(12979): 	at asrv.kP(:com.google.android.gms@224212028@22.42.12 (100400-481949630):0)
11-26 08:33:46.019: W/NearbyFastPair(12979): 	at asrv.dispatchMessage(:com.google.android.gms@224212028@22.42.12 (100400-481949630):11)
11-26 08:33:46.019: W/NearbyFastPair(12979): 	at android.os.Looper.loop(Looper.java:193)
11-26 08:33:46.019: W/NearbyFastPair(12979): 	at android.os.HandlerThread.run(HandlerThread.java:65)
11-26 08:33:46.020: I/NearbyFastPair(12979): WearApiRetryWrapper: retry#1 [CONTEXT service_id=265 ]
11-26 08:33:46.024: W/WearableService(12979): onGetService: Wear is not available on this device.
11-26 08:33:46.027: W/NearbyFastPair(12979): WearApiHelper: failed to get CapabilityInfo [CONTEXT service_id=265 ]
11-26 08:33:46.027: W/NearbyFastPair(12979): java.util.concurrent.ExecutionException: zyz: 17: API: Wearable.API is not available on this device. Connection failed with: ConnectionResult{statusCode=API_UNAVAILABLE, resolution=null, message=null}
11-26 08:33:46.027: W/NearbyFastPair(12979): 	at bprv.n(:com.google.android.gms@224212028@22.42.12 (100400-481949630):3)
11-26 08:33:46.027: W/NearbyFastPair(12979): 	at bprv.m(:com.google.android.gms@224212028@22.42.12 (100400-481949630):7)
11-26 08:33:46.027: W/NearbyFastPair(12979): 	at azyz.a(:com.google.android.gms@224212028@22.42.12 (100400-481949630):2)
11-26 08:33:46.027: W/NearbyFastPair(12979): 	at azyx.a(:com.google.android.gms@224212028@22.42.12 (100400-481949630):0)
11-26 08:33:46.027: W/NearbyFastPair(12979): 	at azza.a(:com.google.android.gms@224212028@22.42.12 (100400-481949630):3)
11-26 08:33:46.027: W/NearbyFastPair(12979): 	at com.google.android.gms.nearby.fastpair.service.WearableDataListenerChimeraService.v(:com.google.android.gms@224212028@22.42.12 (100400-481949630):151)
11-26 08:33:46.027: W/NearbyFastPair(12979): 	at azvx.run(:com.google.android.gms@224212028@22.42.12 (100400-481949630):0)
11-26 08:33:46.027: W/NearbyFastPair(12979): 	at abkm.c(:com.google.android.gms@224212028@22.42.12 (100400-481949630):6)
11-26 08:33:46.027: W/NearbyFastPair(12979): 	at abkm.run(:com.google.android.gms@224212028@22.42.12 (100400-481949630):8)
11-26 08:33:46.027: W/NearbyFastPair(12979): 	at java.util.concurrent.ThreadPoolExecutor.runWorker(ThreadPoolExecutor.java:1167)
11-26 08:33:46.027: W/NearbyFastPair(12979): 	at java.util.concurrent.ThreadPoolExecutor$Worker.run(ThreadPoolExecutor.java:641)
11-26 08:33:46.027: W/NearbyFastPair(12979): 	at abpr.run(:com.google.android.gms@224212028@22.42.12 (100400-481949630):0)
11-26 08:33:46.027: W/NearbyFastPair(12979): 	at java.lang.Thread.run(Thread.java:764)
11-26 08:33:46.027: W/NearbyFastPair(12979): Caused by: zyz: 17: API: Wearable.API is not available on this device. Connection failed with: ConnectionResult{statusCode=API_UNAVAILABLE, resolution=null, message=null}
11-26 08:33:46.027: W/NearbyFastPair(12979): 	at aasx.a(:com.google.android.gms@224212028@22.42.12 (100400-481949630):2)
11-26 08:33:46.027: W/NearbyFastPair(12979): 	at aavz.a(:com.google.android.gms@224212028@22.42.12 (100400-481949630):2)
11-26 08:33:46.027: W/NearbyFastPair(12979): 	at aaax.run(:com.google.android.gms@224212028@22.42.12 (100400-481949630):0)
11-26 08:33:46.027: W/NearbyFastPair(12979): 	at abju.c(:com.google.android.gms@224212028@22.42.12 (100400-481949630):2)
11-26 08:33:46.027: W/NearbyFastPair(12979): 	at aaau.a(:com.google.android.gms@224212028@22.42.12 (100400-481949630):0)
11-26 08:33:46.027: W/NearbyFastPair(12979): 	at com.google.android.gms.common.api.internal.BasePendingResult.x(:com.google.android.gms@224212028@22.42.12 (100400-481949630):6)
11-26 08:33:46.027: W/NearbyFastPair(12979): 	at com.google.android.gms.common.api.internal.BasePendingResult.p(:com.google.android.gms@224212028@22.42.12 (100400-481949630):4)
11-26 08:33:46.027: W/NearbyFastPair(12979): 	at aaao.y(:com.google.android.gms@224212028@22.42.12 (100400-481949630):0)
11-26 08:33:46.027: W/NearbyFastPair(12979): 	at aaad.c(:com.google.android.gms@224212028@22.42.12 (100400-481949630):1)
11-26 08:33:46.027: W/NearbyFastPair(12979): 	at aacw.p(:com.google.android.gms@224212028@22.42.12 (100400-481949630):4)
11-26 08:33:46.027: W/NearbyFastPair(12979): 	at aacw.d(:com.google.android.gms@224212028@22.42.12 (100400-481949630):0)
11-26 08:33:46.027: W/NearbyFastPair(12979): 	at aacw.g(:com.google.android.gms@224212028@22.42.12 (100400-481949630):19)
11-26 08:33:46.027: W/NearbyFastPair(12979): 	at aacw.onConnectionFailed(:com.google.android.gms@224212028@22.42.12 (100400-481949630):0)
11-26 08:33:46.027: W/NearbyFastPair(12979): 	at aauf.gU(:com.google.android.gms@224212028@22.42.12 (100400-481949630):0)
11-26 08:33:46.027: W/NearbyFastPair(12979): 	at aatj.b(:com.google.android.gms@224212028@22.42.12 (100400-481949630):1)
11-26 08:33:46.027: W/NearbyFastPair(12979): 	at aata.a(:com.google.android.gms@224212028@22.42.12 (100400-481949630):7)
11-26 08:33:46.027: W/NearbyFastPair(12979): 	at aatd.handleMessage(:com.google.android.gms@224212028@22.42.12 (100400-481949630):23)
11-26 08:33:46.027: W/NearbyFastPair(12979): 	at android.os.Handler.dispatchMessage(Handler.java:106)
11-26 08:33:46.027: W/NearbyFastPair(12979): 	at asrv.kP(:com.google.android.gms@224212028@22.42.12 (100400-481949630):0)
11-26 08:33:46.027: W/NearbyFastPair(12979): 	at asrv.dispatchMessage(:com.google.android.gms@224212028@22.42.12 (100400-481949630):11)
11-26 08:33:46.027: W/NearbyFastPair(12979): 	at android.os.Looper.loop(Looper.java:193)
11-26 08:33:46.027: W/NearbyFastPair(12979): 	at android.os.HandlerThread.run(HandlerThread.java:65)
11-26 08:33:46.028: I/NearbyFastPair(12979): WearApiRetryWrapper: retry#2 [CONTEXT service_id=265 ]
11-26 08:33:46.028: W/NearbyFastPair(12979): WDLS updateNearbyNodes: the nodes is null, skip updating [CONTEXT service_id=265 ]
11-26 08:33:46.034: I/TestSupport(12956): Committed FlagOverride(com.google.android.gms.nearby, , Flag(default_device_notification_enabled, false, 2, 0), true) [CONTEXT service_id=133 ]
11-26 08:33:46.034: I/TestSupport(12956): Committed FlagOverride(com.google.android.gms.nearby, , Flag(fast_pair_half_sheet_wear_os, false, 2, 0), true) [CONTEXT service_id=133 ]
11-26 08:33:46.046: D/CompatibilityInfo(1541): mCompatibilityFlags - 0
11-26 08:33:46.046: D/CompatibilityInfo(1541): applicationDensity - 480
11-26 08:33:46.046: D/CompatibilityInfo(1541): applicationScale - 1.0
11-26 08:33:46.046: I/NearbyFastPair(12979): WDLS destroyed [CONTEXT service_id=265 ]
11-26 08:33:46.055: I/NearbyShared(12979): ServiceBinder: unknown is already unbind
11-26 08:33:46.069: E/ActivityThread(12979): Service com.google.android.gms.nearby.fastpair.service.WearableDataListenerService has leaked ServiceConnection android.bluetooth.BluetoothA2dp$2@c1a8ccb that was originally bound here
11-26 08:33:46.069: E/ActivityThread(12979): android.app.ServiceConnectionLeaked: Service com.google.android.gms.nearby.fastpair.service.WearableDataListenerService has leaked ServiceConnection android.bluetooth.BluetoothA2dp$2@c1a8ccb that was originally bound here
11-26 08:33:46.069: E/ActivityThread(12979): 	at android.app.LoadedApk$ServiceDispatcher.<init>(LoadedApk.java:1661)
11-26 08:33:46.069: E/ActivityThread(12979): 	at android.app.LoadedApk.getServiceDispatcher(LoadedApk.java:1553)
11-26 08:33:46.069: E/ActivityThread(12979): 	at android.app.ContextImpl.bindServiceCommon(ContextImpl.java:1659)
11-26 08:33:46.069: E/ActivityThread(12979): 	at android.app.ContextImpl.bindServiceAsUser(ContextImpl.java:1619)
11-26 08:33:46.069: E/ActivityThread(12979): 	at android.content.ContextWrapper.bindServiceAsUser(ContextWrapper.java:705)
11-26 08:33:46.069: E/ActivityThread(12979): 	at android.content.ContextWrapper.bindServiceAsUser(ContextWrapper.java:705)
11-26 08:33:46.069: E/ActivityThread(12979): 	at android.content.ContextWrapper.bindServiceAsUser(ContextWrapper.java:705)
11-26 08:33:46.069: E/ActivityThread(12979): 	at android.content.ContextWrapper.bindServiceAsUser(ContextWrapper.java:705)
11-26 08:33:46.069: E/ActivityThread(12979): 	at android.content.ContextWrapper.bindServiceAsUser(ContextWrapper.java:705)
11-26 08:33:46.069: E/ActivityThread(12979): 	at android.bluetooth.BluetoothA2dp.doBind(BluetoothA2dp.java:267)
11-26 08:33:46.069: E/ActivityThread(12979): 	at android.bluetooth.BluetoothA2dp.<init>(BluetoothA2dp.java:260)
11-26 08:33:46.069: E/ActivityThread(12979): 	at android.bluetooth.BluetoothAdapter.getProfileProxy(BluetoothAdapter.java:2289)
11-26 08:33:46.069: E/ActivityThread(12979): 	at cxve.<init>(:com.google.android.gms@224212028@22.42.12 (100400-481949630):7)
11-26 08:33:46.069: E/ActivityThread(12979): 	at com.google.android.gms.nearby.fastpair.service.WearableDataListenerChimeraService.m(:com.google.android.gms@224212028@22.42.12 (100400-481949630):2)
11-26 08:33:46.069: E/ActivityThread(12979): 	at com.google.android.gms.nearby.fastpair.service.WearableDataListenerChimeraService.r(:com.google.android.gms@224212028@22.42.12 (100400-481949630):1)
11-26 08:33:46.069: E/ActivityThread(12979): 	at azvy.run(:com.google.android.gms@224212028@22.42.12 (100400-481949630):0)
11-26 08:33:46.069: E/ActivityThread(12979): 	at abkm.c(:com.google.android.gms@224212028@22.42.12 (100400-481949630):6)
11-26 08:33:46.069: E/ActivityThread(12979): 	at abkm.run(:com.google.android.gms@224212028@22.42.12 (100400-481949630):7)
11-26 08:33:46.069: E/ActivityThread(12979): 	at java.util.concurrent.ThreadPoolExecutor.runWorker(ThreadPoolExecutor.java:1167)
11-26 08:33:46.069: E/ActivityThread(12979): 	at java.util.concurrent.ThreadPoolExecutor$Worker.run(ThreadPoolExecutor.java:641)
11-26 08:33:46.069: E/ActivityThread(12979): 	at abpr.run(:com.google.android.gms@224212028@22.42.12 (100400-481949630):0)
11-26 08:33:46.069: E/ActivityThread(12979): 	at java.lang.Thread.run(Thread.java:764)
11-26 08:33:46.071: W/ChimeraUtils(12979): Module com.google.android.gms.nearby_en has empty metadata display_name_string_id
11-26 08:33:46.087: W/ChimeraUtils(12979): Module com.google.android.gms.nearby_en has empty metadata display_name_string_id
11-26 08:33:46.089: I/NearbyFastPair(12956): TaskSchedulerUtils cancelTask TAG_FOOTPRINTS_PERIODIC_SCHEDULE success. [CONTEXT service_id=265 ]
11-26 08:33:46.089: D/CompatibilityInfo(1541): mCompatibilityFlags - 0
11-26 08:33:46.089: D/CompatibilityInfo(1541): applicationDensity - 480
11-26 08:33:46.089: D/CompatibilityInfo(1541): applicationScale - 1.0
11-26 08:33:46.091: I/system_server(1541): Background concurrent copying GC freed 556422(16MB) AllocSpace objects, 4(80KB) LOS objects, 42% free, 20MB/36MB, paused 202us total 228.765ms
11-26 08:33:46.094: W/ChimeraUtils(12979): Module com.google.android.gms.nearby_en has empty metadata display_name_string_id
11-26 08:33:46.101: I/NearbySharing(12956): Runtime state initialization complete. Sharing is disabled for reason FILE_SHARING_BLOCKED. [CONTEXT service_id=194 ]
11-26 08:33:46.151: I/TSDRIVER(19110): Handled command: PACKAGE
11-26 08:33:46.775: D/AndroidRuntime(19227): >>>>>> START com.android.internal.os.RuntimeInit uid 2000 <<<<<<
11-26 08:33:46.820: I/ActivityManager(1541): Start proc 19228:com.google.android.configupdater/u0a54 for service com.google.android.configupdater/.MainJobService
11-26 08:33:46.828: E/d.configupdate(19228): Not starting debugger since process cannot load the jdwp agent.
11-26 08:33:46.839: D/CompatibilityInfo(1541): mCompatibilityFlags - 10
11-26 08:33:46.840: D/CompatibilityInfo(1541): applicationDensity - 480
11-26 08:33:46.840: D/CompatibilityInfo(1541): applicationScale - 1.0
11-26 08:33:46.843: D/CompatibilityInfo(1541): mCompatibilityFlags - 10
11-26 08:33:46.843: D/CompatibilityInfo(1541): applicationDensity - 480
11-26 08:33:46.843: D/CompatibilityInfo(1541): applicationScale - 1.0
11-26 08:33:46.858: I/d.configupdate(19228): The ClassLoaderContext is a special shared library.
11-26 08:33:46.870: I/d.configupdate(19228): The ClassLoaderContext is a special shared library.
11-26 08:33:46.885: I/Perf(19228): Connecting to perf service.
11-26 08:33:46.895: I/app_process(19227): The ClassLoaderContext is a special shared library.
11-26 08:33:46.945: E/libc(19227): Access denied finding property "ro.vendor.at_library"
11-26 08:33:46.931: W/main(19227): type=1400 audit(0.0:464): avc: denied { read } for name="u:object_r:vendor_mpctl_prop:s0" dev="tmpfs" ino=17553 scontext=u:r:shell:s0 tcontext=u:object_r:vendor_mpctl_prop:s0 tclass=file permissive=0
11-26 08:33:46.952: D/AndroidRuntime(19227): Calling main entry com.android.commands.am.Am
11-26 08:33:46.961: I/ActivityManager(1541): Force stopping com.google.android.apps.mtaas.tools appid=10232 user=0: start instr
11-26 08:33:46.980: I/ActivityManager(1541): Start proc 19252:com.google.android.apps.mtaas.tools/u0a232 for added application com.google.android.apps.mtaas.tools
11-26 08:33:46.982: D/CompatibilityInfo(1541): mCompatibilityFlags - 10
11-26 08:33:46.982: D/CompatibilityInfo(1541): applicationDensity - 480
11-26 08:33:46.982: D/CompatibilityInfo(1541): applicationScale - 1.0
11-26 08:33:46.987: E/pps.mtaas.tool(19252): Not starting debugger since process cannot load the jdwp agent.
11-26 08:33:46.994: D/CompatibilityInfo(1541): mCompatibilityFlags - 10
11-26 08:33:46.994: D/CompatibilityInfo(1541): applicationDensity - 480
11-26 08:33:46.994: D/CompatibilityInfo(1541): applicationScale - 1.0
11-26 08:33:47.000: D/CompatibilityInfo(1541): mCompatibilityFlags - 10
11-26 08:33:47.000: D/CompatibilityInfo(1541): applicationDensity - 480
11-26 08:33:47.000: D/CompatibilityInfo(1541): applicationScale - 1.0
11-26 08:33:47.003: D/CompatibilityInfo(1541): mCompatibilityFlags - 10
11-26 08:33:47.003: D/CompatibilityInfo(1541): applicationDensity - 480
11-26 08:33:47.003: D/CompatibilityInfo(1541): applicationScale - 1.0
11-26 08:33:47.010: D/CompatibilityInfo(1541): mCompatibilityFlags - 10
11-26 08:33:47.010: D/CompatibilityInfo(1541): applicationDensity - 480
11-26 08:33:47.010: D/CompatibilityInfo(1541): applicationScale - 1.0
11-26 08:33:47.019: D/CompatibilityInfo(1541): mCompatibilityFlags - 10
11-26 08:33:47.019: D/CompatibilityInfo(1541): applicationDensity - 480
11-26 08:33:47.019: D/CompatibilityInfo(1541): applicationScale - 1.0
11-26 08:33:47.020: I/pps.mtaas.tool(19252): The ClassLoaderContext is a special shared library.
11-26 08:33:47.024: D/CompatibilityInfo(1541): mCompatibilityFlags - 10
11-26 08:33:47.024: D/CompatibilityInfo(1541): applicationDensity - 480
11-26 08:33:47.024: D/CompatibilityInfo(1541): applicationScale - 1.0
11-26 08:33:47.030: D/CompatibilityInfo(1541): mCompatibilityFlags - 10
11-26 08:33:47.030: D/CompatibilityInfo(1541): applicationDensity - 480
11-26 08:33:47.030: D/CompatibilityInfo(1541): applicationScale - 1.0
11-26 08:33:47.037: D/CompatibilityInfo(1541): mCompatibilityFlags - 10
11-26 08:33:47.037: D/CompatibilityInfo(1541): applicationDensity - 480
11-26 08:33:47.037: D/CompatibilityInfo(1541): applicationScale - 1.0
11-26 08:33:47.038: I/Perf(19252): Connecting to perf service.
11-26 08:33:47.042: D/CompatibilityInfo(1541): mCompatibilityFlags - 10
11-26 08:33:47.042: D/CompatibilityInfo(1541): applicationDensity - 480
11-26 08:33:47.042: D/CompatibilityInfo(1541): applicationScale - 1.0
11-26 08:33:47.051: D/ChangeLocale(19252): Instrumentation completed successfully
11-26 08:33:47.052: I/ActivityManager(1541): Force stopping com.google.android.apps.mtaas.tools appid=10232 user=0: finished inst
11-26 08:33:47.053: I/ActivityManager(1541): Killing 19252:com.google.android.apps.mtaas.tools/u0a232 (adj 0): stop com.google.android.apps.mtaas.tools
11-26 08:33:47.053: W/Binder(1541): Outgoing transactions from this process must be FLAG_ONEWAY
11-26 08:33:47.053: W/Binder(1541): java.lang.Throwable
11-26 08:33:47.053: W/Binder(1541): 	at android.os.BinderProxy.transact(Binder.java:1116)
11-26 08:33:47.053: W/Binder(1541): 	at android.app.IInstrumentationWatcher$Stub$Proxy.instrumentationFinished(IInstrumentationWatcher.java:164)
11-26 08:33:47.053: W/Binder(1541): 	at com.android.server.am.InstrumentationReporter$MyThread.run(InstrumentationReporter.java:86)
11-26 08:33:47.053: W/libprocessgroup(1541): kill(-19252, 9) failed: No such process
11-26 08:33:47.055: D/AndroidRuntime(19227): Shutting down VM
11-26 08:33:47.062: W/libprocessgroup(1541): kill(-19252, 9) failed: No such process
11-26 08:33:47.071: I/Zygote(539): Process 19252 exited due to signal (9)
11-26 08:33:47.106: W/libprocessgroup(1541): kill(-19252, 9) failed: No such process
11-26 08:33:47.107: I/libprocessgroup(1541): Successfully killed process cgroup uid 10232 pid 19252 in 53ms
11-26 08:33:47.414: V/SettingsProvider(1541): Notifying for 0: content://settings/system/firebase.test.lab
11-26 08:33:48.089: D/AndroidRuntime(19315): >>>>>> START com.android.internal.os.RuntimeInit uid 2000 <<<<<<
11-26 08:33:48.197: I/app_process(19315): The ClassLoaderContext is a special shared library.
11-26 08:33:48.241: E/libc(19315): Access denied finding property "ro.vendor.at_library"
11-26 08:33:48.231: W/main(19315): type=1400 audit(0.0:465): avc: denied { read } for name="u:object_r:vendor_mpctl_prop:s0" dev="tmpfs" ino=17553 scontext=u:r:shell:s0 tcontext=u:object_r:vendor_mpctl_prop:s0 tclass=file permissive=0
11-26 08:33:48.247: D/AndroidRuntime(19315): Calling main entry com.android.commands.input.Input
11-26 08:33:48.249: I/Input(19315): injectKeyEvent: KeyEvent { action=ACTION_DOWN, keyCode=KEYCODE_HOME, scanCode=0, metaState=0, flags=0x0, repeatCount=0, eventTime=5711403, downTime=5711403, deviceId=-1, source=0x101 }
11-26 08:33:48.254: I/Input(19315): injectKeyEvent: KeyEvent { action=ACTION_UP, keyCode=KEYCODE_HOME, scanCode=0, metaState=0, flags=0x0, repeatCount=0, eventTime=5711403, downTime=5711403, deviceId=-1, source=0x101 }
11-26 08:33:48.255: E/ANDR-PERF-MPCTL(622): Invalid profile no. 0, total profiles 0 only
11-26 08:33:48.258: V/StatusBar(1795): mStatusBarWindow: com.android.systemui.statusbar.phone.StatusBarWindowView{308611d V.ED..... ........ 0,0-1080,72} canPanelBeCollapsed(): false
11-26 08:33:48.261: I/ActivityManager(1541): START u0 {act=android.intent.action.MAIN cat=[android.intent.category.HOME] flg=0x10200000 cmp=android/com.android.internal.app.ResolverActivity (has extras)} from uid 1000
11-26 08:33:48.264: D/ActivityTrigger(1541): ActivityTrigger activityPauseTrigger 
11-26 08:33:48.273: I/vol.Events(1795): writeEvent dismiss_dialog volume_controller
11-26 08:33:48.278: D/CompatibilityInfo(1541): mCompatibilityFlags - 0
11-26 08:33:48.278: D/CompatibilityInfo(1541): applicationDensity - 480
11-26 08:33:48.278: D/CompatibilityInfo(1541): applicationScale - 1.0
11-26 08:33:48.281: D/AppNotifierService(626): AppNotifier::notifyStartingApplicationName()
11-26 08:33:48.283: D/AndroidRuntime(19315): Shutting down VM
11-26 08:33:48.387: I/ConfigStore(647): android::hardware::configstore::V1_0::ISurfaceFlingerConfigs::hasHDRDisplay retrieved: 0
11-26 08:33:48.419: I/chatty(647): uid=1000(system) /system/bin/surfaceflinger identical 4 lines
11-26 08:33:48.437: I/ConfigStore(647): android::hardware::configstore::V1_0::ISurfaceFlingerConfigs::hasHDRDisplay retrieved: 0
11-26 08:33:48.437: W/SurfaceFlinger(647): Attempting to set client state on removed layer: SnapshotStartingWindow for taskId=2#0
11-26 08:33:48.437: W/SurfaceFlinger(647): Attempting to destroy on removed layer: SnapshotStartingWindow for taskId=2#0
11-26 08:33:48.437: I/ConfigStore(647): android::hardware::configstore::V1_0::ISurfaceFlingerConfigs::hasHDRDisplay retrieved: 0
11-26 08:33:48.584: I/chatty(647): uid=1000(system) /system/bin/surfaceflinger identical 13 lines
11-26 08:33:48.584: I/ConfigStore(647): android::hardware::configstore::V1_0::ISurfaceFlingerConfigs::hasHDRDisplay retrieved: 0
11-26 08:33:48.652: D/BoundBrokerSvc(12979): onUnbind: Intent { act=com.google.android.gms.nearby.exposurenotification.START dat=chimera-action:com.google.android.gms.nearby.exposurenotification.START cmp=com.google.android.gms/.chimera.PersistentApiService }
11-26 08:33:48.704: D/AppNotifierService(626): AppNotifier::notifyForegroundApplicationName()
11-26 08:33:48.749: I/ConfigStore(647): android::hardware::configstore::V1_0::ISurfaceFlingerConfigs::hasHDRDisplay retrieved: 0
11-26 08:33:48.752: I/chatty(647): uid=1000(system) /system/bin/surfaceflinger identical 2 lines
11-26 08:33:48.752: I/ConfigStore(647): android::hardware::configstore::V1_0::ISurfaceFlingerConfigs::hasHDRDisplay retrieved: 0
11-26 08:33:48.840: D/BoundBrokerSvc(12956): onUnbind: Intent { act=com.google.android.gms.feedback.internal.IFeedbackService dat=chimera-action:com.google.android.gms.feedback.internal.IFeedbackService cmp=com.google.android.gms/.chimera.GmsBoundBrokerService }
11-26 08:33:48.848: D/BoundBrokerSvc(12979): onUnbind: Intent { act=com.google.android.gms.icing.LIGHTWEIGHT_INDEX_SERVICE dat=chimera-action:com.google.android.gms.icing.LIGHTWEIGHT_INDEX_SERVICE cmp=com.google.android.gms/.chimera.PersistentApiService }
11-26 08:33:48.881: D/AndroidRuntime(19336): >>>>>> START com.android.internal.os.RuntimeInit uid 2000 <<<<<<
11-26 08:33:48.993: I/app_process(19336): The ClassLoaderContext is a special shared library.
11-26 08:33:49.031: W/main(19336): type=1400 audit(0.0:466): avc: denied { read } for name="u:object_r:vendor_mpctl_prop:s0" dev="tmpfs" ino=17553 scontext=u:r:shell:s0 tcontext=u:object_r:vendor_mpctl_prop:s0 tclass=file permissive=0
11-26 08:33:49.039: E/libc(19336): Access denied finding property "ro.vendor.at_library"
11-26 08:33:49.045: D/AndroidRuntime(19336): Calling main entry com.android.commands.am.Am
11-26 08:33:49.053: I/ActivityManager(1541): Force stopping com.google.android.apps.mtaas.loginutil appid=10238 user=0: start instr
11-26 08:33:49.071: I/ActivityManager(1541): Start proc 19346:com.google.android.apps.mtaas.loginutil/u0a238 for added application com.google.android.apps.mtaas.loginutil
11-26 08:33:49.080: E/mtaas.loginuti(19346): Not starting debugger since process cannot load the jdwp agent.
11-26 08:33:49.093: D/CompatibilityInfo(1541): mCompatibilityFlags - 1b
11-26 08:33:49.093: D/CompatibilityInfo(1541): applicationDensity - 160
11-26 08:33:49.093: D/CompatibilityInfo(1541): applicationScale - 3.0
11-26 08:33:49.120: I/mtaas.loginuti(19346): The ClassLoaderContext is a special shared library.
11-26 08:33:49.150: I/Perf(19346): Connecting to perf service.
11-26 08:33:49.186: D/NetworkSecurityConfig(19346): No Network Security Config specified, using platform default
11-26 08:33:49.367: D/LoginUtil(19346): Connected to Internet
11-26 08:33:49.402: I/ConfigStore(647): android::hardware::configstore::V1_0::ISurfaceFlingerConfigs::hasHDRDisplay retrieved: 0
11-26 08:33:49.403: I/ConfigStore(647): android::hardware::configstore::V1_0::ISurfaceFlingerConfigs::hasHDRDisplay retrieved: 0
11-26 08:33:49.405: D/LoginUtil(19346): Adding Account {name=YPZWQEPDUBQ3D5YAWP2UBRNGDM-00@cloudtestlabaccounts.com, type=com.google}
11-26 08:33:49.417: I/ConfigStore(647): android::hardware::configstore::V1_0::ISurfaceFlingerConfigs::hasHDRDisplay retrieved: 0
11-26 08:33:49.429: I/ActivityManager(1541): Start proc 19365:com.google.android.apps.auth.test.support/u0a239 for service com.google.android.apps.auth.test.support/.services.AccountService
11-26 08:33:49.418: I/ConfigStore(647): android::hardware::configstore::V1_0::ISurfaceFlingerConfigs::hasHDRDisplay retrieved: 0
11-26 08:33:49.437: E/th.test.suppor(19365): Not starting debugger since process cannot load the jdwp agent.
11-26 08:33:49.449: D/CompatibilityInfo(1541): mCompatibilityFlags - 1b
11-26 08:33:49.450: D/CompatibilityInfo(1541): applicationDensity - 160
11-26 08:33:49.450: D/CompatibilityInfo(1541): applicationScale - 3.0
11-26 08:33:49.452: D/CompatibilityInfo(1541): mCompatibilityFlags - 1b
11-26 08:33:49.453: D/CompatibilityInfo(1541): applicationDensity - 160
11-26 08:33:49.453: D/CompatibilityInfo(1541): applicationScale - 3.0
11-26 08:33:49.473: I/th.test.suppor(19365): The ClassLoaderContext is a special shared library.
11-26 08:33:49.498: I/Perf(19365): Connecting to perf service.
11-26 08:33:49.532: E/ActivityThread(19365): Failed to find provider info for com.google.android.apps.common.testing.services.storage.testargs
11-26 08:33:49.533: W/AuthService(19365): [TestArgsHelper] Error when calling AndroidTestUtil.getTestArgs(). Note that this behavior might be expected.
11-26 08:33:49.554: I/AuthService(19365): [AddAccountOperation] Call GmsCore API.
11-26 08:33:49.559: D/CompatibilityInfo(1541): mCompatibilityFlags - 0
11-26 08:33:49.559: D/CompatibilityInfo(1541): applicationDensity - 480
11-26 08:33:49.559: D/CompatibilityInfo(1541): applicationScale - 1.0
11-26 08:33:49.596: D/CompatibilityInfo(1541): mCompatibilityFlags - 0
11-26 08:33:49.597: D/CompatibilityInfo(1541): applicationDensity - 480
11-26 08:33:49.597: D/CompatibilityInfo(1541): applicationScale - 1.0
11-26 08:33:49.606: I/Auth(12979): [BaseGetTokenFromAuthCodeOperation] Initializing sign-in
11-26 08:33:49.616: D/CompatibilityInfo(1541): mCompatibilityFlags - 0
11-26 08:33:49.616: D/CompatibilityInfo(1541): applicationDensity - 480
11-26 08:33:49.616: D/CompatibilityInfo(1541): applicationScale - 1.0
11-26 08:33:49.627: D/CompatibilityInfo(1541): mCompatibilityFlags - 0
11-26 08:33:49.627: D/CompatibilityInfo(1541): applicationDensity - 480
11-26 08:33:49.627: D/CompatibilityInfo(1541): applicationScale - 1.0
11-26 08:33:49.634: I/ConfigStore(647): android::hardware::configstore::V1_0::ISurfaceFlingerConfigs::hasHDRDisplay retrieved: 0
11-26 08:33:49.636: I/chatty(647): uid=1000(system) /system/bin/surfaceflinger identical 2 lines
11-26 08:33:49.636: I/ConfigStore(647): android::hardware::configstore::V1_0::ISurfaceFlingerConfigs::hasHDRDisplay retrieved: 0
11-26 08:33:49.664: I/Finsky(13645): [2] tus.onStartJob(4): SCH: job service start with id 9128.
11-26 08:33:49.684: I/Finsky(13645): [1189] ttb.a(63): SCH: Satisfied jobs for 9128 are: 12-1
11-26 08:33:49.690: I/Finsky(13645): [1198] tss.accept(50): SCH: Job 12-1 starting
11-26 08:33:49.694: I/Finsky(13645): [2] ContentSyncJob.v(3): [ContentSync] job started
11-26 08:33:49.701: D/CompatibilityInfo(1541): mCompatibilityFlags - 0
11-26 08:33:49.701: D/CompatibilityInfo(1541): applicationDensity - 480
11-26 08:33:49.701: D/CompatibilityInfo(1541): applicationScale - 1.0
11-26 08:33:49.719: I/NetworkScheduler.Stats(12979): Task com.google.android.gms/com.google.android.gms.phenotype.service.sync.PhenotypeConfigurator started execution. cause:4 exec_start_elapsed_seconds: 5712 [CONTEXT service_id=218 ]
11-26 08:33:49.868: I/Finsky(13645): [1200] gnv.i(1): Completed 0 account content syncs with 0 successful.
11-26 08:33:49.869: I/Finsky(13645): [2] ContentSyncJob.a(1): [ContentSync] Installation state replication succeeded.
11-26 08:33:49.869: I/Finsky(13645): [2] tsy.r(4): SCH: jobFinished: 12-1. TimeElapsed: 177ms.
11-26 08:33:49.899: I/Finsky(13645): [1004] tsc.accept(65): SCH: Scheduling phonesky job Id: 1-1337, CT: 1669475158531, Constraints: [{ L: 22317583, D: 65517583, C: 1, I: 1, N: 1 }]
11-26 08:33:49.911: I/Finsky(13645): [1007] tmg.apply(22): SCH: Scheduling 1 system job(s)
11-26 08:33:49.912: I/Finsky(13645): [1007] tmg.apply(28): SCH: Scheduling system job Id: 9130, L: 17046202, D: 60246202, C: false, I: false, N: 1
11-26 08:33:49.924: I/Finsky(13645): [1198] tus.a(16): SCH: job service finished with id 9128.
11-26 08:33:49.940: I/Auth(12979): [BaseGetTokenFromAuthCodeOperation] Fetching token from auth code
11-26 08:33:49.949: D/CompatibilityInfo(1541): mCompatibilityFlags - 0
11-26 08:33:49.949: D/CompatibilityInfo(1541): applicationDensity - 480
11-26 08:33:49.949: D/CompatibilityInfo(1541): applicationScale - 1.0
11-26 08:33:50.045: W/Conscrypt(12979): Could not set socket write timeout: java.net.SocketException: Socket closed
11-26 08:33:50.045: W/Conscrypt(12979): 	at com.google.android.gms.org.conscrypt.Platform.setSocketWriteTimeout(:com.google.android.gms@224212028@22.42.12 (100400-481949630):2)
11-26 08:33:50.045: W/Conscrypt(12979): 	at com.google.android.gms.org.conscrypt.ConscryptFileDescriptorSocket.setSoWriteTimeout(:com.google.android.gms@224212028@22.42.12 (100400-481949630):0)
11-26 08:33:50.069: I/ConfigStore(647): android::hardware::configstore::V1_0::ISurfaceFlingerConfigs::hasHDRDisplay retrieved: 0
11-26 08:33:50.069: I/ConfigStore(647): android::hardware::configstore::V1_0::ISurfaceFlingerConfigs::hasHDRDisplay retrieved: 0
11-26 08:33:50.123: W/Conscrypt(12979): Could not set socket write timeout: java.net.SocketException: Socket closed
11-26 08:33:50.123: W/Conscrypt(12979): 	at com.google.android.gms.org.conscrypt.Platform.setSocketWriteTimeout(:com.google.android.gms@224212028@22.42.12 (100400-481949630):2)
11-26 08:33:50.123: W/Conscrypt(12979): 	at com.google.android.gms.org.conscrypt.ConscryptFileDescriptorSocket.setSoWriteTimeout(:com.google.android.gms@224212028@22.42.12 (100400-481949630):0)
11-26 08:33:50.329: I/Auth(12979): [AddAccountOperation] Handling AddAccountResponse.
11-26 08:33:50.353: I/Auth(12979): [AccountVisibility] Add account explicitly with whitelisted packages 0
11-26 08:33:50.396: D/AccountManagerService(1541): Visibility was not initialized
11-26 08:33:50.400: I/AccountManagerService(1541): the accounts changed, sending broadcast of android.accounts.LOGIN_ACCOUNTS_CHANGED
11-26 08:33:50.423: I/AccountManagerService(1541): the accounts changed, sending broadcast of android.accounts.LOGIN_ACCOUNTS_CHANGED
11-26 08:33:50.426: I/ActivityManager(1541): Start proc 19388:com.google.android.music:main/u0a102 for broadcast com.google.android.music/.AccountsBroadcastReceiver
11-26 08:33:50.440: E/roid.music:mai(19388): Not starting debugger since process cannot load the jdwp agent.
11-26 08:33:50.443: D/CompatibilityInfo(1541): mCompatibilityFlags - 0
11-26 08:33:50.443: D/CompatibilityInfo(1541): applicationDensity - 480
11-26 08:33:50.443: D/CompatibilityInfo(1541): applicationScale - 1.0
11-26 08:33:50.451: I/.gms.persisten(12979): Background concurrent copying GC freed 133939(8MB) AllocSpace objects, 35(1124KB) LOS objects, 50% free, 9MB/19MB, paused 186us total 117.387ms
11-26 08:33:50.462: D/CompatibilityInfo(1541): mCompatibilityFlags - 0
11-26 08:33:50.462: D/CompatibilityInfo(1541): applicationDensity - 480
11-26 08:33:50.462: D/CompatibilityInfo(1541): applicationScale - 1.0
11-26 08:33:50.465: D/CompatibilityInfo(1541): mCompatibilityFlags - 0
11-26 08:33:50.465: D/CompatibilityInfo(1541): applicationDensity - 480
11-26 08:33:50.465: D/CompatibilityInfo(1541): applicationScale - 1.0
11-26 08:33:50.484: I/ConfigStore(647): android::hardware::configstore::V1_0::ISurfaceFlingerConfigs::hasHDRDisplay retrieved: 0
11-26 08:33:50.485: I/chatty(647): uid=1000(system) /system/bin/surfaceflinger identical 1 line
11-26 08:33:50.486: I/ConfigStore(647): android::hardware::configstore::V1_0::ISurfaceFlingerConfigs::hasHDRDisplay retrieved: 0
11-26 08:33:50.486: V/BrightKeepService(1541): changeCurrentStatus old=NoTouchTimeOutState new=NormalState
11-26 08:33:50.487: I/ConfigStore(647): android::hardware::configstore::V1_0::ISurfaceFlingerConfigs::hasHDRDisplay retrieved: 0
11-26 08:33:50.488: I/roid.music:mai(19388): The ClassLoaderContext is a special shared library.
11-26 08:33:50.507: I/Icing(12956): updateResources: need to parse aovf{com.google.android.gms}
11-26 08:33:50.509: D/CompatibilityInfo(1541): mCompatibilityFlags - 0
11-26 08:33:50.509: D/CompatibilityInfo(1541): applicationDensity - 480
11-26 08:33:50.509: D/CompatibilityInfo(1541): applicationScale - 1.0
11-26 08:33:50.520: D/CompatibilityInfo(1541): mCompatibilityFlags - 0
11-26 08:33:50.520: D/CompatibilityInfo(1541): applicationDensity - 480
11-26 08:33:50.520: D/CompatibilityInfo(1541): applicationScale - 1.0
11-26 08:33:50.524: D/CompatibilityInfo(1541): mCompatibilityFlags - 0
11-26 08:33:50.524: D/CompatibilityInfo(1541): applicationDensity - 480
11-26 08:33:50.524: D/CompatibilityInfo(1541): applicationScale - 1.0
11-26 08:33:50.528: D/CompatibilityInfo(1541): mCompatibilityFlags - 0
11-26 08:33:50.528: D/CompatibilityInfo(1541): applicationDensity - 480
11-26 08:33:50.528: D/CompatibilityInfo(1541): applicationScale - 1.0
11-26 08:33:50.532: D/CompatibilityInfo(1541): mCompatibilityFlags - 0
11-26 08:33:50.532: D/CompatibilityInfo(1541): applicationDensity - 480
11-26 08:33:50.532: D/CompatibilityInfo(1541): applicationScale - 1.0
11-26 08:33:50.537: I/roid.music:mai(19388): The ClassLoaderContext is a special shared library.
11-26 08:33:50.538: D/CompatibilityInfo(1541): mCompatibilityFlags - 0
11-26 08:33:50.539: D/CompatibilityInfo(1541): applicationDensity - 480
11-26 08:33:50.539: D/CompatibilityInfo(1541): applicationScale - 1.0
11-26 08:33:50.545: I/Auth(12979): [BroadcastManager] Broadcasting account services changed.
11-26 08:33:50.554: D/CompatibilityInfo(1541): mCompatibilityFlags - 0
11-26 08:33:50.554: D/CompatibilityInfo(1541): applicationDensity - 480
11-26 08:33:50.554: D/CompatibilityInfo(1541): applicationScale - 1.0
11-26 08:33:50.558: D/CompatibilityInfo(1541): mCompatibilityFlags - 0
11-26 08:33:50.558: D/CompatibilityInfo(1541): applicationDensity - 480
11-26 08:33:50.558: D/CompatibilityInfo(1541): applicationScale - 1.0
11-26 08:33:50.560: I/ActivityManager(1541): Start proc 19403:com.google.android.gm/u0a72 for service com.google.android.gm/.provider.MailSyncAdapterService
11-26 08:33:50.566: D/CompatibilityInfo(1541): mCompatibilityFlags - 0
