11-26 08:33:53.118: I/bhge(12979): Scheduling Phenotype for a PhenotypeSyncImmediately(16, com.google.apps.drive.android) one off with window [1, 2] in seconds [CONTEXT service_id=51 ]
11-26 08:33:53.152: I/Auth(12979): [BroadcastManager] Broadcasting account services changed.
11-26 08:33:53.168: W/Auth(12979): [GetTokenResponse] No token found in response, service=oauth2:https://www.googleapis.com/auth/chromeosdevicemanagement https://www.googleapis.com/auth/userinfo.email [CONTEXT service_id=153 ]
11-26 08:33:53.202: I/ConfigStore(647): android::hardware::configstore::V1_0::ISurfaceFlingerConfigs::hasHDRDisplay retrieved: 0
11-26 08:33:53.203: I/chatty(647): uid=1000(system) /system/bin/surfaceflinger identical 1 line
11-26 08:33:53.203: I/ConfigStore(647): android::hardware::configstore::V1_0::ISurfaceFlingerConfigs::hasHDRDisplay retrieved: 0
11-26 08:33:53.205: D/CompatibilityInfo(1541): mCompatibilityFlags - 0
11-26 08:33:53.205: D/CompatibilityInfo(1541): applicationDensity - 480
11-26 08:33:53.205: D/CompatibilityInfo(1541): applicationScale - 1.0
11-26 08:33:53.276: I/Finsky(13645): [1023] jdw.h(2): ApplicationRestrictions: {}
11-26 08:33:53.283: W/Auth(12979): [GetTokenResponse] No token found in response, service=oauth2:https://www.googleapis.com/auth/experimentsandconfigs [CONTEXT service_id=153 ]
11-26 08:33:53.315: I/bhgp(12979): Removed 0 invalid users [CONTEXT service_id=51 ]
11-26 08:33:53.651: I/MusicPreferences(19388): Setting store availability: false
11-26 08:33:53.674: D/CompatibilityInfo(1541): mCompatibilityFlags - 0
11-26 08:33:53.674: D/CompatibilityInfo(1541): applicationDensity - 480
11-26 08:33:53.674: D/CompatibilityInfo(1541): applicationScale - 1.0
11-26 08:33:53.703: I/ActivityManager(1541): Start proc 19782:com.android.email/u0a130 for broadcast com.android.email/.service.EmailBroadcastReceiver
11-26 08:33:53.713: E/m.android.emai(19782): Not starting debugger since process cannot load the jdwp agent.
11-26 08:33:53.725: D/CompatibilityInfo(1541): mCompatibilityFlags - 0
11-26 08:33:53.725: D/CompatibilityInfo(1541): applicationDensity - 480
11-26 08:33:53.725: D/CompatibilityInfo(1541): applicationScale - 1.0
11-26 08:33:53.730: D/CompatibilityInfo(1541): mCompatibilityFlags - 0
11-26 08:33:53.731: D/CompatibilityInfo(1541): applicationDensity - 480
11-26 08:33:53.731: D/CompatibilityInfo(1541): applicationScale - 1.0
11-26 08:33:53.746: I/m.android.emai(19782): The ClassLoaderContext is a special shared library.
11-26 08:33:53.772: I/Perf(19782): Connecting to perf service.
11-26 08:33:53.817: D/ActivityThread(19782): Loading provider com.android.email.provider;com.android.email.notifier;com.android.email.uinotifications: com.android.email.provider.EmailProvider
11-26 08:33:53.817: D/ActivityThread(19782): Loading provider com.android.email.provider;com.android.email.notifier;com.android.email.uinotifications: com.android.email.provider.EmailProvider
11-26 08:33:53.824: I/ActivityManager(1541): Start proc 19806:com.android.exchange/u0a135 for service com.android.exchange/.service.EasService
11-26 08:33:53.824: D/ActivityThread(19782): Loading provider com.android.email.provider;com.android.email.notifier;com.android.email.uinotifications: com.android.email.provider.EmailProvider
11-26 08:33:53.832: E/ndroid.exchang(19806): Not starting debugger since process cannot load the jdwp agent.
11-26 08:33:53.853: D/EmailBroadcastReceiver(19782): Received android.accounts.LOGIN_ACCOUNTS_CHANGED
11-26 08:33:53.857: D/CompatibilityInfo(1541): mCompatibilityFlags - 0
11-26 08:33:53.857: D/CompatibilityInfo(1541): applicationDensity - 480
11-26 08:33:53.857: D/CompatibilityInfo(1541): applicationScale - 1.0
11-26 08:33:53.860: I/Email(19782): System accounts updated.
11-26 08:33:53.862: D/CompatibilityInfo(1541): mCompatibilityFlags - 0
11-26 08:33:53.862: D/CompatibilityInfo(1541): applicationDensity - 480
11-26 08:33:53.862: D/CompatibilityInfo(1541): applicationScale - 1.0
11-26 08:33:53.867: D/CompatibilityInfo(1541): mCompatibilityFlags - 0
11-26 08:33:53.867: D/CompatibilityInfo(1541): applicationDensity - 480
11-26 08:33:53.867: D/CompatibilityInfo(1541): applicationScale - 1.0
11-26 08:33:53.868: D/CompatibilityInfo(1541): mCompatibilityFlags - 0
11-26 08:33:53.868: D/CompatibilityInfo(1541): applicationDensity - 480
11-26 08:33:53.868: D/CompatibilityInfo(1541): applicationScale - 1.0
11-26 08:33:53.883: I/ndroid.exchang(19806): The ClassLoaderContext is a special shared library.
11-26 08:33:53.908: I/Perf(19806): Connecting to perf service.
11-26 08:33:53.983: W/ActivityManager(1541): Unable to start service Intent { cmp=com.android.email/.service.AttachmentService } U=0: not found
11-26 08:33:53.991: W/ActivityManager(1541): Unable to start service Intent { cmp=com.android.email/.service.AttachmentService } U=0: not found
11-26 08:33:53.992: W/ActivityManager(1541): Unable to start service Intent { cmp=com.android.email/.service.AttachmentService } U=0: not found
11-26 08:33:53.995: I/Exchange(19806): Accounts changed - requesting FolderSync for unsynced accounts
11-26 08:33:54.007: W/ActivityManager(1541): Unable to start service Intent { cmp=com.android.email/.service.AttachmentService } U=0: not found
11-26 08:33:54.010: I/Email(19782): Observing account changes for notifications
11-26 08:33:54.011: I/Exchange(19806): PSS has no active accounts; stopping service.
11-26 08:33:54.018: I/ActivityManager(1541): Start proc 19834:com.google.android.apps.photos/u0a68 for broadcast com.google.android.apps.photos/.account.full.RefreshAccountsReceiver
11-26 08:33:54.027: E/oid.apps.photo(19834): Not starting debugger since process cannot load the jdwp agent.
11-26 08:33:54.054: D/CompatibilityInfo(1541): mCompatibilityFlags - 0
11-26 08:33:54.055: D/CompatibilityInfo(1541): applicationDensity - 480
11-26 08:33:54.055: D/CompatibilityInfo(1541): applicationScale - 1.0
11-26 08:33:54.060: D/CompatibilityInfo(1541): mCompatibilityFlags - 0
11-26 08:33:54.060: D/CompatibilityInfo(1541): applicationDensity - 480
11-26 08:33:54.060: D/CompatibilityInfo(1541): applicationScale - 1.0
11-26 08:33:54.095: I/oid.apps.photo(19834): The ClassLoaderContext is a special shared library.
11-26 08:33:54.107: W/oid.apps.photo(19834): JIT profile information will not be recorded: profile file does not exits.
11-26 08:33:54.119: I/Perf(19834): Connecting to perf service.
11-26 08:33:54.400: D/CompatibilityInfo(1541): mCompatibilityFlags - 0
11-26 08:33:54.400: D/CompatibilityInfo(1541): applicationDensity - 480
11-26 08:33:54.400: D/CompatibilityInfo(1541): applicationScale - 1.0
11-26 08:33:54.422: D/CompatibilityInfo(1541): mCompatibilityFlags - 0
11-26 08:33:54.422: D/CompatibilityInfo(1541): applicationDensity - 480
11-26 08:33:54.422: D/CompatibilityInfo(1541): applicationScale - 1.0
11-26 08:33:54.432: I/Icing(12956): IndexChimeraService.getServiceInterface callingPackage=com.google.android.videos componentName=null serviceId=36
11-26 08:33:54.444: W/Icing(12956): Package com.google.android.videos targets Android P and isn't allowed to use AppDataSearch indexing API
11-26 08:33:54.468: W/Icing(12956): No valid account for uploading user actions
11-26 08:33:54.470: D/CompatibilityInfo(1541): mCompatibilityFlags - 0
11-26 08:33:54.470: D/CompatibilityInfo(1541): applicationDensity - 480
11-26 08:33:54.470: D/CompatibilityInfo(1541): applicationScale - 1.0
11-26 08:33:54.478: E/PlayMovies(19416): VideosDataManagerImpl.onTableChanged:107 Couldn't find movies
11-26 08:33:54.496: I/Icing(12956): IndexChimeraService.getServiceInterface callingPackage=com.google.android.videos componentName=null serviceId=36
11-26 08:33:54.496: D/CompatibilityInfo(1541): mCompatibilityFlags - 0
11-26 08:33:54.496: D/CompatibilityInfo(1541): applicationDensity - 480
11-26 08:33:54.496: D/CompatibilityInfo(1541): applicationScale - 1.0
11-26 08:33:54.510: E/PlayMovies(19416): VideosDataManagerImpl.onTableChanged:107 Couldn't find shows
11-26 08:33:54.515: I/Icing(12956): IndexChimeraService.getServiceInterface callingPackage=com.google.android.gms componentName=null serviceId=30
11-26 08:33:54.552: W/droid.apps.doc(19443): Class jzi failed lock verification and will run slower.
11-26 08:33:54.552: W/droid.apps.doc(19443): Common causes for lock verification issues are non-optimized dex code
11-26 08:33:54.552: W/droid.apps.doc(19443): and incorrect proguard optimizations.
11-26 08:33:54.585: I/Icing(12956): Usage reports ok 1, Failed Usage reports 0, indexed 0, rejected 0
11-26 08:33:54.635: I/ConfigStore(647): android::hardware::configstore::V1_0::ISurfaceFlingerConfigs::hasHDRDisplay retrieved: 0
11-26 08:33:54.741: W/Looper(1541): Slow dispatch took 156ms android.ui h=com.android.server.am.ActivityManagerService$UiHandler c=null m=53
11-26 08:33:54.635: I/chatty(647): uid=1000(system) /system/bin/surfaceflinger identical 1 line
11-26 08:33:54.636: I/ConfigStore(647): android::hardware::configstore::V1_0::ISurfaceFlingerConfigs::hasHDRDisplay retrieved: 0
11-26 08:33:54.760: W/Icing(12956): No valid account for uploading user actions
11-26 08:33:54.768: I/PackageManager.DexOptimizer(1541): Running dexopt (dexoptNeeded=1) on: /data/app/appinventor.ai_vicky_kumar.GoogleAccount-nBfgtRWCVACZ1haCr2f9-Q==/base.apk pkg=appinventor.ai_vicky_kumar.GoogleAccount isa=arm64 dexoptFlags=boot_complete,profile_guided,public,enable_hidden_api_checks targetFilter=speed-profile oatDir=/data/app/appinventor.ai_vicky_kumar.GoogleAccount-nBfgtRWCVACZ1haCr2f9-Q==/oat classLoaderContext=PCL[/system/framework/org.apache.http.legacy.boot.jar]
11-26 08:33:54.769: V/installed(769): DexInv: --- BEGIN '/data/app/appinventor.ai_vicky_kumar.GoogleAccount-nBfgtRWCVACZ1haCr2f9-Q==/base.apk' ---
11-26 08:33:54.781: I/Icing(12956): Usage reports ok 0, Failed Usage reports 0, indexed 0, rejected 0
11-26 08:33:54.784: W/DynamiteModule(19443): Local module descriptor class for providerinstaller not found.
11-26 08:33:54.787: W/Icing(12956): No valid account for uploading user actions
11-26 08:33:54.789: W/ProviderHelper(12979): Unknown dynamite feature providerinstaller
11-26 08:33:54.795: W/ProviderInstaller(19443): Failed to load providerinstaller module: No acceptable module found. Local version is 0 and remote version is 0.
11-26 08:33:54.802: I/Icing(12956): Usage reports ok 0, Failed Usage reports 0, indexed 0, rejected 0
11-26 08:33:54.807: I/droid.apps.doc(19443): The ClassLoaderContext is a special shared library.
11-26 08:33:54.809: I/chatty(19443): uid=10076(com.google.android.apps.docs) TaskSchedulerLo identical 1 line
11-26 08:33:54.812: I/droid.apps.doc(19443): The ClassLoaderContext is a special shared library.
11-26 08:33:54.840: V/NativeCrypto(19443): Registering com/google/android/gms/org/conscrypt/NativeCrypto's 295 native methods...
11-26 08:33:54.847: I/dex2oat(19875): /system/bin/dex2oat --input-vdex-fd=-1 --output-vdex-fd=20 --compiler-filter=speed-profile --classpath-dir=/data/app/appinventor.ai_vicky_kumar.GoogleAccount-nBfgtRWCVACZ1haCr2f9-Q== --class-loader-context=PCL[/system/framework/org.apache.http.legacy.boot.jar] --generate-mini-debug-info --compact-dex-level=none --compilation-reason=install
11-26 08:33:54.877: D/NetworkSecurityConfig(19443): No Network Security Config specified, using platform default
11-26 08:33:54.880: I/ProviderInstaller(19443): Installed default security provider GmsCore_OpenSSL
11-26 08:33:54.895: I/PeopleChimeraService(12956): onService. callbacks = asno@d9c9e08, request = com.google.android.gms.common.internal.GetServiceRequest@605e9a1
11-26 08:33:54.914: D/CompatibilityInfo(1541): mCompatibilityFlags - 0
11-26 08:33:54.914: D/CompatibilityInfo(1541): applicationDensity - 480
11-26 08:33:54.914: D/CompatibilityInfo(1541): applicationScale - 1.0
11-26 08:33:54.918: D/BoundBrokerSvc(12956): onBind: Intent { act=com.google.android.gms.mdisync.service.START dat=chimera-action:com.google.android.gms.mdisync.service.START cmp=com.google.android.gms/.chimera.GmsApiService }
11-26 08:33:54.918: D/BoundBrokerSvc(12956): Loading bound service for intent: Intent { act=com.google.android.gms.mdisync.service.START dat=chimera-action:com.google.android.gms.mdisync.service.START cmp=com.google.android.gms/.chimera.GmsApiService }
11-26 08:33:54.929: I/MdiSyncModule(12956): Receiving API connection from package 'com.google.android.gms'...
11-26 08:33:54.930: I/SnapshotHandler(12956): Unable to retrieve flag snapshot for com.google.android.libraries.mdi.sync#com.google.android.gms, using defaults.
11-26 08:33:54.933: I/MdiSyncModule(12956): API connection successful!
11-26 08:33:54.974: I/.gms.persisten(12979): Background concurrent copying GC freed 94131(5MB) AllocSpace objects, 8(1076KB) LOS objects, 50% free, 14MB/29MB, paused 240us total 126.936ms
11-26 08:33:54.986: I/MdiSyncModule(12956): Received request for operation '1' from package 'com.google.android.gms', instance id 'profile-Menagerie', version '1'...
11-26 08:33:54.991: I/GmsCoreXrpcWrapper(12956): Returning a channel provider with trafficStatsTag=22017 trafficStatsUid=-1
11-26 08:33:55.022: I/MdiSyncModule(12956): Operation '1' dispatched!
11-26 08:33:55.022: I/MdiSyncModule(12956): Executing operation '1'...
11-26 08:33:55.210: D/CompatibilityInfo(1541): mCompatibilityFlags - 0
11-26 08:33:55.210: D/CompatibilityInfo(1541): applicationDensity - 480
11-26 08:33:55.210: D/CompatibilityInfo(1541): applicationScale - 1.0
11-26 08:33:55.330: D/CompatibilityInfo(1541): mCompatibilityFlags - 0
11-26 08:33:55.330: D/CompatibilityInfo(1541): applicationDensity - 480
11-26 08:33:55.330: D/CompatibilityInfo(1541): applicationScale - 1.0
11-26 08:33:55.339: W/Auth(12979): [GetTokenResponse] No token found in response, service=oauth2:https://www.googleapis.com/auth/peopleapi.legacy.readwrite https://www.googleapis.com/auth/peopleapi.readonly https://www.googleapis.com/auth/peopleapi.readwrite https://www.googleapis.com/auth/plus.peopleapi.readwrite https://www.googleapis.com/auth/plus.me [CONTEXT service_id=153 ]
11-26 08:33:55.451: I/PeopleChimeraService(12956): onService. callbacks = asno@bd1c4c3, request = com.google.android.gms.common.internal.GetServiceRequest@4166140
11-26 08:33:55.461: I/MdiSyncModule(12956): Received request for operation '1' from package 'com.google.android.gms', instance id 'profile-Menagerie', version '1'...
11-26 08:33:55.462: I/MdiSyncModule(12956): Operation '1' dispatched!
11-26 08:33:55.535: D/MusicLifecycle(19388): com.google.android.music.sync.SyncAdapterService generated event: Service destroyed
11-26 08:33:55.736: I/cr_CronetUrlRequestContext(12956): destroyNativeStreamLocked org.chromium.net.impl.CronetBidirectionalStream@c8b7fa0
11-26 08:33:55.974: I/ActivityManager(1541): Killing 15406:jp.co.sharp.android.bsc/1000 (adj 906): empty #17
11-26 08:33:55.981: W/libprocessgroup(1541): kill(-15406, 9) failed: No such process
11-26 08:33:55.991: I/ActivityManager(1541): Killing 16309:com.android.keychain/1000 (adj 906): empty #17
11-26 08:33:56.016: I/Zygote(539): Process 15406 exited due to signal (9)
11-26 08:33:56.016: W/libprocessgroup(1541): kill(-15406, 9) failed: No such process
11-26 08:33:56.017: I/libprocessgroup(1541): Successfully killed process cgroup uid 1000 pid 15406 in 36ms
11-26 08:33:56.017: W/libprocessgroup(1541): kill(-16309, 9) failed: No such process
11-26 08:33:56.020: I/ActivityManager(1541): Start proc 19899:com.google.android.apps.tachyon/u0a104 for broadcast com.google.android.apps.tachyon/.registration.SystemAccountChangedReceiver
11-26 08:33:56.023: I/Zygote(539): Process 16309 exited due to signal (9)
11-26 08:33:56.030: E/id.apps.tachyo(19899): Not starting debugger since process cannot load the jdwp agent.
11-26 08:33:56.050: D/CompatibilityInfo(1541): mCompatibilityFlags - 0
11-26 08:33:56.050: D/CompatibilityInfo(1541): applicationDensity - 480
11-26 08:33:56.050: D/CompatibilityInfo(1541): applicationScale - 1.0
11-26 08:33:56.054: D/CompatibilityInfo(1541): mCompatibilityFlags - 0
11-26 08:33:56.054: D/CompatibilityInfo(1541): applicationDensity - 480
11-26 08:33:56.054: D/CompatibilityInfo(1541): applicationScale - 1.0
11-26 08:33:56.056: W/libprocessgroup(1541): kill(-16309, 9) failed: No such process
11-26 08:33:56.056: I/libprocessgroup(1541): Successfully killed process cgroup uid 1000 pid 16309 in 39ms
11-26 08:33:56.072: I/id.apps.tachyo(19899): The ClassLoaderContext is a special shared library.
11-26 08:33:56.103: W/id.apps.tachyo(19899): JIT profile information will not be recorded: profile file does not exits.
11-26 08:33:56.115: I/Perf(19899): Connecting to perf service.
11-26 08:33:56.238: I/NetworkManagementSocketTagger(12956): tagSocketFd(-1, 22017, -1) failed with errno-9
11-26 08:33:56.239: I/NetworkManagementSocketTagger(12956): tagSocketFd(-1, 22017, -1) failed with errno-9
11-26 08:33:56.336: W/PrimesInit(19899): Primes instant initialization
11-26 08:33:56.340: I/org.webrtc.Logging(19899): NativeLibrary: Loading native library: jingle_peerconnection_so
11-26 08:33:56.353: W/Primes(19899): background initialization
11-26 08:33:56.361: W/native(19899): commandlineflags.cc:972 Ignoring RegisterValidateFunction() for flag pointer 0x77d3d58f98: no flag found at that address
11-26 08:33:56.399: I/org.webrtc.Logging(19899): PeerConnectionFactory: PeerConnectionFactory was initialized without an injected Loggable. Any existing Loggable will be deleted.
11-26 08:33:56.461: I/PrimesTesting(19899): GserviceFlagsSupplier.get()
11-26 08:33:56.465: D/CompatibilityInfo(1541): mCompatibilityFlags - 0
11-26 08:33:56.465: D/CompatibilityInfo(1541): applicationDensity - 480
11-26 08:33:56.465: D/CompatibilityInfo(1541): applicationScale - 1.0
11-26 08:33:56.551: I/ConfigStore(647): android::hardware::configstore::V1_0::ISurfaceFlingerConfigs::hasHDRDisplay retrieved: 0
11-26 08:33:56.552: I/chatty(647): uid=1000(system) /system/bin/surfaceflinger identical 1 line
11-26 08:33:56.553: I/ConfigStore(647): android::hardware::configstore::V1_0::ISurfaceFlingerConfigs::hasHDRDisplay retrieved: 0
11-26 08:33:56.620: I/FA(19899): App measurement is starting up, version: 14711
11-26 08:33:56.620: I/FA(19899): To enable debug logging run: adb shell setprop log.tag.FA VERBOSE
11-26 08:33:56.620: I/FA(19899): To enable faster debug mode event logging run:
11-26 08:33:56.620: I/FA(19899):   adb shell setprop debug.firebase.analytics.app com.google.android.apps.tachyon
11-26 08:33:56.653: W/FA(19899): Failed to retrieve Firebase Instance Id
11-26 08:33:56.654: D/ConnectivityService(1541): requestNetwork for uid/pid:10104/19899 NetworkRequest [ TRACK_DEFAULT id=101, [ Capabilities: INTERNET&NOT_RESTRICTED&TRUSTED Unwanted:  Uid: 10104] ]
11-26 08:33:56.655: D/Ethernet(1541): got request NetworkRequest [ TRACK_DEFAULT id=101, [ Capabilities: INTERNET&NOT_RESTRICTED&TRUSTED Unwanted:  Uid: 10104] ] with score 60
11-26 08:33:56.656: D/PhoneSwitcherNetworkRequstListener(2042): got request NetworkRequest [ TRACK_DEFAULT id=101, [ Capabilities: INTERNET&NOT_RESTRICTED&TRUSTED Unwanted:  Uid: 10104] ] with score 60
11-26 08:33:56.656: D/PhoneSwitcherNetworkRequstListener(2042): evalRequest()  n.score:mScore=60:101, n.requested=false, n.request=NetworkRequest [ TRACK_DEFAULT id=101, [ Capabilities: INTERNET&NOT_RESTRICTED&TRUSTED Unwanted:  Uid: 10104] ]
11-26 08:33:56.658: D/WIFI(1541): got request NetworkRequest [ TRACK_DEFAULT id=101, [ Capabilities: INTERNET&NOT_RESTRICTED&TRUSTED Unwanted:  Uid: 10104] ] with score 60
11-26 08:33:56.658: D/WIFI(1541): evalRequest()  n.score:mScore=60:60, n.requested=false, n.request=NetworkRequest [ TRACK_DEFAULT id=101, [ Capabilities: INTERNET&NOT_RESTRICTED&TRUSTED Unwanted:  Uid: 10104] ]
11-26 08:33:56.658: D/WIFI_UT(1541): got request NetworkRequest [ TRACK_DEFAULT id=101, [ Capabilities: INTERNET&NOT_RESTRICTED&TRUSTED Unwanted:  Uid: 10104] ] with score 60
11-26 08:33:56.658: D/WIFI_UT(1541): evalRequest()  n.score:mScore=60:2147483647, n.requested=false, n.request=NetworkRequest [ TRACK_DEFAULT id=101, [ Capabilities: INTERNET&NOT_RESTRICTED&TRUSTED Unwanted:  Uid: 10104] ]
11-26 08:33:56.661: D/QcrilMsgTunnelIfaceManager(2386): handleMessage what = 1
11-26 08:33:56.662: I/QcrilOemhookMsgTunnel(2386): [0]invokeOemRilRequestRaw: serial=1099 length=24
11-26 08:33:56.664: I/QcrilOemhookMsgTunnel(2386): [0]processOemHookResponse serial no: 1099 error: 0length=0
11-26 08:33:56.664: D/QcrilMsgTunnelIfaceManager(2386): handleMessage what = 2
11-26 08:33:56.667: I/QcrilOemhookMsgTunnel(2386): [0]processOemHookIndication length=28
11-26 08:33:56.668: D/QcrilMsgTunnelIfaceManager(2386): handleMessage what = 0
11-26 08:33:56.672: D/CompatibilityInfo(1541): mCompatibilityFlags - 0
11-26 08:33:56.672: D/CompatibilityInfo(1541): applicationDensity - 480
11-26 08:33:56.672: D/CompatibilityInfo(1541): applicationScale - 1.0
11-26 08:33:56.677: D/BoundBrokerSvc(12956): onBind: Intent { act=com.google.android.gms.measurement.START pkg=com.google.android.gms }
11-26 08:33:56.677: D/BoundBrokerSvc(12956): Loading bound service for intent: Intent { act=com.google.android.gms.measurement.START pkg=com.google.android.gms }
11-26 08:33:56.679: W/FA(19899): Failed to retrieve Firebase Instance Id
11-26 08:33:56.797: I/MdiSyncModule(12956): Operation '1' completed successfully!
11-26 08:33:56.798: I/MdiSyncModule(12956): Executing operation '1'...
11-26 08:33:56.886: D/CompatibilityInfo(1541): mCompatibilityFlags - 0
11-26 08:33:56.886: D/CompatibilityInfo(1541): applicationDensity - 480
11-26 08:33:56.886: D/CompatibilityInfo(1541): applicationScale - 1.0
11-26 08:33:56.918: D/CompatibilityInfo(1541): mCompatibilityFlags - 0
11-26 08:33:56.918: D/CompatibilityInfo(1541): applicationDensity - 480
11-26 08:33:56.919: D/CompatibilityInfo(1541): applicationScale - 1.0
11-26 08:33:56.970: I/cr_CronetUrlRequestContext(12956): destroyNativeStreamLocked org.chromium.net.impl.CronetBidirectionalStream@63f64b
11-26 08:33:56.998: D/CompatibilityInfo(1541): mCompatibilityFlags - 0
11-26 08:33:56.999: D/CompatibilityInfo(1541): applicationDensity - 480
11-26 08:33:56.999: D/CompatibilityInfo(1541): applicationScale - 1.0
11-26 08:33:57.001: D/CompatibilityInfo(1541): mCompatibilityFlags - 0
11-26 08:33:57.002: D/CompatibilityInfo(1541): applicationDensity - 480
11-26 08:33:57.002: D/CompatibilityInfo(1541): applicationScale - 1.0
11-26 08:33:57.011: D/CompatibilityInfo(1541): mCompatibilityFlags - 0
11-26 08:33:57.011: D/CompatibilityInfo(1541): applicationDensity - 480
11-26 08:33:57.011: D/CompatibilityInfo(1541): applicationScale - 1.0
11-26 08:33:57.023: D/CompatibilityInfo(1541): mCompatibilityFlags - 0
11-26 08:33:57.023: D/CompatibilityInfo(1541): applicationDensity - 480
11-26 08:33:57.023: D/CompatibilityInfo(1541): applicationScale - 1.0
11-26 08:33:57.024: I/ActivityManager(1541): Start proc 19964:android.process.media/u0a31 for content provider com.android.providers.media/.MediaProvider
11-26 08:33:57.024: D/CompatibilityInfo(1541): mCompatibilityFlags - 0
11-26 08:33:57.024: D/CompatibilityInfo(1541): applicationDensity - 480
11-26 08:33:57.024: D/CompatibilityInfo(1541): applicationScale - 1.0
11-26 08:33:57.027: E/d.process.medi(19964): Not starting debugger since process cannot load the jdwp agent.
11-26 08:33:57.035: D/CompatibilityInfo(1541): mCompatibilityFlags - 0
11-26 08:33:57.036: D/CompatibilityInfo(1541): applicationDensity - 480
11-26 08:33:57.036: D/CompatibilityInfo(1541): applicationScale - 1.0
11-26 08:33:57.037: I/dex2oat(19875): Explicit concurrent copying GC freed 16817(4MB) AllocSpace objects, 0(0B) LOS objects, 99% free, 1232B/1537KB, paused 97us total 9.251ms
11-26 08:33:57.047: D/CompatibilityInfo(1541): mCompatibilityFlags - 0
11-26 08:33:57.047: D/CompatibilityInfo(1541): applicationDensity - 480
11-26 08:33:57.047: D/CompatibilityInfo(1541): applicationScale - 1.0
11-26 08:33:57.051: I/ActivityManager(1541): Killing 10959:jp.co.sharp.android.downloadfont/1000 (adj 906): empty #17
11-26 08:33:57.053: W/libprocessgroup(1541): kill(-10959, 9) failed: No such process
11-26 08:33:57.068: I/Zygote(539): Process 10959 exited due to signal (9)
11-26 08:33:57.081: D/CompatibilityInfo(1541): mCompatibilityFlags - 0
11-26 08:33:57.081: D/CompatibilityInfo(1541): applicationDensity - 480
11-26 08:33:57.081: D/CompatibilityInfo(1541): applicationScale - 1.0
11-26 08:33:57.093: I/MdiSyncModule(12956): Operation '1' completed successfully!
11-26 08:33:57.096: W/libprocessgroup(1541): kill(-10959, 9) failed: No such process
11-26 08:33:57.096: I/libprocessgroup(1541): Successfully killed process cgroup uid 1000 pid 10959 in 43ms
11-26 08:33:57.112: D/CompatibilityInfo(1541): mCompatibilityFlags - 0
11-26 08:33:57.112: D/CompatibilityInfo(1541): applicationDensity - 480
11-26 08:33:57.112: D/CompatibilityInfo(1541): applicationScale - 1.0
11-26 08:33:57.259: I/d.process.medi(19964): The ClassLoaderContext is a special shared library.
11-26 08:33:57.275: D/CompatibilityInfo(1541): mCompatibilityFlags - 0
11-26 08:33:57.275: D/CompatibilityInfo(1541): applicationDensity - 480
11-26 08:33:57.275: D/CompatibilityInfo(1541): applicationScale - 1.0
11-26 08:33:57.281: D/CompatibilityInfo(1541): mCompatibilityFlags - 0
11-26 08:33:57.281: D/CompatibilityInfo(1541): applicationDensity - 480
11-26 08:33:57.281: D/CompatibilityInfo(1541): applicationScale - 1.0
11-26 08:33:57.284: I/Perf(19964): Connecting to perf service.
11-26 08:33:57.284: D/CompatibilityInfo(1541): mCompatibilityFlags - 0
11-26 08:33:57.284: D/CompatibilityInfo(1541): applicationDensity - 480
11-26 08:33:57.284: D/CompatibilityInfo(1541): applicationScale - 1.0
11-26 08:33:57.290: D/CompatibilityInfo(1541): mCompatibilityFlags - 0
11-26 08:33:57.290: D/CompatibilityInfo(1541): applicationDensity - 480
11-26 08:33:57.290: D/CompatibilityInfo(1541): applicationScale - 1.0
11-26 08:33:57.296: W/Auth(12979): [GetTokenResponse] No token found in response, service=oauth2:https://www.googleapis.com/auth/emeraldsea.mobileapps.doritos.cookie [CONTEXT service_id=153 ]
11-26 08:33:57.304: D/CompatibilityInfo(1541): mCompatibilityFlags - 0
11-26 08:33:57.304: D/CompatibilityInfo(1541): applicationDensity - 480
11-26 08:33:57.304: D/CompatibilityInfo(1541): applicationScale - 1.0
11-26 08:33:57.308: I/d.process.medi(19964): The ClassLoaderContext is a special shared library.
11-26 08:33:57.310: D/CompatibilityInfo(1541): mCompatibilityFlags - 0
11-26 08:33:57.311: D/CompatibilityInfo(1541): applicationDensity - 480
11-26 08:33:57.311: D/CompatibilityInfo(1541): applicationScale - 1.0
11-26 08:33:57.316: D/CompatibilityInfo(1541): mCompatibilityFlags - 0
11-26 08:33:57.316: D/CompatibilityInfo(1541): applicationDensity - 480
11-26 08:33:57.316: D/CompatibilityInfo(1541): applicationScale - 1.0
11-26 08:33:57.320: D/CompatibilityInfo(1541): mCompatibilityFlags - 0
11-26 08:33:57.320: D/CompatibilityInfo(1541): applicationDensity - 480
11-26 08:33:57.320: D/CompatibilityInfo(1541): applicationScale - 1.0
11-26 08:33:57.324: D/CompatibilityInfo(1541): mCompatibilityFlags - 0
11-26 08:33:57.324: D/CompatibilityInfo(1541): applicationDensity - 480
11-26 08:33:57.324: D/CompatibilityInfo(1541): applicationScale - 1.0
11-26 08:33:57.327: D/CompatibilityInfo(1541): mCompatibilityFlags - 0
11-26 08:33:57.327: D/CompatibilityInfo(1541): applicationDensity - 480
11-26 08:33:57.327: D/CompatibilityInfo(1541): applicationScale - 1.0
11-26 08:33:57.334: D/CompatibilityInfo(1541): mCompatibilityFlags - 0
11-26 08:33:57.334: D/CompatibilityInfo(1541): applicationDensity - 480
11-26 08:33:57.334: D/CompatibilityInfo(1541): applicationScale - 1.0
11-26 08:33:57.335: I/Auth(12979): [BroadcastManager] Broadcasting account change.
11-26 08:33:57.350: D/CompatibilityInfo(1541): mCompatibilityFlags - 0
11-26 08:33:57.350: D/CompatibilityInfo(1541): applicationDensity - 480
11-26 08:33:57.350: D/CompatibilityInfo(1541): applicationScale - 1.0
11-26 08:33:57.354: D/CompatibilityInfo(1541): mCompatibilityFlags - 0
11-26 08:33:57.354: D/CompatibilityInfo(1541): applicationDensity - 480
11-26 08:33:57.354: D/CompatibilityInfo(1541): applicationScale - 1.0
11-26 08:33:57.369: I/GnpSdk(10041): [ChimeBroadcastReceiver] Intent received for action [android.accounts.LOGIN_ACCOUNTS_CHANGED] package [com.google.android.googlequicksearchbox].
11-26 08:33:57.369: I/GnpSdk(10041): [ChimeBroadcastReceiver] Phenotype initialized.
11-26 08:33:57.383: D/MediaProvider(19964): @@@ Default Ringtone is registered. @@@
11-26 08:33:57.383: D/CompatibilityInfo(1541): mCompatibilityFlags - 0
11-26 08:33:57.383: D/CompatibilityInfo(1541): applicationDensity - 480
11-26 08:33:57.383: D/CompatibilityInfo(1541): applicationScale - 1.0
11-26 08:33:57.442: E/GmsConnectionFactory(12956): UID for network attribution might be misset for tag 805306624 [CONTEXT service_id=39 ]
11-26 08:33:57.442: E/GmsConnectionFactory(12956): cnyi: FULL
11-26 08:33:57.442: E/GmsConnectionFactory(12956): 	at aluu.a(:com.google.android.gms@224212028@22.42.12 (100400-481949630):11)
11-26 08:33:57.442: E/GmsConnectionFactory(12956): 	at aokr.c(:com.google.android.gms@224212028@22.42.12 (100400-481949630):8)
11-26 08:33:57.442: E/GmsConnectionFactory(12956): 	at aokr.b(:com.google.android.gms@224212028@22.42.12 (100400-481949630):0)
11-26 08:33:57.442: E/GmsConnectionFactory(12956): 	at abph.a(:com.google.android.gms@224212028@22.42.12 (100400-481949630):0)
11-26 08:33:57.442: E/GmsConnectionFactory(12956): 	at com.google.android.gms.ads.social.c.c(:com.google.android.gms@224212028@22.42.12 (100400-481949630):11)
11-26 08:33:57.442: E/GmsConnectionFactory(12956): 	at com.google.android.gms.ads.social.c.a(:com.google.android.gms@224212028@22.42.12 (100400-481949630):5)
11-26 08:33:57.442: E/GmsConnectionFactory(12956): 	at com.google.android.gms.ads.social.d.c(:com.google.android.gms@224212028@22.42.12 (100400-481949630):1)
11-26 08:33:57.442: E/GmsConnectionFactory(12956): 	at com.google.android.gms.ads.social.f.call(:com.google.android.gms@224212028@22.42.12 (100400-481949630):7)
11-26 08:33:57.442: E/GmsConnectionFactory(12956): 	at croa.a(:com.google.android.gms@224212028@22.42.12 (100400-481949630):0)
11-26 08:33:57.442: E/GmsConnectionFactory(12956): 	at crna.run(:com.google.android.gms@224212028@22.42.12 (100400-481949630):3)
11-26 08:33:57.442: E/GmsConnectionFactory(12956): 	at crob.run(:com.google.android.gms@224212028@22.42.12 (100400-481949630):0)
11-26 08:33:57.442: E/GmsConnectionFactory(12956): 	at abkm.c(:com.google.android.gms@224212028@22.42.12 (100400-481949630):6)
11-26 08:33:57.442: E/GmsConnectionFactory(12956): 	at abkm.run(:com.google.android.gms@224212028@22.42.12 (100400-481949630):7)
11-26 08:33:57.442: E/GmsConnectionFactory(12956): 	at java.util.concurrent.ThreadPoolExecutor.runWorker(ThreadPoolExecutor.java:1167)
11-26 08:33:57.442: E/GmsConnectionFactory(12956): 	at java.util.concurrent.ThreadPoolExecutor$Worker.run(ThreadPoolExecutor.java:641)
11-26 08:33:57.442: E/GmsConnectionFactory(12956): 	at abpr.run(:com.google.android.gms@224212028@22.42.12 (100400-481949630):0)
11-26 08:33:57.442: E/GmsConnectionFactory(12956): 	at java.lang.Thread.run(Thread.java:764)
11-26 08:33:57.450: D/CompatibilityInfo(1541): mCompatibilityFlags - 0
11-26 08:33:57.450: D/CompatibilityInfo(1541): applicationDensity - 480
11-26 08:33:57.450: D/CompatibilityInfo(1541): applicationScale - 1.0
11-26 08:33:57.478: I/PmtsSwAccountIntentOp(12956): Processing intent action=android.accounts.LOGIN_ACCOUNTS_CHANGED
11-26 08:33:57.492: D/CompatibilityInfo(1541): mCompatibilityFlags - 0
11-26 08:33:57.492: D/CompatibilityInfo(1541): applicationDensity - 480
11-26 08:33:57.492: D/CompatibilityInfo(1541): applicationScale - 1.0
11-26 08:33:57.492: W/Conscrypt(12956): Could not set socket write timeout: java.net.SocketException: Socket closed
11-26 08:33:57.497: I/PmtsSwAccountIntentOp(12956): Sw accountsLength=1
11-26 08:33:57.502: W/Conscrypt(12956): 	at com.google.android.gms.org.conscrypt.Platform.setSocketWriteTimeout(:com.google.android.gms@224212028@22.42.12 (100400-481949630):2)
11-26 08:33:57.502: W/Conscrypt(12956): 	at com.google.android.gms.org.conscrypt.ConscryptFileDescriptorSocket.setSoWriteTimeout(:com.google.android.gms@224212028@22.42.12 (100400-481949630):0)
11-26 08:33:57.506: D/CompatibilityInfo(1541): mCompatibilityFlags - 0
11-26 08:33:57.507: D/CompatibilityInfo(1541): applicationDensity - 480
11-26 08:33:57.507: D/CompatibilityInfo(1541): applicationScale - 1.0
11-26 08:33:57.517: D/CompatibilityInfo(1541): mCompatibilityFlags - 0
11-26 08:33:57.517: D/CompatibilityInfo(1541): applicationDensity - 480
11-26 08:33:57.517: D/CompatibilityInfo(1541): applicationScale - 1.0
11-26 08:33:57.648: W/Conscrypt(12956): Could not set socket write timeout: java.net.SocketException: Socket closed
11-26 08:33:57.648: W/Conscrypt(12956): 	at com.google.android.gms.org.conscrypt.Platform.setSocketWriteTimeout(:com.google.android.gms@224212028@22.42.12 (100400-481949630):2)
11-26 08:33:57.648: W/Conscrypt(12956): 	at com.google.android.gms.org.conscrypt.ConscryptFileDescriptorSocket.setSoWriteTimeout(:com.google.android.gms@224212028@22.42.12 (100400-481949630):0)
11-26 08:33:57.650: D/BoundBrokerSvc(12956): onBind: Intent { act=com.google.android.gms.fido.fido2.regular.START dat=chimera-action:com.google.android.gms.fido.fido2.regular.START cmp=com.google.android.gms/.chimera.GmsBoundBrokerService }
11-26 08:33:57.650: D/BoundBrokerSvc(12956): Loading bound service for intent: Intent { act=com.google.android.gms.fido.fido2.regular.START dat=chimera-action:com.google.android.gms.fido.fido2.regular.START cmp=com.google.android.gms/.chimera.GmsBoundBrokerService }
11-26 08:33:57.705: W/Auth(12979): [GetTokenResponse] No token found in response, service=oauth2:https://www.googleapis.com/auth/cryptauth [CONTEXT service_id=153 ]
11-26 08:33:57.708: D/BoundBrokerSvc(12956): onBind: Intent { act=com.google.android.gms.ocr.service.START dat=chimera-action:com.google.android.gms.ocr.service.START cmp=com.google.android.gms/.chimera.GmsApiService }
11-26 08:33:57.708: D/BoundBrokerSvc(12956): Loading bound service for intent: Intent { act=com.google.android.gms.ocr.service.START dat=chimera-action:com.google.android.gms.ocr.service.START cmp=com.google.android.gms/.chimera.GmsApiService }
11-26 08:33:57.727: I/system_server(1541): Background concurrent copying GC freed 438845(15MB) AllocSpace objects, 39(1640KB) LOS objects, 42% free, 21MB/38MB, paused 298us total 294.156ms
11-26 08:33:57.730: I/ExtendedUtils(775): printFileName fd(10) -> /storage/emulated/0/Minetest/games/minetest_game/mods/vehicles/sounds/shot.ogg
11-26 08:33:57.737: D/BoundBrokerSvc(12979): onUnbind: Intent { act=com.google.android.contextmanager.service.ContextManagerService.START pkg=com.google.android.gms }
11-26 08:33:57.745: E/MediaExtractorFactory(773): MediaExtractorFactory::CreateFromService (null)
11-26 08:33:57.749: I/GnpSdk(10041): [ChimeBroadcastReceiver] Validation OK for action [android.accounts.LOGIN_ACCOUNTS_CHANGED].
11-26 08:33:57.768: I/GnpSdk(10041): [ChimeExecutorApiImpl-Tiktok] Submitting Broadcast execution [218110700] to tiktok executor.
11-26 08:33:57.772: I/BgTaskExecutorImpl(10041): (REDACTED) Starting %s background task %s.
11-26 08:33:57.780: I/GnpSdk(10041): [ChimeBroadcastReceiver] Executing action in BroadcastReceiver [android.accounts.LOGIN_ACCOUNTS_CHANGED].
11-26 08:33:57.787: E/MediaExtractorFactory(773): mm.disable.flac.wa = 0
11-26 08:33:57.787: E/MediaExtractorFactory(773): mm.disable.invalid.flac.wa = 0
11-26 08:33:57.787: E/MediaExtractorFactory(773): mm.disable.mp4.wa = 0
11-26 08:33:57.791: E/PhoneInterfaceManager(2042): [PhoneIntfMgr] getIccId: No UICC
11-26 08:33:57.798: I/gle.android.gm(12956): Background concurrent copying GC freed 96921(5MB) AllocSpace objects, 60(3MB) LOS objects, 49% free, 9MB/19MB, paused 180us total 228.572ms
11-26 08:33:57.801: W/DynamiteModule(12956): Local module descriptor class for com.google.android.gms.vision.dynamite.ocr not found.
11-26 08:33:57.803: D/CompatibilityInfo(1541): mCompatibilityFlags - 0
11-26 08:33:57.803: D/CompatibilityInfo(1541): applicationDensity - 480
11-26 08:33:57.803: D/CompatibilityInfo(1541): applicationScale - 1.0
11-26 08:33:57.803: I/dex2oat(19875): dex2oat took 2.960s (5.830s cpu) (threads: 8) arena alloc=456KB (467848B) java alloc=17KB (17616B) native alloc=7MB (7593184B) free=3MB (3416864B)
11-26 08:33:57.803: W/System(12956): A resource failed to call close. 
11-26 08:33:57.803: I/chatty(12956): uid=10037(com.google.android.gms) FinalizerDaemon identical 3 lines
11-26 08:33:57.803: W/System(12956): A resource failed to call close. 
11-26 08:33:57.804: W/ProviderHelper(12956): Unknown dynamite feature vision.dynamite.ocr
11-26 08:33:57.806: I/DynamiteModule(12956): Considering local module com.google.android.gms.vision.dynamite.ocr:0 and remote module com.google.android.gms.vision.dynamite.ocr:0
11-26 08:33:57.814: I/DynamiteModule(12956): Considering local module com.google.android.gms.vision.ocr:0 and remote module com.google.android.gms.vision.ocr:1
11-26 08:33:57.816: I/earchbox:searc(10041): Waiting for a blocking GC ProfileSaver
11-26 08:33:57.817: E/OggExtractor(773): new OggExtractor()
11-26 08:33:57.817: D/TelephonyProvider(2042): subIdString = 2147483643 subId = 2147483643
11-26 08:33:57.817: D/TelephonyProvider(2042): getPreferredApnIdFromApn: for subId 2147483643
11-26 08:33:57.818: I/DynamiteModule(12956): Selected remote version of com.google.android.gms.vision.ocr, version >= 1
11-26 08:33:57.827: W/gle.android.gm(12956): Unsupported class loader
11-26 08:33:57.828: E/MediaExtractorFactory(773): Created an extractor 'OggExtractor' with confidence 0.20
11-26 08:33:57.835: W/gle.android.gm(12956): Skipping duplicate class check due to unsupported classloader
11-26 08:33:57.860: I/Search.LoginHelperImpl(10041): #refresh()
11-26 08:33:57.863: I/Search.LoginHelperImpl(10041): Getting accounts.
11-26 08:33:57.871: I/ExtendedUtils(775): printFileName fd(10) -> /storage/emulated/0/Minetest/games/minetest_game/mods/tnt/sounds/tnt_gunpowder_burning.ogg
11-26 08:33:57.873: D/CompatibilityInfo(1541): mCompatibilityFlags - 0
11-26 08:33:57.873: D/CompatibilityInfo(1541): applicationDensity - 480
11-26 08:33:57.873: D/CompatibilityInfo(1541): applicationScale - 1.0
11-26 08:33:57.874: E/MediaExtractorFactory(773): MediaExtractorFactory::CreateFromService (null)
11-26 08:33:57.876: D/BoundBrokerSvc(12956): onBind: Intent { act=com.google.android.gms.ocr.service.internal.START dat=chimera-action:com.google.android.gms.ocr.service.internal.START cmp=com.google.android.gms/.chimera.GmsInternalApiService }
11-26 08:33:57.876: D/BoundBrokerSvc(12956): Loading bound service for intent: Intent { act=com.google.android.gms.ocr.service.internal.START dat=chimera-action:com.google.android.gms.ocr.service.internal.START cmp=com.google.android.gms/.chimera.GmsInternalApiService }
11-26 08:33:57.877: D/CompatibilityInfo(1541): mCompatibilityFlags - 0
11-26 08:33:57.877: D/CompatibilityInfo(1541): applicationDensity - 480
11-26 08:33:57.877: D/CompatibilityInfo(1541): applicationScale - 1.0
11-26 08:33:57.880: I/GnpSdk(10041): [ChimeExecutorApiImpl-Tiktok] Finished Broadcast execution [218110700].
11-26 08:33:57.880: V/installed(769): DexInv: --- END '/data/app/appinventor.ai_vicky_kumar.GoogleAccount-nBfgtRWCVACZ1haCr2f9-Q==/base.apk' (success) ---
11-26 08:33:57.885: D/CompatibilityInfo(1541): mCompatibilityFlags - 0
11-26 08:33:57.885: E/MediaExtractorFactory(773): mm.disable.flac.wa = 0
11-26 08:33:57.885: E/MediaExtractorFactory(773): mm.disable.invalid.flac.wa = 0
11-26 08:33:57.885: E/MediaExtractorFactory(773): mm.disable.mp4.wa = 0
11-26 08:33:57.885: D/CompatibilityInfo(1541): applicationDensity - 480
11-26 08:33:57.885: D/CompatibilityInfo(1541): applicationScale - 1.0
11-26 08:33:57.897: E/OggExtractor(773): new OggExtractor()
11-26 08:33:57.901: E/MediaExtractorFactory(773): Created an extractor 'OggExtractor' with confidence 0.20
11-26 08:33:57.917: D/vold(521): Remounting 10248 as mode read
11-26 08:33:57.929: I/Finsky(13645): [1099] zue.e(8): Package com.google.android.gms is verified.
11-26 08:33:57.929: I/Finsky(13645): [ 11-26 08:33:57.932   769: 1662 E/         ]
11-26 08:33:57.929: I/Finsky(13645): Couldn't opendir /data/app/vmdl789356839.tmp: No such file or directory
11-26 08:33:57.932: E/installd(769): Failed to delete /data/app/vmdl789356839.tmp: No such file or directory
11-26 08:33:57.942: I/GnssLocationProvider(1541): WakeLock acquired by sendMessage(SET_REQUEST, 0, com.android.server.location.GnssLocationProvider$GpsRequest@7dfa0fe)
11-26 08:33:57.945: I/GnssLocationProvider(1541): WakeLock released by handleMessage(SET_REQUEST, 0, com.android.server.location.GnssLocationProvider$GpsRequest@7dfa0fe)
11-26 08:33:57.954: I/ExtendedUtils(775): printFileName fd(10) -> /storage/emulated/0/Minetest/games/minetest_game/mods/mobs_animal/sounds/mobs_panda.ogg
11-26 08:33:57.959: W/FA-SVC(12956): Service response is missing Install Referrer install timestamp
11-26 08:33:57.960: E/MediaExtractorFactory(773): MediaExtractorFactory::CreateFromService (null)
11-26 08:33:57.969: E/MediaExtractorFactory(773): mm.disable.flac.wa = 0
11-26 08:33:57.969: E/MediaExtractorFactory(773): mm.disable.invalid.flac.wa = 0
11-26 08:33:57.969: E/MediaExtractorFactory(773): mm.disable.mp4.wa = 0
11-26 08:33:57.977: E/bhec(12979): Phenotype API error. Event # dfxn@7202bab, EventCode: 5 [CONTEXT service_id=51 ]
11-26 08:33:57.977: E/bhec(12979): bhde: 29501: Stale snapshot for com.google.android.libraries.notifications#com.google.android.googlequicksearchbox(change count changed - expected 3  but was 2)
11-26 08:33:57.977: E/bhec(12979): 	at bheh.b(:com.google.android.gms@224212028@22.42.12 (100400-481949630):14)
11-26 08:33:57.977: E/bhec(12979): 	at bhef.g(:com.google.android.gms@224212028@22.42.12 (100400-481949630):0)
11-26 08:33:57.977: E/bhec(12979): 	at bhec.e(:com.google.android.gms@224212028@22.42.12 (100400-481949630):4)
11-26 08:33:57.977: E/bhec(12979): 	at bhec.f(:com.google.android.gms@224212028@22.42.12 (100400-481949630):2)
11-26 08:33:57.977: E/bhec(12979): 	at asnn.er(:com.google.android.gms@224212028@22.42.12 (100400-481949630):1)
11-26 08:33:57.977: E/bhec(12979): 	at asnt.run(:com.google.android.gms@224212028@22.42.12 (100400-481949630):12)
11-26 08:33:57.977: E/bhec(12979): 	at clnb.run(:com.google.android.gms@224212028@22.42.12 (100400-481949630):2)
11-26 08:33:57.977: E/bhec(12979): 	at abkm.c(:com.google.android.gms@224212028@22.42.12 (100400-481949630):6)
11-26 08:33:57.977: E/bhec(12979): 	at abkm.run(:com.google.android.gms@224212028@22.42.12 (100400-481949630):7)
11-26 08:33:57.977: E/bhec(12979): 	at java.util.concurrent.ThreadPoolExecutor.runWorker(ThreadPoolExecutor.java:1167)
11-26 08:33:57.977: E/bhec(12979): 	at java.util.concurrent.ThreadPoolExecutor$Worker.run(ThreadPoolExecutor.java:641)
11-26 08:33:57.977: E/bhec(12979): 	at abpr.run(:com.google.android.gms@224212028@22.42.12 (100400-481949630):0)
11-26 08:33:57.977: E/bhec(12979): 	at java.lang.Thread.run(Thread.java:764)
11-26 08:33:57.979: W/AsyncOperation(12979): operation=CommitToConfigurationOperationCall, opStatusCode=29501 [CONTEXT service_id=51 ]
11-26 08:33:57.979: W/AsyncOperation(12979): OperationException[Status{statusCode=Stale snapshot for com.google.android.libraries.notifications#com.google.android.googlequicksearchbox(change count changed - expected 3  but was 2), resolution=null}]
11-26 08:33:57.979: W/AsyncOperation(12979): 	at bhec.e(:com.google.android.gms@224212028@22.42.12 (100400-481949630):6)
11-26 08:33:57.979: W/AsyncOperation(12979): 	at bhec.f(:com.google.android.gms@224212028@22.42.12 (100400-481949630):2)
11-26 08:33:57.979: W/AsyncOperation(12979): 	at asnn.er(:com.google.android.gms@224212028@22.42.12 (100400-481949630):1)
11-26 08:33:57.979: W/AsyncOperation(12979): 	at asnt.run(:com.google.android.gms@224212028@22.42.12 (100400-481949630):12)
11-26 08:33:57.979: W/AsyncOperation(12979): 	at clnb.run(:com.google.android.gms@224212028@22.42.12 (100400-481949630):2)
11-26 08:33:57.979: W/AsyncOperation(12979): 	at abkm.c(:com.google.android.gms@224212028@22.42.12 (100400-481949630):6)
11-26 08:33:57.979: W/AsyncOperation(12979): 	at abkm.run(:com.google.android.gms@224212028@22.42.12 (100400-481949630):7)
11-26 08:33:57.979: W/AsyncOperation(12979): 	at java.util.concurrent.ThreadPoolExecutor.runWorker(ThreadPoolExecutor.java:1167)
11-26 08:33:57.979: W/AsyncOperation(12979): 	at java.util.concurrent.ThreadPoolExecutor$Worker.run(ThreadPoolExecutor.java:641)
11-26 08:33:57.979: W/AsyncOperation(12979): 	at abpr.run(:com.google.android.gms@224212028@22.42.12 (100400-481949630):0)
11-26 08:33:57.979: W/AsyncOperation(12979): 	at java.lang.Thread.run(Thread.java:764)
11-26 08:33:57.982: E/OggExtractor(773): new OggExtractor()
11-26 08:33:57.986: E/MediaExtractorFactory(773): Created an extractor 'OggExtractor' with confidence 0.20
11-26 08:33:57.990: I/A(10041): Geller initializer successfully triggered.
11-26 08:33:57.998: E/ApduServiceInfo(2518): Not adding <aid-group> with empty or invalid AIDs
11-26 08:33:58.001: E/ApduServiceInfo(2518): Not adding <aid-group> with empty or invalid AIDs
11-26 08:33:58.005: E/bhec(12979): Phenotype API error. Event # dfxn@f1ae253d, EventCode: 5 [CONTEXT service_id=51 ]
11-26 08:33:58.005: E/bhec(12979): bhde: 29501: Stale snapshot for com.google.android.libraries.notifications.platform#com.google.android.googlequicksearchbox(change count changed - expected 3  but was 2)
11-26 08:33:58.005: E/bhec(12979): 	at bheh.b(:com.google.android.gms@224212028@22.42.12 (100400-481949630):14)
11-26 08:33:58.005: E/bhec(12979): 	at bhef.g(:com.google.android.gms@224212028@22.42.12 (100400-481949630):0)
11-26 08:33:58.005: E/bhec(12979): 	at bhec.e(:com.google.android.gms@224212028@22.42.12 (100400-481949630):4)
11-26 08:33:58.005: E/bhec(12979): 	at bhec.f(:com.google.android.gms@224212028@22.42.12 (100400-481949630):2)
11-26 08:33:58.005: E/bhec(12979): 	at asnn.er(:com.google.android.gms@224212028@22.42.12 (100400-481949630):1)
11-26 08:33:58.005: E/bhec(12979): 	at asnt.run(:com.google.android.gms@224212028@22.42.12 (100400-481949630):12)
11-26 08:33:58.005: E/bhec(12979): 	at clnb.run(:com.google.android.gms@224212028@22.42.12 (100400-481949630):2)
11-26 08:33:58.005: E/bhec(12979): 	at abkm.c(:com.google.android.gms@224212028@22.42.12 (100400-481949630):6)
11-26 08:33:58.005: E/bhec(12979): 	at abkm.run(:com.google.android.gms@224212028@22.42.12 (100400-481949630):7)
11-26 08:33:58.005: E/bhec(12979): 	at java.util.concurrent.ThreadPoolExecutor.runWorker(ThreadPoolExecutor.java:1167)
11-26 08:33:58.005: E/bhec(12979): 	at java.util.concurrent.ThreadPoolExecutor$Worker.run(ThreadPoolExecutor.java:641)
11-26 08:33:58.005: E/bhec(12979): 	at abpr.run(:com.google.android.gms@224212028@22.42.12 (100400-481949630):0)
11-26 08:33:58.005: E/bhec(12979): 	at java.lang.Thread.run(Thread.java:764)
11-26 08:33:58.007: W/AsyncOperation(12979): operation=CommitToConfigurationOperationCall, opStatusCode=29501 [CONTEXT service_id=51 ]
11-26 08:33:58.007: W/AsyncOperation(12979): OperationException[Status{statusCode=Stale snapshot for com.google.android.libraries.notifications.platform#com.google.android.googlequicksearchbox(change count changed - expected 3  but was 2), resolution=null}]
11-26 08:33:58.007: W/AsyncOperation(12979): 	at bhec.e(:com.google.android.gms@224212028@22.42.12 (100400-481949630):6)
11-26 08:33:58.007: W/AsyncOperation(12979): 	at bhec.f(:com.google.android.gms@224212028@22.42.12 (100400-481949630):2)
11-26 08:33:58.007: W/AsyncOperation(12979): 	at asnn.er(:com.google.android.gms@224212028@22.42.12 (100400-481949630):1)
11-26 08:33:58.007: W/AsyncOperation(12979): 	at asnt.run(:com.google.android.gms@224212028@22.42.12 (100400-481949630):12)
11-26 08:33:58.007: W/AsyncOperation(12979): 	at clnb.run(:com.google.android.gms@224212028@22.42.12 (100400-481949630):2)
11-26 08:33:58.007: W/AsyncOperation(12979): 	at abkm.c(:com.google.android.gms@224212028@22.42.12 (100400-481949630):6)
11-26 08:33:58.007: W/AsyncOperation(12979): 	at abkm.run(:com.google.android.gms@224212028@22.42.12 (100400-481949630):7)
11-26 08:33:58.007: W/AsyncOperation(12979): 	at java.util.concurrent.ThreadPoolExecutor.runWorker(ThreadPoolExecutor.java:1167)
11-26 08:33:58.007: W/AsyncOperation(12979): 	at java.util.concurrent.ThreadPoolExecutor$Worker.run(ThreadPoolExecutor.java:641)
11-26 08:33:58.007: W/AsyncOperation(12979): 	at abpr.run(:com.google.android.gms@224212028@22.42.12 (100400-481949630):0)
11-26 08:33:58.007: W/AsyncOperation(12979): 	at java.lang.Thread.run(Thread.java:764)
11-26 08:33:58.010: I/TrainingCacheConnection(10041): onAccountChanged()
11-26 08:33:58.012: D/CompatibilityInfo(1541): mCompatibilityFlags - 0
11-26 08:33:58.013: D/CompatibilityInfo(1541): applicationDensity - 480
11-26 08:33:58.013: D/CompatibilityInfo(1541): applicationScale - 1.0
11-26 08:33:58.014: D/DhceThreadData(2518): DHCE01 [result] PACKAGE_INTENT/t=2 f=0x0 st=129 cf=1 cm=0 i1_1=0 r13=-1 us=0 ui=0 da=null
11-26 08:33:58.017: D/RegisteredNfcFServicesCache(2518): Service unchanged, not updating
11-26 08:33:58.030: I/earchbox:searc(10041): WaitForGcToComplete blocked ProfileSaver on HeapTrim for 214.085ms
11-26 08:33:58.031: E/PhoneInterfaceManager(2042): [PhoneIntfMgr] getCarrierPackageNamesForIntent: No UICC
11-26 08:33:58.031: D/CarrierSvcBindHelper(2042): No carrier app for: 0
11-26 08:33:58.031: D/ImsResolver(2042): maybeAddedImsService, packageName: com.google.android.gms
11-26 08:33:58.037: D/CompatibilityInfo(1541): mCompatibilityFlags - 0
11-26 08:33:58.037: D/CompatibilityInfo(1541): applicationDensity - 480
11-26 08:33:58.037: D/CompatibilityInfo(1541): applicationScale - 1.0
