11-26 08:33:30.633: D/CompatibilityInfo(1541): mCompatibilityFlags - 0
11-26 08:33:30.633: D/CompatibilityInfo(1541): applicationDensity - 480
11-26 08:33:30.633: D/CompatibilityInfo(1541): applicationScale - 1.0
11-26 08:33:30.942: I/PackageManager.DexOptimizer(1541): Running dexopt (dexoptNeeded=1) on: /data/app/com.google.android.gms.policy_test_support--VTdWjB8tibTQIl_AE_WWw==/base.apk pkg=com.google.android.gms.policy_test_support isa=arm64 dexoptFlags=boot_complete,profile_guided,public,enable_hidden_api_checks targetFilter=speed-profile oatDir=/data/app/com.google.android.gms.policy_test_support--VTdWjB8tibTQIl_AE_WWw==/oat classLoaderContext=PCL[]
11-26 08:33:30.943: V/installed(769): DexInv: --- BEGIN '/data/app/com.google.android.gms.policy_test_support--VTdWjB8tibTQIl_AE_WWw==/base.apk' ---
11-26 08:33:31.131: I/dex2oat(19010): /system/bin/dex2oat --input-vdex-fd=-1 --output-vdex-fd=20 --compiler-filter=speed-profile --classpath-dir=/data/app/com.google.android.gms.policy_test_support--VTdWjB8tibTQIl_AE_WWw== --class-loader-context=PCL[] --generate-mini-debug-info --compact-dex-level=none --compilation-reason=install
11-26 08:33:31.415: W/dex2oat(19010): Accessing hidden method Landroid/content/pm/IPackageManager;->freeStorage(Ljava/lang/String;JILandroid/content/IntentSender;)V (dark greylist, linking)
11-26 08:33:31.900: W/dex2oat(19010): Accessing hidden method Landroid/content/pm/IPackageManager;->freeStorage(Ljava/lang/String;JILandroid/content/IntentSender;)V (dark greylist, linking)
11-26 08:33:31.982: I/dex2oat(19010): Explicit concurrent copying GC freed 13049(1846KB) AllocSpace objects, 0(0B) LOS objects, 99% free, 728B/1536KB, paused 91us total 7.704ms
11-26 08:33:32.357: I/dex2oat(19010): dex2oat took 1.233s (2.281s cpu) (threads: 8) arena alloc=29KB (30504B) java alloc=16KB (17112B) native alloc=3MB (3563544B) free=3MB (3252200B)
11-26 08:33:32.369: V/installed(769): DexInv: --- END '/data/app/com.google.android.gms.policy_test_support--VTdWjB8tibTQIl_AE_WWw==/base.apk' (success) ---
11-26 08:33:32.369: V/installed(769): [ 11-26 08:33:32.373   769: 1662 E/         ]
11-26 08:33:32.369: V/installed(769): Couldn't opendir /data/app/vmdl1157926388.tmp: No such file or directory
11-26 08:33:32.374: E/installd(769): Failed to delete /data/app/vmdl1157926388.tmp: No such file or directory
11-26 08:33:32.380: D/CompatibilityInfo(1541): mCompatibilityFlags - 0
11-26 08:33:32.380: D/CompatibilityInfo(1541): applicationDensity - 480
11-26 08:33:32.380: D/CompatibilityInfo(1541): applicationScale - 1.0
11-26 08:33:32.385: D/ImsResolver(2042): maybeAddedImsService, packageName: com.google.android.gms.policy_test_support
11-26 08:33:32.393: W/BroadcastQueue(1541): Background execution not allowed: receiving Intent { act=android.intent.action.PACKAGE_ADDED dat=package:com.google.android.gms.policy_test_support flg=0x4000010 (has extras) } to com.android.musicfx/.Compatibility$Receiver
11-26 08:33:32.393: W/BroadcastQueue(1541): Background execution not allowed: receiving Intent { act=android.intent.action.PACKAGE_ADDED dat=package:com.google.android.gms.policy_test_support flg=0x4000010 (has extras) } to com.android.vending/com.google.android.finsky.packagemonitor.impl.PackageMonitorReceiverImpl$RegisteredReceiver
11-26 08:33:32.394: W/BroadcastQueue(1541): Background execution not allowed: receiving Intent { act=android.intent.action.PACKAGE_ADDED dat=package:com.google.android.gms.policy_test_support flg=0x4000010 (has extras) } to com.facebook.appmanager/com.facebook.oxygen.common.packages.event.manifest.ManifestPackageEventReceiver
11-26 08:33:32.394: W/BroadcastQueue(1541): Background execution not allowed: receiving Intent { act=android.intent.action.PACKAGE_ADDED dat=package:com.google.android.gms.policy_test_support flg=0x4000010 (has extras) } to com.google.android.gms/.games.chimera.GamesSystemBroadcastReceiverProxy
11-26 08:33:32.394: W/BroadcastQueue(1541): Background execution not allowed: receiving Intent { act=android.intent.action.PACKAGE_ADDED dat=package:com.google.android.gms.policy_test_support flg=0x4000010 (has extras) } to com.google.android.gms/.gass.chimera.PackageChangeBroadcastReceiver
11-26 08:33:32.394: W/BroadcastQueue(1541): Background execution not allowed: receiving Intent { act=android.intent.action.PACKAGE_ADDED dat=package:com.google.android.gms.policy_test_support flg=0x4000010 (has extras) } to com.google.android.gms/.chimera.GmsIntentOperationService$PersistentTrustedReceiver
11-26 08:33:32.394: W/BroadcastQueue(1541): Background execution not allowed: receiving Intent { act=android.intent.action.PACKAGE_ADDED dat=package:com.google.android.gms.policy_test_support flg=0x4000010 (has extras) } to com.google.android.googlequicksearchbox/com.google.android.apps.gsa.googlequicksearchbox.GelStubAppWatcher
11-26 08:33:32.394: W/BroadcastQueue(1541): Background execution not allowed: receiving Intent { act=android.intent.action.PACKAGE_ADDED dat=package:com.google.android.gms.policy_test_support flg=0x4000010 (has extras) } to com.nextbit.app/.service.ApplicationInfoHandler$PackageReceiver
11-26 08:33:32.394: W/BroadcastQueue(1541): Background execution not allowed: receiving Intent { act=android.intent.action.PACKAGE_ADDED dat=package:com.google.android.gms.policy_test_support flg=0x4000010 (has extras) } to com.nttdocomo.android.bugreport/.th
11-26 08:33:32.394: W/BroadcastQueue(1541): Background execution not allowed: receiving Intent { act=android.intent.action.PACKAGE_ADDED dat=package:com.google.android.gms.policy_test_support flg=0x4000010 (has extras) } to com.nttdocomo.android.bugreport/.rb
11-26 08:33:32.394: W/BroadcastQueue(1541): Background execution not allowed: receiving Intent { act=android.intent.action.PACKAGE_ADDED dat=package:com.google.android.gms.policy_test_support flg=0x4000010 (has extras) } to com.nttdocomo.android.cloudset/.t5
11-26 08:33:32.395: W/BroadcastQueue(1541): Background execution not allowed: receiving Intent { act=android.intent.action.PACKAGE_ADDED dat=package:com.google.android.gms.policy_test_support flg=0x4000010 (has extras) } to jp.co.sharp.android.iwnnime.ml/.NewWordDictionaryReceiver
11-26 08:33:32.396: I/Finsky(13645): [2] rbx.i(0): PackageMonitorReceiverImpl - Received: android.intent.action.PACKAGE_ADDED, [TAsD3pqu7qg-JZYPvpWmQGEwsDQ0NnuVQpcaQGQjJQU]
11-26 08:33:32.397: I/Finsky(13645): [2] rcn.n(8): Invalidating cached PackageState for com.google.android.gms.policy_test_support
11-26 08:33:32.395: W/BroadcastQueue(1541): Background execution not allowed: receiving Intent { act=android.intent.action.PACKAGE_ADDED dat=package:com.google.android.gms.policy_test_support flg=0x4000010 (has extras) } to jp.co.sharp.android.mobileselectstarter/.BootCompletedReceiver
11-26 08:33:32.399: I/GsaVoiceInteractionSrv(2504): (REDACTED) O received %s
11-26 08:33:32.412: D/CompatibilityInfo(1541): mCompatibilityFlags - 0
11-26 08:33:32.412: D/CompatibilityInfo(1541): applicationDensity - 480
11-26 08:33:32.412: D/CompatibilityInfo(1541): applicationScale - 1.0
11-26 08:33:32.414: D/CompatibilityInfo(1541): mCompatibilityFlags - 10
11-26 08:33:32.414: D/CompatibilityInfo(1541): applicationDensity - 480
11-26 08:33:32.414: D/CompatibilityInfo(1541): applicationScale - 1.0
11-26 08:33:32.421: D/CompatibilityInfo(1541): mCompatibilityFlags - 0
11-26 08:33:32.421: D/CompatibilityInfo(1541): applicationDensity - 480
11-26 08:33:32.421: D/CompatibilityInfo(1541): applicationScale - 1.0
11-26 08:33:32.424: E/ApduServiceInfo(2518): Not adding <aid-group> with empty or invalid AIDs
11-26 08:33:32.425: E/ApduServiceInfo(2518): Not adding <aid-group> with empty or invalid AIDs
11-26 08:33:32.431: I/Finsky(13645): [2] vap.a(8): Clearing split related stale data.
11-26 08:33:32.432: I/InputReader(1541): Reconfiguring input devices.  changes=0x00000010
11-26 08:33:32.433: D/DhceThreadData(2518): DHCE01 [result] PACKAGE_INTENT/t=2 f=0x0 st=129 cf=1 cm=0 i1_1=0 r13=-1 us=0 ui=0 da=null
11-26 08:33:32.434: I/Finsky(13645): [1005] ggd.a(5): AIM: AppInfoManager-Perf > OnDeviceAppInfo > cacheHitCount=0, cacheMissCount=1. Missed  in cache (limit 10) : [com.google.android.gms.policy_test_support]
11-26 08:33:32.435: D/RegisteredNfcFServicesCache(2518): Service unchanged, not updating
11-26 08:33:32.436: D/CompatibilityInfo(1541): mCompatibilityFlags - 0
11-26 08:33:32.437: D/CompatibilityInfo(1541): applicationDensity - 480
11-26 08:33:32.437: D/CompatibilityInfo(1541): applicationScale - 1.0
11-26 08:33:32.438: I/Finsky(13645): [1185] ksw.run(11): Wrote row to frosting DB: 341
11-26 08:33:32.440: D/CompatibilityInfo(1541): mCompatibilityFlags - 0
11-26 08:33:32.440: D/CompatibilityInfo(1541): applicationDensity - 480
11-26 08:33:32.440: D/CompatibilityInfo(1541): applicationScale - 1.0
11-26 08:33:32.442: I/Finsky(13645): [2] abnk.c(3): Do not start WearSupportService due to Wear service optimization
11-26 08:33:32.445: I/Finsky(13645): [1192] av.a(48): Asset module storage cleared for package com.google.android.gms.policy_test_support.
11-26 08:33:32.448: E/PhoneInterfaceManager(2042): [PhoneIntfMgr] getCarrierPackageNamesForIntent: No UICC
11-26 08:33:32.448: D/CarrierSvcBindHelper(2042): No carrier app for: 0
11-26 08:33:32.455: I/Finsky(13645): [1185] ksw.run(11): Wrote row to frosting DB: 342
11-26 08:33:32.455: I/Finsky(13645): [1005] gdq.apply(69): AIM: Got app ownership map. App counts: . Unique apps: 0
11-26 08:33:32.458: D/CarrierConfigLoader(2042): mHandler: 9 phoneId: 0
11-26 08:33:32.487: I/Finsky(13645): [1004] gfx.a(11): AIM: AppInfoManager-Perf > ItemModel > CacheSize=0, cacheHitCount=0, cacheMissCount=1, total appsWithNoServerDataCount=0. Missed  in cache (limit 10) : [com.google.android.gms.policy_test_support]
11-26 08:33:32.488: I/Finsky(13645): [1004] ggb.p(3): AIM: AppInfoManager-Perf > ItemModel > ItemStore Called 1 apps cacheOptions = USE_CACHE
11-26 08:33:32.489: I/Finsky(13645): [1004] nqr.g(20): ItemStore: Not cached: com.google.android.gms.policy_test_support
11-26 08:33:32.509: I/Finsky(13645): [1004] gfx.a(80): AIM: ItemModel fetch - unauth(1), auth()
11-26 08:33:32.513: W/GCM(12979): Unexpected forwarded intent: Intent { act=android.intent.action.PACKAGE_ADDED dat=package:com.google.android.gms.policy_test_support flg=0x4000010 pkg=com.google.android.gms cmp=com.google.android.gms/.chimera.PersistentIntentOperationService (has extras) }
11-26 08:33:32.517: I/GmsModuleFndr(12956): Beginning GMS chimera module scan
11-26 08:33:32.518: W/GCM(12979): Unexpected forwarded intent: Intent { act=android.intent.action.PACKAGE_ADDED dat=package:com.google.android.gms.policy_test_support flg=0x4000010 pkg=com.google.android.gms cmp=com.google.android.gms/.chimera.PersistentIntentOperationService (has extras) }
11-26 08:33:32.529: I/Finsky(13645): [1007] tsc.accept(65): SCH: Scheduling phonesky job Id: 12-1, CT: 1669480412446, Constraints: [{ L: 15000, D: 86400000, C: 1, I: 1, N: 1 }]
11-26 08:33:32.540: I/ModuleSetMgr(12956): Computing pending module set with APKs: [[VisionOcrDynamite.integ:223610901100400], [AdsFdrDynamite.integ:223104600100000], [Cronetdynamite:224212100400], [Dynamiteloader:224212100000], [Dynamitemodulesa:224212100000], [Dynamitemodulesc:224212100000], [Googlecertificates:224212100000], [Mapsdynamite:224212100000], [Measurementdynamite:224212100000]]
11-26 08:33:32.542: I/ModuleSetMgr(12956): Download of container feature appsearch_dynamite_impl is disabled.
11-26 08:33:32.542: I/ModuleSetMgr(12956): Download of container feature appsearch_impl is disabled.
11-26 08:33:32.542: I/ModuleSetMgr(12956): Download of container feature brella_dynamite is disabled.
11-26 08:33:32.542: I/ModuleSetMgr(12956): Download of container feature tflite_dynamite is disabled.
11-26 08:33:32.542: I/ModuleSetMgr(12956): Download of container feature easyunlock is disabled.
11-26 08:33:32.542: I/ModuleSetMgr(12956): Download of container feature enterprise is disabled.
11-26 08:33:32.542: I/ModuleSetMgr(12956): Download of container feature fast_pair is disabled.
11-26 08:33:32.542: I/ModuleSetMgr(12956): Download of container feature growth_upgradeparty is disabled.
11-26 08:33:32.542: I/ModuleSetMgr(12956): Download of container feature homegraph is disabled.
11-26 08:33:32.543: I/ModuleSetMgr(12956): Download of container feature magictether is disabled.
11-26 08:33:32.543: I/ModuleSetMgr(12956): Download of container feature maps_core is disabled.
11-26 08:33:32.543: I/ModuleSetMgr(12956): Download of container feature pay is disabled.
11-26 08:33:32.543: I/ModuleSetMgr(12956): Download of container feature mlkit.docscan.crop is disabled.
11-26 08:33:32.543: I/ModuleSetMgr(12956): Download of container feature mlkit.docscan.enhance is disabled.
11-26 08:33:32.543: I/ModuleSetMgr(12956): Download of container feature mlkit.ocr.common is disabled.
11-26 08:33:32.543: I/ModuleSetMgr(12956): Download of container feature payse is disabled.
11-26 08:33:32.543: I/ModuleSetMgr(12956): Download of container feature photopicker_activity is disabled.
11-26 08:33:32.543: I/ModuleSetMgr(12956): Download of container feature semanticlocation_debug is disabled.
11-26 08:33:32.543: I/ModuleSetMgr(12956): Download of container feature tflite_gpu_dynamite is disabled.
11-26 08:33:32.543: I/ModuleSetMgr(12956): Download of container feature userstatus_impl is disabled.
11-26 08:33:32.543: I/ModuleSetMgr(12956): Download of container feature usonia_iam is disabled.
11-26 08:33:32.543: I/ModuleSetMgr(12956): Download of container feature vision.face is disabled.
11-26 08:33:32.543: I/ModuleSetMgr(12956): Download of container feature vision.ica is disabled.
11-26 08:33:32.543: I/ModuleSetMgr(12956): Download of container feature vision.ocr is disabled.
11-26 08:33:32.545: I/Finsky(13645): [1006] tmg.apply(22): SCH: Scheduling 1 system job(s)
11-26 08:33:32.547: I/ModuleSetMgr(12956): Download of container feature enterprise_lost_mode is disabled.
11-26 08:33:32.547: I/ModuleSetMgr(12956): Download of container feature enterprise_zt_mp_complete is disabled.
11-26 08:33:32.550: I/Finsky(13645): [1006] tmg.apply(28): SCH: Scheduling system job Id: 9128, L: 14901, D: 60263569, C: false, I: false, N: 1
11-26 08:33:32.551: W/LocationProviderProxy-network(1541): com.qualcomm.location resolves service com.android.location.service.v3.NetworkLocationProvider, but has wrong signature, ignoring
11-26 08:33:32.552: W/LocationProviderProxy-network(1541): com.google.android.gms resolves service com.android.location.service.v3.NetworkLocationProvider, but has wrong signature, ignoring
11-26 08:33:32.552: W/LocationProviderProxy-network(1541): com.qualcomm.location resolves service com.android.location.service.v3.NetworkLocationProvider, but has wrong signature, ignoring
11-26 08:33:32.552: W/LocationProviderProxy-network(1541): Odd, no component found for service com.android.location.service.v3.NetworkLocationProvider
11-26 08:33:32.558: I/ModuleSetMgr(12956): Pending container module APKs: []
11-26 08:33:32.559: I/ModuleSetMgr(12956): Pending non-container module APKs: [[VisionOcrDynamite.integ:223610901100400]]
11-26 08:33:32.565: I/Telecom(1541): DefaultDialerCache: Refreshing default dialer for user 0: now com.android.dialer: DDC.oR@AEo
11-26 08:33:32.566: W/ContextImpl(1541): Calling a method in the system process without a qualified user: android.app.ContextImpl.sendBroadcast:1005 android.content.ContextWrapper.sendBroadcast:444 jp.co.sharp.android.downloadfont.DLFontService.DLFontThrowService$1.onReceive:124 android.app.LoadedApk$ReceiverDispatcher$Args.lambda$getRunnable$0:1434 android.app.-$$Lambda$LoadedApk$ReceiverDispatcher$Args$_BumDX2UKsnxLVrE6UJsJZkotuA.run:2 
11-26 08:33:32.567: E/ActivityManager(1541): Sending non-protected broadcast jp.co.sharp.android.downloadfont.DLFontService.ACTION_DLFONT_ADDED from system 1541:system/1000 pkg android
11-26 08:33:32.567: E/ActivityManager(1541): java.lang.Throwable
11-26 08:33:32.567: E/ActivityManager(1541): 	at com.android.server.am.ActivityManagerService.checkBroadcastFromSystem(ActivityManagerService.java:21515)
11-26 08:33:32.567: E/ActivityManager(1541): 	at com.android.server.am.ActivityManagerService.broadcastIntentLocked(ActivityManagerService.java:22119)
11-26 08:33:32.567: E/ActivityManager(1541): 	at com.android.server.am.ActivityManagerService.broadcastIntent(ActivityManagerService.java:22261)
11-26 08:33:32.567: E/ActivityManager(1541): 	at android.app.ContextImpl.sendBroadcast(ContextImpl.java:1009)
11-26 08:33:32.567: E/ActivityManager(1541): 	at android.content.ContextWrapper.sendBroadcast(ContextWrapper.java:444)
11-26 08:33:32.567: E/ActivityManager(1541): 	at jp.co.sharp.android.downloadfont.DLFontService.DLFontThrowService$1.onReceive(DLFontThrowService.java:124)
11-26 08:33:32.567: E/ActivityManager(1541): 	at android.app.LoadedApk$ReceiverDispatcher$Args.lambda$getRunnable$0(LoadedApk.java:1434)
11-26 08:33:32.567: E/ActivityManager(1541): 	at android.app.-$$Lambda$LoadedApk$ReceiverDispatcher$Args$_BumDX2UKsnxLVrE6UJsJZkotuA.run(Unknown Source:2)
11-26 08:33:32.567: E/ActivityManager(1541): 	at android.os.Handler.handleCallback(Handler.java:873)
11-26 08:33:32.567: E/ActivityManager(1541): 	at android.os.Handler.dispatchMessage(Handler.java:99)
11-26 08:33:32.567: E/ActivityManager(1541): 	at android.os.Looper.loop(Looper.java:193)
11-26 08:33:32.567: E/ActivityManager(1541): 	at com.android.server.SystemServer.run(SystemServer.java:610)
11-26 08:33:32.567: E/ActivityManager(1541): 	at com.android.server.SystemServer.main(SystemServer.java:343)
11-26 08:33:32.567: E/ActivityManager(1541): 	at java.lang.reflect.Method.invoke(Native Method)
11-26 08:33:32.567: E/ActivityManager(1541): 	at com.android.internal.os.RuntimeInit$MethodAndArgsCaller.run(RuntimeInit.java:493)
11-26 08:33:32.567: E/ActivityManager(1541): 	at com.android.internal.os.ZygoteInit.main(ZygoteInit.java:863)
11-26 08:33:32.571: I/Finsky(13645): [997] aqk.ZQ(26): [ContentSync] finished, scheduled=true
11-26 08:33:32.600: D/CompatibilityInfo(1541): mCompatibilityFlags - 0
11-26 08:33:32.600: D/CompatibilityInfo(1541): applicationDensity - 480
11-26 08:33:32.600: D/CompatibilityInfo(1541): applicationScale - 1.0
11-26 08:33:32.607: W/BroadcastQueue(1541): Background execution not allowed: receiving Intent { act=android.intent.action.DROPBOX_ENTRY_ADDED flg=0x10 (has extras) } to com.google.android.gms/.stats.service.DropBoxEntryAddedReceiver
11-26 08:33:32.609: W/BroadcastQueue(1541): Background execution not allowed: receiving Intent { act=android.intent.action.DROPBOX_ENTRY_ADDED flg=0x10 (has extras) } to com.google.android.gms/.chimera.GmsIntentOperationService$PersistentTrustedReceiver
11-26 08:33:32.612: W/PackageParser(12956): Unknown element under <manifest>: queries at /data/user_de/0/com.google.android.gms/app_chimera/m/00000008/AdsDynamite.apk Binary XML file line #11
11-26 08:33:32.622: D/CompatibilityInfo(1541): mCompatibilityFlags - 0
11-26 08:33:32.622: D/CompatibilityInfo(1541): applicationDensity - 480
11-26 08:33:32.622: D/CompatibilityInfo(1541): applicationScale - 1.0
11-26 08:33:32.639: D/CompatibilityInfo(1541): mCompatibilityFlags - 0
11-26 08:33:32.639: D/CompatibilityInfo(1541): applicationDensity - 480
11-26 08:33:32.639: D/CompatibilityInfo(1541): applicationScale - 1.0
11-26 08:33:32.642: I/system_server(1541): Background concurrent copying GC freed 357937(12MB) AllocSpace objects, 53(2MB) LOS objects, 42% free, 22MB/38MB, paused 946us total 268.769ms
11-26 08:33:32.785: E/Finsky(13645): [1006] nqq.a(16): ItemStore: getItems RPC failed.
11-26 08:33:33.046: I/ActivityManager(1541): Force stopping com.google.android.gmscore.testing.testsupport appid=10221 user=-1: installPackageLI
11-26 08:33:33.057: I/ChimeraCfgMgr(12956): Updating module config: container:2242129100400,vision_ocr:2236109015100400+vision.ocr -> container:2242129100400,vision_ocr:2236109015100400+vision.ocr
11-26 08:33:33.058: E/DowngradeHelper(12956): isModuleDowngradeRequired false
11-26 08:33:33.220: W/BroadcastQueue(1541): Background execution not allowed: receiving Intent { act=com.google.android.chimera.MODULE_CONFIGURATION_CHANGED flg=0x10 (has extras) } to com.google.android.gms/.chimera.GmsIntentOperationService$PersistentInternalReceiver
11-26 08:33:33.222: E/PackageManager(1541): scanPackageOnlyLI <<Recovery when ps does not exist>> Change needToDeriveAbi to true when changing the path : pkg.codePath[/data/app/com.google.android.gmscore.testing.testsupport-Dom3749X8ktRLoiuAMwgHQ==] foundPs.codePathString[/data/app/com.google.android.gmscore.testing.testsupport-bjaCndYGEunaBytUlHQkTw==] scanFlags[15]
11-26 08:33:33.222: I/PackageManager(1541): Update package com.google.android.gmscore.testing.testsupport code path from /data/app/com.google.android.gmscore.testing.testsupport-bjaCndYGEunaBytUlHQkTw== to /data/app/com.google.android.gmscore.testing.testsupport-Dom3749X8ktRLoiuAMwgHQ==; Retain data and using new
11-26 08:33:33.222: I/PackageManager(1541): Update package com.google.android.gmscore.testing.testsupport resource path from /data/app/com.google.android.gmscore.testing.testsupport-bjaCndYGEunaBytUlHQkTw== to /data/app/com.google.android.gmscore.testing.testsupport-Dom3749X8ktRLoiuAMwgHQ==; Retain data and using new
11-26 08:33:33.389: W/ActivityManager(1541): Slow operation: 163ms so far, now at getContentProviderImpl: incProviderCountLocked
11-26 08:33:33.389: W/ActivityManager(1541): Slow operation: 163ms so far, now at getContentProviderImpl: before updateLruProcess
11-26 08:33:33.389: W/ActivityManager(1541): Slow operation: 163ms so far, now at getContentProviderImpl: after updateLruProcess
11-26 08:33:33.389: W/ActivityManager(1541): Slow operation: 163ms so far, now at getContentProviderImpl: before updateOomAdj
11-26 08:33:33.389: W/ActivityManager(1541): Slow operation: 164ms so far, now at getContentProviderImpl: after updateOomAdj
11-26 08:33:33.389: W/ActivityManager(1541): Slow operation: 164ms so far, now at getContentProviderImpl: done!
11-26 08:33:33.395: D/CompatibilityInfo(1541): mCompatibilityFlags - 0
11-26 08:33:33.395: D/CompatibilityInfo(1541): applicationDensity - 480
11-26 08:33:33.395: D/CompatibilityInfo(1541): applicationScale - 1.0
11-26 08:33:33.402: I/PackageManager.DexOptimizer(1541): Running dexopt (dexoptNeeded=1) on: /data/app/com.google.android.gmscore.testing.testsupport-Dom3749X8ktRLoiuAMwgHQ==/base.apk pkg=com.google.android.gmscore.testing.testsupport isa=arm64 dexoptFlags=boot_complete,profile_guided,public,enable_hidden_api_checks targetFilter=speed-profile oatDir=/data/app/com.google.android.gmscore.testing.testsupport-Dom3749X8ktRLoiuAMwgHQ==/oat classLoaderContext=PCL[/system/framework/org.apache.http.legacy.boot.jar]
11-26 08:33:33.403: V/installed(769): DexInv: --- BEGIN '/data/app/com.google.android.gmscore.testing.testsupport-Dom3749X8ktRLoiuAMwgHQ==/base.apk' ---
11-26 08:33:33.408: I/NewModuleHelper(12956): Sending com.google.android.chimera.IntentOperation.NEW_MODULE Container service: com.google.android.gms.chimera.GmsIntentOperationService Intents: 1,false,true
11-26 08:33:33.412: I/GmsDebugLogger(12956): [46] container:2242129100400,vision_ocr:2236109015100400+vision.ocr
11-26 08:33:33.414: D/CompatibilityInfo(1541): mCompatibilityFlags - 0
11-26 08:33:33.414: D/CompatibilityInfo(1541): applicationDensity - 480
11-26 08:33:33.414: D/CompatibilityInfo(1541): applicationScale - 1.0
11-26 08:33:33.423: D/CompatibilityInfo(1541): mCompatibilityFlags - 0
11-26 08:33:33.424: D/CompatibilityInfo(1541): applicationDensity - 480
11-26 08:33:33.424: D/CompatibilityInfo(1541): applicationScale - 1.0
11-26 08:33:33.426: I/Auth(12956): [SupervisedAccountIntentOperation] onHandleIntent(): android.intent.action.PACKAGE_ADDED
11-26 08:33:33.428: D/CompatibilityInfo(1541): mCompatibilityFlags - 0
11-26 08:33:33.428: D/CompatibilityInfo(1541): applicationDensity - 480
11-26 08:33:33.428: D/CompatibilityInfo(1541): applicationScale - 1.0
11-26 08:33:33.429: I/PackageIntentOperation(12956): Feature flags not enabled, skipping. [CONTEXT service_id=258 ]
11-26 08:33:33.432: W/gle.android.gm(12956): Unsupported class loader
11-26 08:33:33.436: W/gle.android.gm(12956): Skipping duplicate class check due to unsupported classloader
11-26 08:33:33.439: I/gle.android.gm(12956): Failed to add image file Failed to flatten class loader hierarchy 'Unknown class loader type gvf'
11-26 08:33:33.448: D/CompatibilityInfo(1541): mCompatibilityFlags - 0
11-26 08:33:33.448: D/CompatibilityInfo(1541): applicationDensity - 480
11-26 08:33:33.448: D/CompatibilityInfo(1541): applicationScale - 1.0
11-26 08:33:33.460: I/dex2oat(19065): /system/bin/dex2oat --input-vdex-fd=-1 --output-vdex-fd=20 --compiler-filter=speed-profile --classpath-dir=/data/app/com.google.android.gmscore.testing.testsupport-Dom3749X8ktRLoiuAMwgHQ== --class-loader-context=PCL[/system/framework/org.apache.http.legacy.boot.jar] --generate-mini-debug-info --compact-dex-level=none --compilation-reason=install
11-26 08:33:33.467: D/CompatibilityInfo(1541): mCompatibilityFlags - 0
11-26 08:33:33.467: D/CompatibilityInfo(1541): applicationDensity - 480
11-26 08:33:33.467: D/CompatibilityInfo(1541): applicationScale - 1.0
11-26 08:33:33.484: W/ChimeraUtils(12979): Module com.google.android.gms.nearby_en has empty metadata display_name_string_id
11-26 08:33:33.494: I/chatty(12979): uid=10037(com.google.android.gms) highpool[4] identical 1 line
11-26 08:33:33.497: W/ChimeraUtils(12979): Module com.google.android.gms.nearby_en has empty metadata display_name_string_id
11-26 08:33:33.498: D/CompatibilityInfo(1541): mCompatibilityFlags - 0
11-26 08:33:33.498: D/CompatibilityInfo(1541): applicationDensity - 480
11-26 08:33:33.498: D/CompatibilityInfo(1541): applicationScale - 1.0
11-26 08:33:33.540: D/CompatibilityInfo(1541): mCompatibilityFlags - 0
11-26 08:33:33.540: D/CompatibilityInfo(1541): applicationDensity - 480
11-26 08:33:33.540: D/CompatibilityInfo(1541): applicationScale - 1.0
11-26 08:33:33.543: D/BoundBrokerSvc(12979): onBind: Intent { act=com.google.android.gms.nearby.exposurenotification.START dat=chimera-action:com.google.android.gms.nearby.exposurenotification.START cmp=com.google.android.gms/.chimera.PersistentApiService }
11-26 08:33:33.543: D/BoundBrokerSvc(12979): Loading bound service for intent: Intent { act=com.google.android.gms.nearby.exposurenotification.START dat=chimera-action:com.google.android.gms.nearby.exposurenotification.START cmp=com.google.android.gms/.chimera.PersistentApiService }
11-26 08:33:33.546: D/CompatibilityInfo(1541): mCompatibilityFlags - 0
11-26 08:33:33.546: D/CompatibilityInfo(1541): applicationDensity - 480
11-26 08:33:33.546: D/CompatibilityInfo(1541): applicationScale - 1.0
11-26 08:33:33.547: D/BoundBrokerSvc(12956): onBind: Intent { act=com.google.android.gms.common.BIND_SHARED_PREFS pkg=com.google.android.gms }
11-26 08:33:33.547: D/BoundBrokerSvc(12956): Loading bound service for intent: Intent { act=com.google.android.gms.common.BIND_SHARED_PREFS pkg=com.google.android.gms }
11-26 08:33:33.562: I/ConfigStore(647): android::hardware::configstore::V1_0::ISurfaceFlingerConfigs::hasHDRDisplay retrieved: 0
11-26 08:33:33.562: I/chatty(647): uid=1000(system) /system/bin/surfaceflinger identical 1 line
11-26 08:33:33.563: I/ConfigStore(647): android::hardware::configstore::V1_0::ISurfaceFlingerConfigs::hasHDRDisplay retrieved: 0
11-26 08:33:33.594: D/BoundBrokerSvc(12956): onUnbind: Intent { act=com.google.android.gms.common.BIND_SHARED_PREFS pkg=com.google.android.gms }
11-26 08:33:33.611: I/ChimeraConfigurator(12956): Starting update, reason: 4 urgentFeatures: payse:-1
11-26 08:33:33.616: I/GmsModuleFndr(12956): Beginning GMS chimera module scan
11-26 08:33:33.619: D/BoundBrokerSvc(12979): onBind: Intent { act=com.google.android.gms.phenotype.service.START dat=chimera-action:com.google.android.gms.phenotype.service.START cmp=com.google.android.gms/.chimera.PersistentApiService }
11-26 08:33:33.619: D/BoundBrokerSvc(12979): Loading bound service for intent: Intent { act=com.google.android.gms.phenotype.service.START dat=chimera-action:com.google.android.gms.phenotype.service.START cmp=com.google.android.gms/.chimera.PersistentApiService }
11-26 08:33:33.631: D/CompatibilityInfo(1541): mCompatibilityFlags - 0
11-26 08:33:33.631: D/CompatibilityInfo(1541): applicationDensity - 480
11-26 08:33:33.631: D/CompatibilityInfo(1541): applicationScale - 1.0
11-26 08:33:33.644: I/ModuleSetMgr(12956): Disabling container optional module downloads.
11-26 08:33:33.645: E/PhenotypeRegOp(12956): Attempting to overwrite config package for com.google.android.gms.games [CONTEXT service_id=231 ]
11-26 08:33:33.649: I/ModuleSetMgr(12956): Download of container feature appsearch_dynamite_impl is disabled.
11-26 08:33:33.649: I/ModuleSetMgr(12956): Download of container feature appsearch_impl is disabled.
11-26 08:33:33.649: I/ModuleSetMgr(12956): Download of container feature brella_dynamite is disabled.
11-26 08:33:33.649: I/ModuleSetMgr(12956): Download of container feature tflite_dynamite is disabled.
11-26 08:33:33.650: I/ModuleSetMgr(12956): Download of container feature easyunlock is disabled.
11-26 08:33:33.650: I/ModuleSetMgr(12956): Computing pending module set with APKs: [[VisionOcrDynamite.integ:223610901100400], [AdsFdrDynamite.integ:223104600100000], [Cronetdynamite:224212100400], [Dynamiteloader:224212100000], [Dynamitemodulesa:224212100000], [Dynamitemodulesc:224212100000], [Googlecertificates:224212100000], [Mapsdynamite:224212100000], [Measurementdynamite:224212100000]]
11-26 08:33:33.650: I/ModuleSetMgr(12956): Download of container feature enterprise is disabled.
11-26 08:33:33.650: I/ModuleSetMgr(12956): Download of container feature enterprise_lost_mode is disabled.
11-26 08:33:33.650: I/ModuleSetMgr(12956): Download of container feature enterprise_zt_mp_complete is disabled.
11-26 08:33:33.650: I/ModuleSetMgr(12956): Download of container feature fast_pair is disabled.
11-26 08:33:33.650: I/ModuleSetMgr(12956): Download of container feature growth_upgradeparty is disabled.
11-26 08:33:33.650: I/ModuleSetMgr(12956): Download of container feature homegraph is disabled.
11-26 08:33:33.650: I/ModuleSetMgr(12956): Download of container feature magictether is disabled.
11-26 08:33:33.650: I/ModuleSetMgr(12956): Download of container feature maps_core is disabled.
11-26 08:33:33.651: I/ModuleSetMgr(12956): Download of container feature pay is disabled.
11-26 08:33:33.651: I/ModuleSetMgr(12956): Download of container feature mlkit.docscan.crop is disabled.
11-26 08:33:33.651: I/ModuleSetMgr(12956): Download of container feature mlkit.docscan.enhance is disabled.
11-26 08:33:33.651: I/ModuleSetMgr(12956): Download of container feature mlkit.ocr.common is disabled.
11-26 08:33:33.651: I/ModuleSetMgr(12956): Download of container feature payse is disabled.
11-26 08:33:33.651: I/ModuleSetMgr(12956): Download of container feature photopicker_activity is disabled.
11-26 08:33:33.651: I/ModuleSetMgr(12956): Download of container feature semanticlocation_debug is disabled.
11-26 08:33:33.652: I/ModuleSetMgr(12956): Download of container feature tflite_gpu_dynamite is disabled.
11-26 08:33:33.652: I/ModuleSetMgr(12956): Download of container feature userstatus_impl is disabled.
11-26 08:33:33.652: I/ModuleSetMgr(12956): Download of container feature usonia_iam is disabled.
11-26 08:33:33.652: I/ModuleSetMgr(12956): Download of container feature vision.face is disabled.
11-26 08:33:33.652: I/ModuleSetMgr(12956): Download of container feature vision.ica is disabled.
11-26 08:33:33.652: I/ModuleSetMgr(12956): Download of container feature vision.ocr is disabled.
11-26 08:33:33.653: E/PhenotypeRegOp(12956): Attempting to overwrite config package for com.google.android.gms.maps#com.google.android.gms [CONTEXT service_id=231 ]
11-26 08:33:33.653: I/ModuleSetMgr(12956): Download of container feature appsearch_dynamite_impl is disabled.
11-26 08:33:33.653: I/ModuleSetMgr(12956): Download of container feature appsearch_impl is disabled.
11-26 08:33:33.653: I/ModuleSetMgr(12956): Download of container feature brella_dynamite is disabled.
11-26 08:33:33.654: I/ModuleSetMgr(12956): Download of container feature tflite_dynamite is disabled.
11-26 08:33:33.654: I/ModuleSetMgr(12956): Download of container feature easyunlock is disabled.
11-26 08:33:33.654: I/ModuleSetMgr(12956): Download of container feature enterprise is disabled.
11-26 08:33:33.654: I/ModuleSetMgr(12956): Download of container feature fast_pair is disabled.
11-26 08:33:33.654: I/ModuleSetMgr(12956): Download of container feature growth_upgradeparty is disabled.
11-26 08:33:33.654: I/ModuleSetMgr(12956): Download of container feature homegraph is disabled.
11-26 08:33:33.654: I/ModuleSetMgr(12956): Download of container feature magictether is disabled.
11-26 08:33:33.654: I/ModuleSetMgr(12956): Download of container feature maps_core is disabled.
11-26 08:33:33.654: I/ModuleSetMgr(12956): Download of container feature pay is disabled.
11-26 08:33:33.654: I/ModuleSetMgr(12956): Download of container feature mlkit.docscan.crop is disabled.
11-26 08:33:33.654: I/ModuleSetMgr(12956): Download of container feature mlkit.docscan.enhance is disabled.
11-26 08:33:33.654: I/ModuleSetMgr(12956): Download of container feature mlkit.ocr.common is disabled.
11-26 08:33:33.654: I/ModuleSetMgr(12956): Download of container feature payse is disabled.
11-26 08:33:33.654: I/ModuleSetMgr(12956): Download of container feature photopicker_activity is disabled.
11-26 08:33:33.654: I/ModuleSetMgr(12956): Download of container feature semanticlocation_debug is disabled.
11-26 08:33:33.654: I/ModuleSetMgr(12956): Download of container feature tflite_gpu_dynamite is disabled.
11-26 08:33:33.654: I/ModuleSetMgr(12956): Download of container feature userstatus_impl is disabled.
11-26 08:33:33.654: I/ModuleSetMgr(12956): Download of container feature usonia_iam is disabled.
11-26 08:33:33.654: I/ModuleSetMgr(12956): Download of container feature vision.face is disabled.
11-26 08:33:33.654: I/ModuleSetMgr(12956): Download of container feature vision.ica is disabled.
11-26 08:33:33.654: I/ModuleSetMgr(12956): Download of container feature vision.ocr is disabled.
11-26 08:33:33.655: E/PhenotypeRegOp(12956): Attempting to overwrite config package for com.google.android.gms.cast [CONTEXT service_id=231 ]
11-26 08:33:33.658: I/Icing(12956): IndexChimeraService.getServiceInterface callingPackage=com.google.android.gms componentName=AppsCorpus serviceId=36
11-26 08:33:33.658: E/PhenotypeRegOp(12956): Attempting to overwrite config package for com.google.android.gms.mobile_data_plan [CONTEXT service_id=231 ]
11-26 08:33:33.661: I/TestSupport(12956): Activate: 1668758400000@1669480413587 [CONTEXT service_id=133 ]
11-26 08:33:33.662: I/TestSupport(12956): Boot time: 1669474716847 [CONTEXT service_id=133 ]
11-26 08:33:33.669: I/ModuleSetMgr(12956): Download of container feature enterprise_lost_mode is disabled.
11-26 08:33:33.669: I/ModuleSetMgr(12956): Download of container feature enterprise_zt_mp_complete is disabled.
11-26 08:33:33.670: I/ModuleSetMgr(12956): Download of container feature appsearch_dynamite_impl is disabled.
11-26 08:33:33.670: I/ModuleSetMgr(12956): Download of container feature appsearch_impl is disabled.
11-26 08:33:33.670: I/ModuleSetMgr(12956): Download of container feature brella_dynamite is disabled.
11-26 08:33:33.671: I/ModuleSetMgr(12956): Download of container feature tflite_dynamite is disabled.
11-26 08:33:33.671: I/ModuleSetMgr(12956): Download of container feature easyunlock is disabled.
11-26 08:33:33.671: I/ModuleSetMgr(12956): Download of container feature enterprise is disabled.
11-26 08:33:33.671: I/ModuleSetMgr(12956): Download of container feature enterprise_lost_mode is disabled.
11-26 08:33:33.671: I/ModuleSetMgr(12956): Download of container feature enterprise_zt_mp_complete is disabled.
11-26 08:33:33.671: I/ModuleSetMgr(12956): Download of container feature fast_pair is disabled.
11-26 08:33:33.671: I/TestSupport(12956): Updated: /data/data/com.google.android.gms/app_testsupport/.startup [CONTEXT service_id=133 ]
11-26 08:33:33.671: I/ModuleSetMgr(12956): Download of container feature growth_upgradeparty is disabled.
11-26 08:33:33.671: I/ModuleSetMgr(12956): Download of container feature homegraph is disabled.
11-26 08:33:33.671: I/ModuleSetMgr(12956): Download of container feature magictether is disabled.
11-26 08:33:33.672: I/ModuleSetMgr(12956): Download of container feature maps_core is disabled.
11-26 08:33:33.672: I/ModuleSetMgr(12956): Download of container feature pay is disabled.
11-26 08:33:33.672: I/ModuleSetMgr(12956): Download of container feature mlkit.docscan.crop is disabled.
11-26 08:33:33.672: I/ModuleSetMgr(12956): Download of container feature mlkit.docscan.enhance is disabled.
11-26 08:33:33.672: I/ModuleSetMgr(12956): Download of container feature mlkit.ocr.common is disabled.
11-26 08:33:33.672: I/ModuleSetMgr(12956): Download of container feature payse is disabled.
11-26 08:33:33.672: I/ModuleSetMgr(12956): Download of container feature photopicker_activity is disabled.
11-26 08:33:33.672: I/ModuleSetMgr(12956): Download of container feature semanticlocation_debug is disabled.
11-26 08:33:33.672: I/ModuleSetMgr(12956): Download of container feature tflite_gpu_dynamite is disabled.
11-26 08:33:33.672: I/ModuleSetMgr(12956): Download of container feature userstatus_impl is disabled.
11-26 08:33:33.673: I/ModuleSetMgr(12956): Download of container feature usonia_iam is disabled.
11-26 08:33:33.673: I/ModuleSetMgr(12956): Download of container feature vision.face is disabled.
11-26 08:33:33.673: I/ModuleSetMgr(12956): Download of container feature vision.ica is disabled.
11-26 08:33:33.673: I/ModuleSetMgr(12956): Download of container feature vision.ocr is disabled.
11-26 08:33:33.673: E/PhenotypeRegOp(12956): Attempting to overwrite config package for com.google.android.gms.udc [CONTEXT service_id=231 ]
11-26 08:33:33.674: I/NewModuleComplete(12956): Received com.google.android.chimera.IntentOperation.NEW_MODULE(com.google.android.gms.chimera.GmsIntentOperationService,1,false)
11-26 08:33:33.682: I/ChimeraConfigurator(12956): Update complete: success
11-26 08:33:33.683: D/CompatibilityInfo(1541): mCompatibilityFlags - 0
11-26 08:33:33.683: D/CompatibilityInfo(1541): applicationDensity - 480
11-26 08:33:33.683: D/CompatibilityInfo(1541): applicationScale - 1.0
11-26 08:33:33.687: I/ModuleSetMgr(12956): Download of container feature appsearch_dynamite_impl is disabled.
11-26 08:33:33.687: I/ModuleSetMgr(12956): Download of container feature appsearch_impl is disabled.
11-26 08:33:33.687: I/ModuleSetMgr(12956): Download of container feature brella_dynamite is disabled.
11-26 08:33:33.687: I/ModuleSetMgr(12956): Download of container feature tflite_dynamite is disabled.
11-26 08:33:33.687: I/ModuleSetMgr(12956): Download of container feature easyunlock is disabled.
11-26 08:33:33.687: I/ModuleSetMgr(12956): Download of container feature enterprise is disabled.
11-26 08:33:33.687: I/ModuleSetMgr(12956): Download of container feature enterprise_lost_mode is disabled.
11-26 08:33:33.687: I/ModuleSetMgr(12956): Download of container feature enterprise_zt_mp_complete is disabled.
11-26 08:33:33.687: I/ModuleSetMgr(12956): Download of container feature fast_pair is disabled.
11-26 08:33:33.688: I/ModuleSetMgr(12956): Download of container feature growth_upgradeparty is disabled.
11-26 08:33:33.688: I/ModuleSetMgr(12956): Download of container feature homegraph is disabled.
11-26 08:33:33.688: I/ModuleSetMgr(12956): Download of container feature magictether is disabled.
11-26 08:33:33.688: I/ModuleSetMgr(12956): Download of container feature maps_core is disabled.
11-26 08:33:33.688: I/ModuleSetMgr(12956): Download of container feature pay is disabled.
11-26 08:33:33.688: I/ModuleSetMgr(12956): Download of container feature mlkit.docscan.crop is disabled.
11-26 08:33:33.688: I/ModuleSetMgr(12956): Download of container feature mlkit.docscan.enhance is disabled.
11-26 08:33:33.689: I/ModuleSetMgr(12956): Download of container feature mlkit.ocr.common is disabled.
11-26 08:33:33.689: I/ModuleSetMgr(12956): Download of container feature payse is disabled.
11-26 08:33:33.689: I/ModuleSetMgr(12956): Download of container feature photopicker_activity is disabled.
11-26 08:33:33.689: I/ModuleSetMgr(12956): Download of container feature semanticlocation_debug is disabled.
11-26 08:33:33.689: I/ModuleSetMgr(12956): Download of container feature tflite_gpu_dynamite is disabled.
11-26 08:33:33.689: I/ModuleSetMgr(12956): Download of container feature userstatus_impl is disabled.
11-26 08:33:33.689: I/ModuleSetMgr(12956): Download of container feature usonia_iam is disabled.
11-26 08:33:33.689: I/ModuleSetMgr(12956): Download of container feature vision.face is disabled.
11-26 08:33:33.689: I/ModuleSetMgr(12956): Download of container feature vision.ica is disabled.
11-26 08:33:33.689: I/ModuleSetMgr(12956): Download of container feature vision.ocr is disabled.
11-26 08:33:33.691: I/ModuleSetMgr(12956): Pending container module APKs: []
11-26 08:33:33.691: I/ModuleSetMgr(12956): Pending non-container module APKs: [[VisionOcrDynamite.integ:223610901100400]]
11-26 08:33:33.698: I/NewModuleHelper(12956): Received com.google.android.chimera.container.NEW_MODULE_FINALIZE(1/0): com.google.android.gms.chimera.GmsIntentOperationService,1,false
11-26 08:33:33.700: I/NewModuleHelper(12956): Completed all new module init intents for all processes.
11-26 08:33:33.715: W/PackageParser(12956): Unknown element under <manifest>: queries at /data/user_de/0/com.google.android.gms/app_chimera/m/00000008/AdsDynamite.apk Binary XML file line #11
11-26 08:33:33.732: W/Icing(12956): No valid account for uploading user actions
11-26 08:33:33.736: D/BoundBrokerSvc(12979): onBind: Intent { act=com.google.android.gms.icing.LIGHTWEIGHT_INDEX_SERVICE dat=chimera-action:com.google.android.gms.icing.LIGHTWEIGHT_INDEX_SERVICE cmp=com.google.android.gms/.chimera.PersistentApiService }
11-26 08:33:33.736: D/BoundBrokerSvc(12979): Loading bound service for intent: Intent { act=com.google.android.gms.icing.LIGHTWEIGHT_INDEX_SERVICE dat=chimera-action:com.google.android.gms.icing.LIGHTWEIGHT_INDEX_SERVICE cmp=com.google.android.gms/.chimera.PersistentApiService }
11-26 08:33:33.751: D/CompatibilityInfo(1541): mCompatibilityFlags - 0
11-26 08:33:33.752: D/CompatibilityInfo(1541): applicationDensity - 480
11-26 08:33:33.752: D/CompatibilityInfo(1541): applicationScale - 1.0
11-26 08:33:33.755: D/BoundBrokerSvc(12956): onBind: Intent { act=com.google.android.gms.feedback.internal.IFeedbackService dat=chimera-action:com.google.android.gms.feedback.internal.IFeedbackService cmp=com.google.android.gms/.chimera.GmsBoundBrokerService }
11-26 08:33:33.756: D/BoundBrokerSvc(12956): Loading bound service for intent: Intent { act=com.google.android.gms.feedback.internal.IFeedbackService dat=chimera-action:com.google.android.gms.feedback.internal.IFeedbackService cmp=com.google.android.gms/.chimera.GmsBoundBrokerService }
11-26 08:33:33.762: D/CompatibilityInfo(1541): mCompatibilityFlags - 0
11-26 08:33:33.762: D/CompatibilityInfo(1541): applicationDensity - 480
11-26 08:33:33.762: D/CompatibilityInfo(1541): applicationScale - 1.0
11-26 08:33:33.769: I/Icing(12956): Usage reports ok 0, Failed Usage reports 0, indexed 0, rejected 0
11-26 08:33:33.778: I/Icing(12956): Indexing com.google.android.gms-apps from com.google.android.gms
11-26 08:33:33.778: I/Icing(12956): IndexChimeraService.getServiceInterface callingPackage=com.google.android.gms componentName=null serviceId=30
11-26 08:33:33.785: I/GmsModuleFndr(12956): Beginning GMS chimera module scan
11-26 08:33:33.787: I/Icing(12956): Indexing done com.google.android.gms-apps
11-26 08:33:33.792: W/Icing(12956): No valid account for uploading user actions
11-26 08:33:33.805: I/Icing(12956): Usage reports ok 0, Failed Usage reports 0, indexed 0, rejected 0
11-26 08:33:33.811: I/ModuleSetMgr(12956): Computing pending module set with APKs: [[VisionOcrDynamite.integ:223610901100400], [AdsFdrDynamite.integ:223104600100000], [Cronetdynamite:224212100400], [Dynamiteloader:224212100000], [Dynamitemodulesa:224212100000], [Dynamitemodulesc:224212100000], [Googlecertificates:224212100000], [Mapsdynamite:224212100000], [Measurementdynamite:224212100000]]
11-26 08:33:33.813: I/ModuleSetMgr(12956): Download of container feature appsearch_dynamite_impl is disabled.
11-26 08:33:33.813: I/ModuleSetMgr(12956): Download of container feature appsearch_impl is disabled.
11-26 08:33:33.813: I/ModuleSetMgr(12956): Download of container feature brella_dynamite is disabled.
11-26 08:33:33.813: I/ModuleSetMgr(12956): Download of container feature tflite_dynamite is disabled.
11-26 08:33:33.813: I/ModuleSetMgr(12956): Download of container feature easyunlock is disabled.
11-26 08:33:33.813: I/ModuleSetMgr(12956): Download of container feature enterprise is disabled.
11-26 08:33:33.813: I/ModuleSetMgr(12956): Download of container feature fast_pair is disabled.
11-26 08:33:33.813: I/ModuleSetMgr(12956): Download of container feature growth_upgradeparty is disabled.
11-26 08:33:33.813: I/ModuleSetMgr(12956): Download of container feature homegraph is disabled.
11-26 08:33:33.814: I/ModuleSetMgr(12956): Download of container feature magictether is disabled.
11-26 08:33:33.814: I/ModuleSetMgr(12956): Download of container feature maps_core is disabled.
11-26 08:33:33.814: I/ModuleSetMgr(12956): Download of container feature pay is disabled.
11-26 08:33:33.814: I/ModuleSetMgr(12956): Download of container feature mlkit.docscan.crop is disabled.
11-26 08:33:33.814: I/ModuleSetMgr(12956): Download of container feature mlkit.docscan.enhance is disabled.
11-26 08:33:33.814: I/ModuleSetMgr(12956): Download of container feature mlkit.ocr.common is disabled.
11-26 08:33:33.814: I/ModuleSetMgr(12956): Download of container feature payse is disabled.
11-26 08:33:33.814: I/ModuleSetMgr(12956): Download of container feature photopicker_activity is disabled.
11-26 08:33:33.814: I/ModuleSetMgr(12956): Download of container feature semanticlocation_debug is disabled.
11-26 08:33:33.814: I/ModuleSetMgr(12956): Download of container feature tflite_gpu_dynamite is disabled.
11-26 08:33:33.814: I/ModuleSetMgr(12956): Download of container feature userstatus_impl is disabled.
11-26 08:33:33.814: I/ModuleSetMgr(12956): Download of container feature usonia_iam is disabled.
11-26 08:33:33.814: I/ModuleSetMgr(12956): Download of container feature vision.face is disabled.
11-26 08:33:33.814: I/ModuleSetMgr(12956): Download of container feature vision.ica is disabled.
11-26 08:33:33.814: I/ModuleSetMgr(12956): Download of container feature vision.ocr is disabled.
11-26 08:33:33.817: I/ModuleSetMgr(12956): Download of container feature enterprise_lost_mode is disabled.
11-26 08:33:33.817: I/ModuleSetMgr(12956): Download of container feature enterprise_zt_mp_complete is disabled.
11-26 08:33:33.825: I/ModuleSetMgr(12956): Pending container module APKs: []
11-26 08:33:33.825: I/ModuleSetMgr(12956): Pending non-container module APKs: [[VisionOcrDynamite.integ:223610901100400]]
11-26 08:33:33.840: W/PackageParser(12956): Unknown element under <manifest>: queries at /data/user_de/0/com.google.android.gms/app_chimera/m/00000008/AdsDynamite.apk Binary XML file line #11
11-26 08:33:33.891: I/ChimeraConfigurator(12956): Checking 1 listeners. All downloaded: true
11-26 08:33:33.892: I/GmsDebugLogger(12956): [83] 2 [payse]
11-26 08:33:33.896: D/CompatibilityInfo(1541): mCompatibilityFlags - 0
11-26 08:33:33.896: D/CompatibilityInfo(1541): applicationDensity - 480
11-26 08:33:33.896: D/CompatibilityInfo(1541): applicationScale - 1.0
11-26 08:33:34.579: I/ConfigStore(647): android::hardware::configstore::V1_0::ISurfaceFlingerConfigs::hasHDRDisplay retrieved: 0
11-26 08:33:34.580: I/chatty(647): uid=1000(system) /system/bin/surfaceflinger identical 1 line
11-26 08:33:34.580: I/ConfigStore(647): android::hardware::configstore::V1_0::ISurfaceFlingerConfigs::hasHDRDisplay retrieved: 0
11-26 08:33:34.760: I/dex2oat(19065): Explicit concurrent copying GC freed 11028(2MB) AllocSpace objects, 0(0B) LOS objects, 99% free, 896B/1536KB, paused 85us total 7.563ms
11-26 08:33:35.311: D/DhcpClient(1541): Received packet: 00:08:22:ec:59:05 NAK, reason requested address not available
11-26 08:33:35.311: D/DhcpClient(1541): Received packet: 00:08:22:ec:59:05 NAK, reason requested address not available
11-26 08:33:35.361: I/dex2oat(19065): dex2oat took 1.904s (3.514s cpu) (threads: 8) arena alloc=13KB (14120B) java alloc=16KB (17280B) native alloc=5MB (5304520B) free=2MB (3084088B)
11-26 08:33:35.374: V/installed(769): DexInv: --- END '/data/app/com.google.android.gmscore.testing.testsupport-Dom3749X8ktRLoiuAMwgHQ==/base.apk' (success) ---
11-26 08:33:35.682: I/system_server(1541): Explicit concurrent copying GC freed 434689(14MB) AllocSpace objects, 29(1284KB) LOS objects, 42% free, 21MB/37MB, paused 236us total 305.188ms
11-26 08:33:35.682: I/system_server(1541): [ 11-26 08:33:35.695   769: 1662 E/         ]
11-26 08:33:35.682: I/system_server(1541): Couldn't opendir /data/app/vmdl905390125.tmp: No such file or directory
11-26 08:33:35.695: E/installd(769): Failed to delete /data/app/vmdl905390125.tmp: No such file or directory
11-26 08:33:35.696: I/ActivityManager(1541): Force stopping com.google.android.gmscore.testing.testsupport appid=10221 user=0: pkg removed
11-26 08:33:35.717: I/GsaVoiceInteractionSrv(2504): (REDACTED) O received %s
