11-26 08:33:35.718: W/BroadcastQueue(1541): Background execution not allowed: receiving Intent { act=android.intent.action.PACKAGE_REMOVED dat=package:com.google.android.gmscore.testing.testsupport flg=0x4000010 (has extras) } to com.android.musicfx/.Compatibility$Receiver
11-26 08:33:35.718: W/BroadcastQueue(1541): Background execution not allowed: receiving Intent { act=android.intent.action.PACKAGE_REMOVED dat=package:com.google.android.gmscore.testing.testsupport flg=0x4000010 (has extras) } to com.android.vending/com.google.android.finsky.packagemonitor.impl.PackageMonitorReceiverImpl$RegisteredReceiver
11-26 08:33:35.720: W/BroadcastQueue(1541): Background execution not allowed: receiving Intent { act=android.intent.action.PACKAGE_REMOVED dat=package:com.google.android.gmscore.testing.testsupport flg=0x4000010 (has extras) } to com.android.vending/com.google.android.finsky.instantapps.appmanagement.InstantAppRemoveMonitor
11-26 08:33:35.721: W/BroadcastQueue(1541): Background execution not allowed: receiving Intent { act=android.intent.action.PACKAGE_REMOVED dat=package:com.google.android.gmscore.testing.testsupport flg=0x4000010 (has extras) } to com.google.android.gms/.games.chimera.GamesSystemBroadcastReceiverProxy
11-26 08:33:35.721: W/BroadcastQueue(1541): Background execution not allowed: receiving Intent { act=android.intent.action.PACKAGE_REMOVED dat=package:com.google.android.gmscore.testing.testsupport flg=0x4000010 (has extras) } to com.google.android.gms/.chimera.GmsIntentOperationService$PersistentTrustedReceiver
11-26 08:33:35.721: W/BroadcastQueue(1541): Background execution not allowed: receiving Intent { act=android.intent.action.PACKAGE_REMOVED dat=package:com.google.android.gmscore.testing.testsupport flg=0x4000010 (has extras) } to com.google.android.googlequicksearchbox/com.google.android.apps.gsa.googlequicksearchbox.GelStubAppWatcher
11-26 08:33:35.721: W/BroadcastQueue(1541): Background execution not allowed: receiving Intent { act=android.intent.action.PACKAGE_REMOVED dat=package:com.google.android.gmscore.testing.testsupport flg=0x4000010 (has extras) } to com.nextbit.app/.service.ApplicationInfoHandler$PackageReceiver
11-26 08:33:35.721: W/BroadcastQueue(1541): Background execution not allowed: receiving Intent { act=android.intent.action.PACKAGE_REMOVED dat=package:com.google.android.gmscore.testing.testsupport flg=0x4000010 (has extras) } to com.nttdocomo.android.bugreport/.th
11-26 08:33:35.721: W/BroadcastQueue(1541): Background execution not allowed: receiving Intent { act=android.intent.action.PACKAGE_REMOVED dat=package:com.google.android.gmscore.testing.testsupport flg=0x4000010 (has extras) } to com.nttdocomo.android.pf.dcmippushaggregator/.DcmIpPushBroadcastReceiver
11-26 08:33:35.723: W/BroadcastQueue(1541): Background execution not allowed: receiving Intent { act=android.intent.action.PACKAGE_REMOVED dat=package:com.google.android.gmscore.testing.testsupport flg=0x4000010 (has extras) } to com.nttdocomo.android.pf.dcmwappush/.WapPushReceiver
11-26 08:33:35.724: D/CompatibilityInfo(1541): mCompatibilityFlags - 10
11-26 08:33:35.724: D/CompatibilityInfo(1541): applicationDensity - 480
11-26 08:33:35.724: D/CompatibilityInfo(1541): applicationScale - 1.0
11-26 08:33:35.726: I/Finsky(13645): [2] rbx.i(0): PackageMonitorReceiverImpl - Received: android.intent.action.PACKAGE_REMOVED, [Cfp7IzF5TvVG3xiSuASXeJDeHWm6HS2AulwLaqmOV14]
11-26 08:33:35.727: I/Finsky(13645): [2] rcn.n(8): Invalidating cached PackageState for com.google.android.gmscore.testing.testsupport
11-26 08:33:35.734: I/InputReader(1541): Reconfiguring input devices.  changes=0x00000010
11-26 08:33:35.735: D/CompatibilityInfo(1541): mCompatibilityFlags - 0
11-26 08:33:35.735: D/CompatibilityInfo(1541): applicationDensity - 480
11-26 08:33:35.735: D/CompatibilityInfo(1541): applicationScale - 1.0
11-26 08:33:35.742: D/CompatibilityInfo(1541): mCompatibilityFlags - 0
11-26 08:33:35.742: D/CompatibilityInfo(1541): applicationDensity - 480
11-26 08:33:35.742: D/CompatibilityInfo(1541): applicationScale - 1.0
11-26 08:33:35.746: I/InputReader(1541): Reconfiguring input devices.  changes=0x00000010
11-26 08:33:35.746: I/GsaVoiceInteractionSrv(2504): (REDACTED) O received %s
11-26 08:33:35.751: W/BroadcastQueue(1541): Background execution not allowed: receiving Intent { act=android.intent.action.PACKAGE_REMOVED dat=package:com.google.android.gmscore.testing.testsupport flg=0x4000010 (has extras) } to jp.co.sharp.android.iwnnime.ml/.NewWordDictionaryReceiver
11-26 08:33:35.753: W/ContextImpl(1541): Calling a method in the system process without a qualified user: android.app.ContextImpl.sendBroadcast:1005 android.content.ContextWrapper.sendBroadcast:444 jp.co.sharp.android.downloadfont.DLFontService.DLFontThrowService$1.onReceive:124 android.app.LoadedApk$ReceiverDispatcher$Args.lambda$getRunnable$0:1434 android.app.-$$Lambda$LoadedApk$ReceiverDispatcher$Args$_BumDX2UKsnxLVrE6UJsJZkotuA.run:2 
11-26 08:33:35.758: W/BroadcastQueue(1541): Background execution not allowed: receiving Intent { act=android.intent.action.PACKAGE_REMOVED dat=package:com.google.android.gmscore.testing.testsupport flg=0x4000010 (has extras) } to jp.co.sharp.android.wallpaper3d/.Wallpaper3DReceiver
11-26 08:33:35.759: I/Finsky(13645): [1185] ksw.run(11): Wrote row to frosting DB: 343
11-26 08:33:35.759: E/ActivityManager(1541): Sending non-protected broadcast jp.co.sharp.android.downloadfont.DLFontService.ACTION_DLFONT_REMOVED from system 1541:system/1000 pkg android
11-26 08:33:35.759: E/ActivityManager(1541): java.lang.Throwable
11-26 08:33:35.759: E/ActivityManager(1541): 	at com.android.server.am.ActivityManagerService.checkBroadcastFromSystem(ActivityManagerService.java:21515)
11-26 08:33:35.759: E/ActivityManager(1541): 	at com.android.server.am.ActivityManagerService.broadcastIntentLocked(ActivityManagerService.java:22119)
11-26 08:33:35.759: E/ActivityManager(1541): 	at com.android.server.am.ActivityManagerService.broadcastIntent(ActivityManagerService.java:22261)
11-26 08:33:35.759: E/ActivityManager(1541): 	at android.app.ContextImpl.sendBroadcast(ContextImpl.java:1009)
11-26 08:33:35.759: E/ActivityManager(1541): 	at android.content.ContextWrapper.sendBroadcast(ContextWrapper.java:444)
11-26 08:33:35.759: E/ActivityManager(1541): 	at jp.co.sharp.android.downloadfont.DLFontService.DLFontThrowService$1.onReceive(DLFontThrowService.java:124)
11-26 08:33:35.759: E/ActivityManager(1541): 	at android.app.LoadedApk$ReceiverDispatcher$Args.lambda$getRunnable$0(LoadedApk.java:1434)
11-26 08:33:35.759: E/ActivityManager(1541): 	at android.app.-$$Lambda$LoadedApk$ReceiverDispatcher$Args$_BumDX2UKsnxLVrE6UJsJZkotuA.run(Unknown Source:2)
11-26 08:33:35.759: E/ActivityManager(1541): 	at android.os.Handler.handleCallback(Handler.java:873)
11-26 08:33:35.759: E/ActivityManager(1541): 	at android.os.Handler.dispatchMessage(Handler.java:99)
11-26 08:33:35.759: E/ActivityManager(1541): 	at android.os.Looper.loop(Looper.java:193)
11-26 08:33:35.759: E/ActivityManager(1541): 	at com.android.server.SystemServer.run(SystemServer.java:610)
11-26 08:33:35.759: E/ActivityManager(1541): 	at com.android.server.SystemServer.main(SystemServer.java:343)
11-26 08:33:35.759: E/ActivityManager(1541): 	at java.lang.reflect.Method.invoke(Native Method)
11-26 08:33:35.759: E/ActivityManager(1541): 	at com.android.internal.os.RuntimeInit$MethodAndArgsCaller.run(RuntimeInit.java:493)
11-26 08:33:35.759: E/ActivityManager(1541): 	at com.android.internal.os.ZygoteInit.main(ZygoteInit.java:863)
11-26 08:33:35.768: I/Finsky(13645): [1007] ggd.a(5): AIM: AppInfoManager-Perf > OnDeviceAppInfo > cacheHitCount=0, cacheMissCount=1. Missed  in cache (limit 10) : [com.google.android.gmscore.testing.testsupport]
11-26 08:33:35.770: I/Finsky(13645): [1189] aqk.ZQ(26): [ContentSync] finished, scheduled=false
11-26 08:33:35.771: I/Finsky(13645): [2] rbx.i(0): PackageMonitorReceiverImpl - Received: android.intent.action.PACKAGE_ADDED, [Cfp7IzF5TvVG3xiSuASXeJDeHWm6HS2AulwLaqmOV14]
11-26 08:33:35.771: D/CompatibilityInfo(1541): mCompatibilityFlags - 10
11-26 08:33:35.771: D/CompatibilityInfo(1541): applicationDensity - 480
11-26 08:33:35.771: D/CompatibilityInfo(1541): applicationScale - 1.0
11-26 08:33:35.771: I/Finsky(13645): [1004] gdq.apply(69): AIM: Got app ownership map. App counts: . Unique apps: 0
11-26 08:33:35.772: I/Finsky(13645): [2] rcn.n(8): Invalidating cached PackageState for com.google.android.gmscore.testing.testsupport
11-26 08:33:35.781: I/Finsky(13645): [1197] mpt.accept(33): IQ: handled package removed
11-26 08:33:35.784: I/Finsky(13645): [1185] ksw.run(11): Wrote row to frosting DB: 344
11-26 08:33:35.784: D/CompatibilityInfo(1541): mCompatibilityFlags - 0
11-26 08:33:35.784: D/CompatibilityInfo(1541): applicationDensity - 480
11-26 08:33:35.784: D/CompatibilityInfo(1541): applicationScale - 1.0
11-26 08:33:35.815: W/BroadcastQueue(1541): Background execution not allowed: receiving Intent { act=android.intent.action.PACKAGE_ADDED dat=package:com.google.android.gmscore.testing.testsupport flg=0x4000010 (has extras) } to com.android.musicfx/.Compatibility$Receiver
11-26 08:33:35.815: I/Finsky(13645): [1004] ggd.a(5): AIM: AppInfoManager-Perf > OnDeviceAppInfo > cacheHitCount=0, cacheMissCount=1. Missed  in cache (limit 10) : [com.google.android.gmscore.testing.testsupport]
11-26 08:33:35.817: W/BroadcastQueue(1541): Background execution not allowed: receiving Intent { act=android.intent.action.PACKAGE_ADDED dat=package:com.google.android.gmscore.testing.testsupport flg=0x4000010 (has extras) } to com.android.vending/com.google.android.finsky.packagemonitor.impl.PackageMonitorReceiverImpl$RegisteredReceiver
11-26 08:33:35.818: W/BroadcastQueue(1541): Background execution not allowed: receiving Intent { act=android.intent.action.PACKAGE_ADDED dat=package:com.google.android.gmscore.testing.testsupport flg=0x4000010 (has extras) } to com.facebook.appmanager/com.facebook.oxygen.common.packages.event.manifest.ManifestPackageEventReceiver
11-26 08:33:35.818: W/BroadcastQueue(1541): Background execution not allowed: receiving Intent { act=android.intent.action.PACKAGE_ADDED dat=package:com.google.android.gmscore.testing.testsupport flg=0x4000010 (has extras) } to com.google.android.gms/.games.chimera.GamesSystemBroadcastReceiverProxy
11-26 08:33:35.818: W/BroadcastQueue(1541): Background execution not allowed: receiving Intent { act=android.intent.action.PACKAGE_ADDED dat=package:com.google.android.gmscore.testing.testsupport flg=0x4000010 (has extras) } to com.google.android.gms/.gass.chimera.PackageChangeBroadcastReceiver
11-26 08:33:35.819: W/BroadcastQueue(1541): Background execution not allowed: receiving Intent { act=android.intent.action.PACKAGE_ADDED dat=package:com.google.android.gmscore.testing.testsupport flg=0x4000010 (has extras) } to com.google.android.gms/.chimera.GmsIntentOperationService$PersistentTrustedReceiver
11-26 08:33:35.826: I/Finsky(13645): [1004] gdq.apply(69): AIM: Got app ownership map. App counts: . Unique apps: 0
11-26 08:33:35.827: E/ApduServiceInfo(2518): Not adding <aid-group> with empty or invalid AIDs
11-26 08:33:35.829: I/GsaVoiceInteractionSrv(2504): (REDACTED) O received %s
11-26 08:33:35.829: W/BroadcastQueue(1541): Background execution not allowed: receiving Intent { act=android.intent.action.PACKAGE_ADDED dat=package:com.google.android.gmscore.testing.testsupport flg=0x4000010 (has extras) } to com.google.android.googlequicksearchbox/com.google.android.apps.gsa.googlequicksearchbox.GelStubAppWatcher
11-26 08:33:35.834: E/ApduServiceInfo(2518): Not adding <aid-group> with empty or invalid AIDs
11-26 08:33:35.835: I/InputReader(1541): Reconfiguring input devices.  changes=0x00000010
11-26 08:33:35.836: I/Finsky(13645): [1185] ksw.run(11): Wrote row to frosting DB: 345
11-26 08:33:35.839: W/BroadcastQueue(1541): Background execution not allowed: receiving Intent { act=android.intent.action.PACKAGE_ADDED dat=package:com.google.android.gmscore.testing.testsupport flg=0x4000010 (has extras) } to com.nextbit.app/.service.ApplicationInfoHandler$PackageReceiver
11-26 08:33:35.842: I/Finsky(13645): [1189] aqk.ZQ(26): [ContentSync] finished, scheduled=false
11-26 08:33:35.843: D/DhceThreadData(2518): DHCE01 [result] PACKAGE_INTENT/t=2 f=0x0 st=129 cf=1 cm=0 i1_1=0 r13=-1 us=0 ui=0 da=null
11-26 08:33:35.844: D/RegisteredNfcFServicesCache(2518): Service unchanged, not updating
11-26 08:33:35.850: W/BroadcastQueue(1541): Background execution not allowed: receiving Intent { act=android.intent.action.PACKAGE_ADDED dat=package:com.google.android.gmscore.testing.testsupport flg=0x4000010 (has extras) } to com.nttdocomo.android.bugreport/.th
11-26 08:33:35.851: W/BroadcastQueue(1541): Background execution not allowed: receiving Intent { act=android.intent.action.PACKAGE_ADDED dat=package:com.google.android.gmscore.testing.testsupport flg=0x4000010 (has extras) } to com.nttdocomo.android.bugreport/.rb
11-26 08:33:35.856: E/PhoneInterfaceManager(2042): [PhoneIntfMgr] getCarrierPackageNamesForIntent: No UICC
11-26 08:33:35.856: D/CarrierSvcBindHelper(2042): No carrier app for: 0
11-26 08:33:35.857: E/PhoneInterfaceManager(2042): [PhoneIntfMgr] getCarrierPackageNamesForIntent: No UICC
11-26 08:33:35.857: D/CarrierSvcBindHelper(2042): No carrier app for: 0
11-26 08:33:35.857: D/ImsResolver(2042): maybeAddedImsService, packageName: com.google.android.gmscore.testing.testsupport
11-26 08:33:35.858: I/Finsky(13645): [2] rbx.i(0): PackageMonitorReceiverImpl - Received: android.intent.action.PACKAGE_ADDED, [Cfp7IzF5TvVG3xiSuASXeJDeHWm6HS2AulwLaqmOV14]
11-26 08:33:35.859: I/Finsky(13645): [2] rcn.n(8): Invalidating cached PackageState for com.google.android.gmscore.testing.testsupport
11-26 08:33:35.859: D/CarrierConfigLoader(2042): mHandler: 9 phoneId: 0
11-26 08:33:35.859: W/BroadcastQueue(1541): Background execution not allowed: receiving Intent { act=android.intent.action.PACKAGE_ADDED dat=package:com.google.android.gmscore.testing.testsupport flg=0x4000010 (has extras) } to com.nttdocomo.android.cloudset/.t5
11-26 08:33:35.860: W/SearchServiceCore(10041): Abort, client detached.
11-26 08:33:35.864: W/SearchServiceCore(10041): Abort, client detached.
11-26 08:33:35.864: I/Finsky(13645): [1185] ksw.run(11): Wrote row to frosting DB: 346
11-26 08:33:35.869: W/BroadcastQueue(1541): Background execution not allowed: receiving Intent { act=android.intent.action.PACKAGE_ADDED dat=package:com.google.android.gmscore.testing.testsupport flg=0x4000010 (has extras) } to jp.co.sharp.android.iwnnime.ml/.NewWordDictionaryReceiver
11-26 08:33:35.877: I/Finsky(13645): [2] rbx.i(0): PackageMonitorReceiverImpl - Deduping intent android.intent.action.PACKAGE_ADDED
11-26 08:33:35.884: W/BroadcastQueue(1541): Background execution not allowed: receiving Intent { act=android.intent.action.PACKAGE_ADDED dat=package:com.google.android.gmscore.testing.testsupport flg=0x4000010 (has extras) } to jp.co.sharp.android.mobileselectstarter/.BootCompletedReceiver
11-26 08:33:35.886: I/Finsky(13645): [1006] gfx.a(11): AIM: AppInfoManager-Perf > ItemModel > CacheSize=0, cacheHitCount=0, cacheMissCount=1, total appsWithNoServerDataCount=0. Missed  in cache (limit 10) : [com.google.android.gmscore.testing.testsupport]
11-26 08:33:35.888: I/Finsky(13645): [1006] ggb.p(3): AIM: AppInfoManager-Perf > ItemModel > ItemStore Called 1 apps cacheOptions = USE_CACHE
11-26 08:33:35.889: I/Finsky(13645): [1006] nqr.g(20): ItemStore: Not cached: com.google.android.gmscore.testing.testsupport
11-26 08:33:35.893: D/CompatibilityInfo(1541): mCompatibilityFlags - 10
11-26 08:33:35.893: D/CompatibilityInfo(1541): applicationDensity - 480
11-26 08:33:35.893: D/CompatibilityInfo(1541): applicationScale - 1.0
11-26 08:33:35.900: D/CompatibilityInfo(1541): mCompatibilityFlags - 0
11-26 08:33:35.900: D/CompatibilityInfo(1541): applicationDensity - 480
11-26 08:33:35.900: D/CompatibilityInfo(1541): applicationScale - 1.0
11-26 08:33:35.902: I/Finsky(13645): [1185] ksw.run(11): Wrote row to frosting DB: 347
11-26 08:33:35.902: I/Finsky(13645): [1006] gfx.a(80): AIM: ItemModel fetch - unauth(1), auth()
11-26 08:33:35.905: I/Finsky(13645): [1004] gfx.a(11): AIM: AppInfoManager-Perf > ItemModel > CacheSize=0, cacheHitCount=0, cacheMissCount=1, total appsWithNoServerDataCount=0. Missed  in cache (limit 10) : [com.google.android.gmscore.testing.testsupport]
11-26 08:33:35.904: W/ContextImpl(10959): Calling a method in the system process without a qualified user: android.app.ContextImpl.startService:1531 android.content.ContextWrapper.startService:664 android.content.ContextWrapper.startService:664 jp.co.sharp.android.downloadfont.DLFontService.DLFontService.uninstallFont:382 jp.co.sharp.android.downloadfont.DLFontService.DLFontReceiver.onReceive:100 
11-26 08:33:35.908: D/CompatibilityInfo(1541): mCompatibilityFlags - 0
11-26 08:33:35.908: D/CompatibilityInfo(1541): applicationDensity - 480
11-26 08:33:35.908: D/CompatibilityInfo(1541): applicationScale - 1.0
11-26 08:33:35.908: I/Finsky(13645): [1004] ggb.p(3): AIM: AppInfoManager-Perf > ItemModel > ItemStore Called 1 apps cacheOptions = USE_CACHE
11-26 08:33:35.914: I/PackageIntentOperation(12956): Feature flags not enabled, skipping. [CONTEXT service_id=258 ]
11-26 08:33:35.916: D/CompatibilityInfo(1541): mCompatibilityFlags - 0
11-26 08:33:35.916: D/CompatibilityInfo(1541): applicationDensity - 480
11-26 08:33:35.916: D/CompatibilityInfo(1541): applicationScale - 1.0
11-26 08:33:35.919: I/Finsky(13645): [2] rbx.i(0): PackageMonitorReceiverImpl - Received: android.intent.action.PACKAGE_ADDED, [Cfp7IzF5TvVG3xiSuASXeJDeHWm6HS2AulwLaqmOV14]
11-26 08:33:35.920: I/Finsky(13645): [2] rcn.n(8): Invalidating cached PackageState for com.google.android.gmscore.testing.testsupport
11-26 08:33:35.930: I/Finsky(13645): [1004] nqr.g(20): ItemStore: Not cached: com.google.android.gmscore.testing.testsupport
11-26 08:33:35.931: W/ContextImpl(10959): Calling a method in the system process without a qualified user: android.app.ContextImpl.sendBroadcast:1005 android.content.ContextWrapper.sendBroadcast:444 jp.co.sharp.android.downloadfont.DLFontService.DLFontService.sendBroadcastIntent:1059 jp.co.sharp.android.downloadfont.DLFontService.DLFontService.access$300:56 jp.co.sharp.android.downloadfont.DLFontService.DLFontService$2.delFont:1290 
11-26 08:33:35.932: E/ActivityManager(1541): Sending non-protected broadcast jp.co.sharp.android.downloadfont.DLFontService.ACTION_FONT_DEL from system 10959:jp.co.sharp.android.downloadfont/1000 pkg jp.co.sharp.android.downloadfont
11-26 08:33:35.932: E/ActivityManager(1541): java.lang.Throwable
11-26 08:33:35.932: E/ActivityManager(1541): 	at com.android.server.am.ActivityManagerService.checkBroadcastFromSystem(ActivityManagerService.java:21515)
11-26 08:33:35.932: E/ActivityManager(1541): 	at com.android.server.am.ActivityManagerService.broadcastIntentLocked(ActivityManagerService.java:22119)
11-26 08:33:35.932: E/ActivityManager(1541): 	at com.android.server.am.ActivityManagerService.broadcastIntent(ActivityManagerService.java:22261)
11-26 08:33:35.932: E/ActivityManager(1541): 	at android.app.IActivityManager$Stub.onTransact$broadcastIntent$(IActivityManager.java:10180)
11-26 08:33:35.932: E/ActivityManager(1541): 	at android.app.IActivityManager$Stub.onTransact(IActivityManager.java:167)
11-26 08:33:35.932: E/ActivityManager(1541): 	at com.android.server.am.ActivityManagerService.onTransact(ActivityManagerService.java:3374)
11-26 08:33:35.932: E/ActivityManager(1541): 	at android.os.Binder.execTransact(Binder.java:731)
11-26 08:33:35.933: I/Finsky(13645): [1004] gfx.a(80): AIM: ItemModel fetch - unauth(1), auth()
11-26 08:33:35.937: I/Finsky(13645): [2] rbx.i(0): PackageMonitorReceiverImpl - Deduping intent android.intent.action.PACKAGE_ADDED
11-26 08:33:35.948: W/ContextImpl(10959): Calling a method in the system process without a qualified user: android.app.ContextImpl.sendBroadcast:1005 android.content.ContextWrapper.sendBroadcast:444 jp.co.sharp.android.downloadfont.DLFontService.DLFontService.sendBroadcastIntent:1059 jp.co.sharp.android.downloadfont.DLFontService.DLFontService.access$300:56 jp.co.sharp.android.downloadfont.DLFontService.DLFontService$2.delFont:1320 
11-26 08:33:35.950: I/Auth(12956): [SupervisedAccountIntentOperation] onHandleIntent(): android.intent.action.PACKAGE_ADDED
11-26 08:33:35.952: I/PackageIntentOperation(12956): Feature flags not enabled, skipping. [CONTEXT service_id=258 ]
11-26 08:33:35.955: D/CompatibilityInfo(1541): mCompatibilityFlags - 0
11-26 08:33:35.955: D/CompatibilityInfo(1541): applicationDensity - 480
11-26 08:33:35.955: D/CompatibilityInfo(1541): applicationScale - 1.0
11-26 08:33:35.957: I/Finsky(13645): [1185] ksw.run(11): Wrote row to frosting DB: 348
11-26 08:33:35.958: W/Looper(1541): Slow delivery took 214ms main h=android.app.ActivityThread$H c=android.app.-$$Lambda$LoadedApk$ReceiverDispatcher$Args$_BumDX2UKsnxLVrE6UJsJZkotuA@5eaacd2 m=0
11-26 08:33:35.961: D/CompatibilityInfo(1541): mCompatibilityFlags - 0
11-26 08:33:35.961: D/CompatibilityInfo(1541): applicationDensity - 480
11-26 08:33:35.962: D/CompatibilityInfo(1541): applicationScale - 1.0
11-26 08:33:35.962: I/Telecom(1541): DefaultDialerCache: Refreshing default dialer for user 0: now com.android.dialer: DDC.oR@AEw
11-26 08:33:35.964: W/ContextImpl(1541): Calling a method in the system process without a qualified user: android.app.ContextImpl.sendBroadcast:1005 android.content.ContextWrapper.sendBroadcast:444 jp.co.sharp.android.downloadfont.DLFontService.DLFontThrowService$1.onReceive:124 android.app.LoadedApk$ReceiverDispatcher$Args.lambda$getRunnable$0:1434 android.app.-$$Lambda$LoadedApk$ReceiverDispatcher$Args$_BumDX2UKsnxLVrE6UJsJZkotuA.run:2 
11-26 08:33:35.966: E/ActivityManager(1541): Sending non-protected broadcast jp.co.sharp.android.downloadfont.DLFontService.ACTION_FONT_REMOVED from system 10959:jp.co.sharp.android.downloadfont/1000 pkg jp.co.sharp.android.downloadfont
11-26 08:33:35.966: E/ActivityManager(1541): java.lang.Throwable
11-26 08:33:35.966: E/ActivityManager(1541): 	at com.android.server.am.ActivityManagerService.checkBroadcastFromSystem(ActivityManagerService.java:21515)
11-26 08:33:35.966: E/ActivityManager(1541): 	at com.android.server.am.ActivityManagerService.broadcastIntentLocked(ActivityManagerService.java:22026)
11-26 08:33:35.966: E/ActivityManager(1541): 	at com.android.server.am.ActivityManagerService.broadcastIntent(ActivityManagerService.java:22261)
11-26 08:33:35.966: E/ActivityManager(1541): 	at android.app.IActivityManager$Stub.onTransact$broadcastIntent$(IActivityManager.java:10180)
11-26 08:33:35.966: E/ActivityManager(1541): 	at android.app.IActivityManager$Stub.onTransact(IActivityManager.java:167)
11-26 08:33:35.966: E/ActivityManager(1541): 	at com.android.server.am.ActivityManagerService.onTransact(ActivityManagerService.java:3374)
11-26 08:33:35.966: E/ActivityManager(1541): 	at android.os.Binder.execTransact(Binder.java:731)
11-26 08:33:35.976: E/ActivityManager(1541): Sending non-protected broadcast jp.co.sharp.android.downloadfont.DLFontService.ACTION_FONT_REMOVED from system 10959:jp.co.sharp.android.downloadfont/1000 pkg jp.co.sharp.android.downloadfont
11-26 08:33:35.976: E/ActivityManager(1541): java.lang.Throwable
11-26 08:33:35.976: E/ActivityManager(1541): 	at com.android.server.am.ActivityManagerService.checkBroadcastFromSystem(ActivityManagerService.java:21515)
11-26 08:33:35.976: E/ActivityManager(1541): 	at com.android.server.am.ActivityManagerService.broadcastIntentLocked(ActivityManagerService.java:22119)
11-26 08:33:35.976: E/ActivityManager(1541): 	at com.android.server.am.ActivityManagerService.broadcastIntent(ActivityManagerService.java:22261)
11-26 08:33:35.976: E/ActivityManager(1541): 	at android.app.IActivityManager$Stub.onTransact$broadcastIntent$(IActivityManager.java:10180)
11-26 08:33:35.976: E/ActivityManager(1541): 	at android.app.IActivityManager$Stub.onTransact(IActivityManager.java:167)
11-26 08:33:35.976: E/ActivityManager(1541): 	at com.android.server.am.ActivityManagerService.onTransact(ActivityManagerService.java:3374)
11-26 08:33:35.976: E/ActivityManager(1541): 	at android.os.Binder.execTransact(Binder.java:731)
11-26 08:33:35.984: W/ContextImpl(10959): Calling a method in the system process without a qualified user: android.app.ContextImpl.sendBroadcast:1005 android.content.ContextWrapper.sendBroadcast:444 jp.co.sharp.android.downloadfont.DLFontService.DLFontService.sendBroadcastIntent:1059 jp.co.sharp.android.downloadfont.DLFontService.DLFontService.access$300:56 jp.co.sharp.android.downloadfont.DLFontService.DLFontService$2.delFont:1321 
11-26 08:33:35.989: E/ing.testsuppor(19110): Not starting debugger since process cannot load the jdwp agent.
11-26 08:33:35.989: D/CompatibilityInfo(1541): mCompatibilityFlags - 0
11-26 08:33:35.989: D/CompatibilityInfo(1541): applicationDensity - 480
11-26 08:33:35.989: D/CompatibilityInfo(1541): applicationScale - 1.0
11-26 08:33:35.991: E/ActivityManager(1541): Sending non-protected broadcast jp.co.sharp.android.downloadfont.DLFontService.ACTION_DLFONT_ADDED from system 1541:system/1000 pkg android
11-26 08:33:35.991: E/ActivityManager(1541): java.lang.Throwable
11-26 08:33:35.991: E/ActivityManager(1541): 	at com.android.server.am.ActivityManagerService.checkBroadcastFromSystem(ActivityManagerService.java:21515)
11-26 08:33:35.991: E/ActivityManager(1541): 	at com.android.server.am.ActivityManagerService.broadcastIntentLocked(ActivityManagerService.java:22119)
11-26 08:33:35.991: E/ActivityManager(1541): 	at com.android.server.am.ActivityManagerService.broadcastIntent(ActivityManagerService.java:22261)
11-26 08:33:35.991: E/ActivityManager(1541): 	at android.app.ContextImpl.sendBroadcast(ContextImpl.java:1009)
11-26 08:33:35.991: E/ActivityManager(1541): 	at android.content.ContextWrapper.sendBroadcast(ContextWrapper.java:444)
11-26 08:33:35.991: E/ActivityManager(1541): 	at jp.co.sharp.android.downloadfont.DLFontService.DLFontThrowService$1.onReceive(DLFontThrowService.java:124)
11-26 08:33:35.991: E/ActivityManager(1541): 	at android.app.LoadedApk$ReceiverDispatcher$Args.lambda$getRunnable$0(LoadedApk.java:1434)
11-26 08:33:35.991: E/ActivityManager(1541): 	at android.app.-$$Lambda$LoadedApk$ReceiverDispatcher$Args$_BumDX2UKsnxLVrE6UJsJZkotuA.run(Unknown Source:2)
11-26 08:33:35.991: E/ActivityManager(1541): 	at android.os.Handler.handleCallback(Handler.java:873)
11-26 08:33:35.991: E/ActivityManager(1541): 	at android.os.Handler.dispatchMessage(Handler.java:99)
11-26 08:33:35.991: E/ActivityManager(1541): 	at android.os.Looper.loop(Looper.java:193)
11-26 08:33:35.991: E/ActivityManager(1541): 	at com.android.server.SystemServer.run(SystemServer.java:610)
11-26 08:33:35.991: E/ActivityManager(1541): 	at com.android.server.SystemServer.main(SystemServer.java:343)
11-26 08:33:35.991: E/ActivityManager(1541): 	at java.lang.reflect.Method.invoke(Native Method)
11-26 08:33:35.991: E/ActivityManager(1541): 	at com.android.internal.os.RuntimeInit$MethodAndArgsCaller.run(RuntimeInit.java:493)
11-26 08:33:35.991: E/ActivityManager(1541): 	at com.android.internal.os.ZygoteInit.main(ZygoteInit.java:863)
11-26 08:33:36.001: W/ActivityManager(1541): Slow operation: 54ms so far, now at startProcess: done updating battery stats
11-26 08:33:36.002: W/ActivityManager(1541): Slow operation: 54ms so far, now at startProcess: building log message
11-26 08:33:36.002: I/ActivityManager(1541): Start proc 19110:com.google.android.gmscore.testing.testsupport/u0a221 for service com.google.android.gmscore.testing.testsupport/.CommandService
11-26 08:33:36.002: W/ActivityManager(1541): Slow operation: 54ms so far, now at startProcess: starting to update pids map
11-26 08:33:36.002: W/ActivityManager(1541): Slow operation: 54ms so far, now at startProcess: done updating pids map
11-26 08:33:36.004: E/ActivityManager(1541): Sending non-protected broadcast com.android.settings.DisplayFontTypeSettings.ACTION_FONTLIST_UPDATE from system 10959:jp.co.sharp.android.downloadfont/1000 pkg jp.co.sharp.android.downloadfont
11-26 08:33:36.004: E/ActivityManager(1541): java.lang.Throwable
11-26 08:33:36.004: E/ActivityManager(1541): 	at com.android.server.am.ActivityManagerService.checkBroadcastFromSystem(ActivityManagerService.java:21515)
11-26 08:33:36.004: E/ActivityManager(1541): 	at com.android.server.am.ActivityManagerService.broadcastIntentLocked(ActivityManagerService.java:22119)
11-26 08:33:36.004: E/ActivityManager(1541): 	at com.android.server.am.ActivityManagerService.broadcastIntent(ActivityManagerService.java:22261)
11-26 08:33:36.004: E/ActivityManager(1541): 	at android.app.IActivityManager$Stub.onTransact$broadcastIntent$(IActivityManager.java:10180)
11-26 08:33:36.004: E/ActivityManager(1541): 	at android.app.IActivityManager$Stub.onTransact(IActivityManager.java:167)
11-26 08:33:36.004: E/ActivityManager(1541): 	at com.android.server.am.ActivityManagerService.onTransact(ActivityManagerService.java:3374)
11-26 08:33:36.004: E/ActivityManager(1541): 	at android.os.Binder.execTransact(Binder.java:731)
11-26 08:33:36.026: D/BoundBrokerSvc(12956): onBind: Intent { act=com.google.android.gms.common.BIND_SHARED_PREFS pkg=com.google.android.gms }
11-26 08:33:36.026: D/BoundBrokerSvc(12956): Loading bound service for intent: Intent { act=com.google.android.gms.common.BIND_SHARED_PREFS pkg=com.google.android.gms }
11-26 08:33:36.027: W/ContextImpl(1541): Calling a method in the system process without a qualified user: android.app.ContextImpl.sendBroadcast:1005 android.content.ContextWrapper.sendBroadcast:444 jp.co.sharp.android.downloadfont.DLFontService.DLFontThrowService$1.onReceive:124 android.app.LoadedApk$ReceiverDispatcher$Args.lambda$getRunnable$0:1434 android.app.-$$Lambda$LoadedApk$ReceiverDispatcher$Args$_BumDX2UKsnxLVrE6UJsJZkotuA.run:2 
11-26 08:33:36.028: E/ActivityManager(1541): Sending non-protected broadcast jp.co.sharp.android.downloadfont.DLFontService.ACTION_DLFONT_REMOVED from system 1541:system/1000 pkg android
11-26 08:33:36.028: E/ActivityManager(1541): java.lang.Throwable
11-26 08:33:36.028: E/ActivityManager(1541): 	at com.android.server.am.ActivityManagerService.checkBroadcastFromSystem(ActivityManagerService.java:21515)
11-26 08:33:36.028: E/ActivityManager(1541): 	at com.android.server.am.ActivityManagerService.broadcastIntentLocked(ActivityManagerService.java:22119)
11-26 08:33:36.028: E/ActivityManager(1541): 	at com.android.server.am.ActivityManagerService.broadcastIntent(ActivityManagerService.java:22261)
11-26 08:33:36.028: E/ActivityManager(1541): 	at android.app.ContextImpl.sendBroadcast(ContextImpl.java:1009)
11-26 08:33:36.028: E/ActivityManager(1541): 	at android.content.ContextWrapper.sendBroadcast(ContextWrapper.java:444)
11-26 08:33:36.028: E/ActivityManager(1541): 	at jp.co.sharp.android.downloadfont.DLFontService.DLFontThrowService$1.onReceive(DLFontThrowService.java:124)
11-26 08:33:36.028: E/ActivityManager(1541): 	at android.app.LoadedApk$ReceiverDispatcher$Args.lambda$getRunnable$0(LoadedApk.java:1434)
11-26 08:33:36.028: E/ActivityManager(1541): 	at android.app.-$$Lambda$LoadedApk$ReceiverDispatcher$Args$_BumDX2UKsnxLVrE6UJsJZkotuA.run(Unknown Source:2)
11-26 08:33:36.028: E/ActivityManager(1541): 	at android.os.Handler.handleCallback(Handler.java:873)
11-26 08:33:36.028: E/ActivityManager(1541): 	at android.os.Handler.dispatchMessage(Handler.java:99)
11-26 08:33:36.028: E/ActivityManager(1541): 	at android.os.Looper.loop(Looper.java:193)
11-26 08:33:36.028: E/ActivityManager(1541): 	at com.android.server.SystemServer.run(SystemServer.java:610)
11-26 08:33:36.028: E/ActivityManager(1541): 	at com.android.server.SystemServer.main(SystemServer.java:343)
11-26 08:33:36.028: E/ActivityManager(1541): 	at java.lang.reflect.Method.invoke(Native Method)
11-26 08:33:36.028: E/ActivityManager(1541): 	at com.android.internal.os.RuntimeInit$MethodAndArgsCaller.run(RuntimeInit.java:493)
11-26 08:33:36.028: E/ActivityManager(1541): 	at com.android.internal.os.ZygoteInit.main(ZygoteInit.java:863)
11-26 08:33:36.037: D/CompatibilityInfo(1541): mCompatibilityFlags - 10
11-26 08:33:36.037: D/CompatibilityInfo(1541): applicationDensity - 480
11-26 08:33:36.037: D/CompatibilityInfo(1541): applicationScale - 1.0
11-26 08:33:36.040: W/LocationProviderProxy-network(1541): com.qualcomm.location resolves service com.android.location.service.v3.NetworkLocationProvider, but has wrong signature, ignoring
11-26 08:33:36.041: W/LocationProviderProxy-network(1541): com.google.android.gms resolves service com.android.location.service.v3.NetworkLocationProvider, but has wrong signature, ignoring
11-26 08:33:36.042: W/LocationProviderProxy-network(1541): com.qualcomm.location resolves service com.android.location.service.v3.NetworkLocationProvider, but has wrong signature, ignoring
11-26 08:33:36.042: W/LocationProviderProxy-network(1541): Odd, no component found for service com.android.location.service.v3.NetworkLocationProvider
11-26 08:33:36.043: D/CompatibilityInfo(1541): mCompatibilityFlags - 10
11-26 08:33:36.043: D/CompatibilityInfo(1541): applicationDensity - 480
11-26 08:33:36.043: D/CompatibilityInfo(1541): applicationScale - 1.0
11-26 08:33:36.049: D/CompatibilityInfo(1541): mCompatibilityFlags - 0
11-26 08:33:36.049: D/CompatibilityInfo(1541): applicationDensity - 480
11-26 08:33:36.049: D/CompatibilityInfo(1541): applicationScale - 1.0
11-26 08:33:36.049: I/Icing(12956): Indexing com.google.android.gms-apps from com.google.android.gms
11-26 08:33:36.053: I/Icing(12956): Indexing done com.google.android.gms-apps
11-26 08:33:36.054: D/CompatibilityInfo(1541): mCompatibilityFlags - 0
11-26 08:33:36.054: D/CompatibilityInfo(1541): applicationDensity - 480
11-26 08:33:36.054: D/CompatibilityInfo(1541): applicationScale - 1.0
11-26 08:33:36.062: W/BroadcastQueue(1541): Background execution not allowed: receiving Intent { act=android.intent.action.DROPBOX_ENTRY_ADDED flg=0x10 (has extras) } to com.google.android.gms/.stats.service.DropBoxEntryAddedReceiver
11-26 08:33:36.063: I/ing.testsuppor(19110): The ClassLoaderContext is a special shared library.
11-26 08:33:36.065: W/BroadcastQueue(1541): Background execution not allowed: receiving Intent { act=android.intent.action.DROPBOX_ENTRY_ADDED flg=0x10 (has extras) } to com.google.android.gms/.chimera.GmsIntentOperationService$PersistentTrustedReceiver
11-26 08:33:36.066: W/BroadcastQueue(1541): Background execution not allowed: receiving Intent { act=android.intent.action.PACKAGE_REPLACED dat=package:com.google.android.gmscore.testing.testsupport flg=0x4000010 (has extras) } to com.android.musicfx/.Compatibility$Receiver
11-26 08:33:36.066: W/BroadcastQueue(1541): Background execution not allowed: receiving Intent { act=android.intent.action.PACKAGE_REPLACED dat=package:com.google.android.gmscore.testing.testsupport flg=0x4000010 (has extras) } to com.facebook.appmanager/com.facebook.oxygen.common.packages.event.manifest.ManifestPackageEventReceiver
11-26 08:33:36.066: W/Looper(1541): Drained
11-26 08:33:36.069: W/BroadcastQueue(1541): Background execution not allowed: receiving Intent { act=android.intent.action.PACKAGE_REPLACED dat=package:com.google.android.gmscore.testing.testsupport flg=0x4000010 (has extras) } to com.google.android.apps.photos/.account.full.FetchAccountPropertiesAppUpgradeBroadcastReceiver
11-26 08:33:36.069: W/BroadcastQueue(1541): Background execution not allowed: receiving Intent { act=android.intent.action.PACKAGE_REPLACED dat=package:com.google.android.gmscore.testing.testsupport flg=0x4000010 (has extras) } to com.google.android.apps.photos/.account.full.SyncAccountsForLoginBroadcastReceiver
11-26 08:33:36.070: W/BroadcastQueue(1541): Background execution not allowed: receiving Intent { act=android.intent.action.PACKAGE_REPLACED dat=package:com.google.android.gmscore.testing.testsupport flg=0x4000010 (has extras) } to com.google.android.apps.photos/.experiments.phenotype.full.PhenotypeAppUpgradeBroadcastReceiver
11-26 08:33:36.071: W/BroadcastQueue(1541): Background execution not allowed: receiving Intent { act=android.intent.action.PACKAGE_REPLACED dat=package:com.google.android.gmscore.testing.testsupport flg=0x4000010 (has extras) } to com.google.android.apps.photos/.notificationchannels.AppUpdateBroadcastReceiver
11-26 08:33:36.071: W/BroadcastQueue(1541): Background execution not allowed: receiving Intent { act=android.intent.action.PACKAGE_REPLACED dat=package:com.google.android.gmscore.testing.testsupport flg=0x4000010 (has extras) } to com.google.android.gms/.gass.chimera.PackageChangeBroadcastReceiver
11-26 08:33:36.071: W/BroadcastQueue(1541): Background execution not allowed: receiving Intent { act=android.intent.action.PACKAGE_REPLACED dat=package:com.google.android.gmscore.testing.testsupport flg=0x4000010 (has extras) } to com.google.android.gms/.chimera.GmsIntentOperationService$PersistentTrustedReceiver
11-26 08:33:36.071: W/BroadcastQueue(1541): Background execution not allowed: receiving Intent { act=android.intent.action.PACKAGE_REPLACED dat=package:com.google.android.gmscore.testing.testsupport flg=0x4000010 (has extras) } to com.google.android.googlequicksearchbox/com.google.android.apps.gsa.googlequicksearchbox.GelStubAppWatcher
11-26 08:33:36.073: W/BroadcastQueue(1541): Background execution not allowed: receiving Intent { act=android.intent.action.PACKAGE_REPLACED dat=package:com.google.android.gmscore.testing.testsupport flg=0x4000010 (has extras) } to com.nttdocomo.android.databackup/.service.UpdateReceiver
11-26 08:33:36.073: W/BroadcastQueue(1541): Background execution not allowed: receiving Intent { act=android.intent.action.PACKAGE_REPLACED dat=package:com.google.android.gmscore.testing.testsupport flg=0x4000010 (has extras) } to jp.co.nttdocomo.lcsapp/.receiver.PictController
11-26 08:33:36.079: D/CompatibilityInfo(1541): mCompatibilityFlags - 0
11-26 08:33:36.079: D/CompatibilityInfo(1541): applicationDensity - 480
11-26 08:33:36.079: D/CompatibilityInfo(1541): applicationScale - 1.0
11-26 08:33:36.081: W/BroadcastQueue(1541): Background execution not allowed: receiving Intent { act=android.intent.action.PACKAGE_REPLACED dat=package:com.google.android.gmscore.testing.testsupport flg=0x4000010 (has extras) } to jp.co.nttdocomo.lcsapp/.kf8z
11-26 08:33:36.084: W/BroadcastQueue(1541): Background execution not allowed: receiving Intent { act=android.intent.action.PACKAGE_REPLACED dat=package:com.google.android.gmscore.testing.testsupport flg=0x4000010 (has extras) } to jp.co.nttdocomo.lcsapp/.g1vz
11-26 08:33:36.089: D/CompatibilityInfo(1541): mCompatibilityFlags - 0
11-26 08:33:36.089: D/CompatibilityInfo(1541): applicationDensity - 480
11-26 08:33:36.089: D/CompatibilityInfo(1541): applicationScale - 1.0
11-26 08:33:36.092: W/BroadcastQueue(1541): Background execution not allowed: receiving Intent { act=android.intent.action.PACKAGE_REPLACED dat=package:com.google.android.gmscore.testing.testsupport flg=0x4000010 (has extras) } to jp.co.nttdocomo.lcsapp/.umzg
11-26 08:33:36.092: W/BroadcastQueue(1541): Background execution not allowed: receiving Intent { act=android.intent.action.PACKAGE_REPLACED dat=package:com.google.android.gmscore.testing.testsupport flg=0x4000010 (has extras) } to jp.co.nttdocomo.lcsapp/.pzqj
11-26 08:33:36.092: W/BroadcastQueue(1541): Background execution not allowed: receiving Intent { act=android.intent.action.PACKAGE_REPLACED dat=package:com.google.android.gmscore.testing.testsupport flg=0x4000010 (has extras) } to jp.co.sharp.android.iwnnime.ml/.NewWordDictionaryReceiver
11-26 08:33:36.093: W/BroadcastQueue(1541): Background execution not allowed: receiving Intent { act=android.intent.action.PACKAGE_REPLACED dat=package:com.google.android.gmscore.testing.testsupport flg=0x4000010 (has extras) } to jp.co.sharp.android.scshocapture2/.ScShoCaptureReceirver
11-26 08:33:36.093: I/Perf(19110): Connecting to perf service.
11-26 08:33:36.094: W/BroadcastQueue(1541): Background execution not allowed: receiving Intent { act=android.intent.action.DROPBOX_ENTRY_ADDED flg=0x10 (has extras) } to com.google.android.gms/.stats.service.DropBoxEntryAddedReceiver
11-26 08:33:36.094: W/BroadcastQueue(1541): Background execution not allowed: receiving Intent { act=android.intent.action.DROPBOX_ENTRY_ADDED flg=0x10 (has extras) } to com.google.android.gms/.chimera.GmsIntentOperationService$PersistentTrustedReceiver
11-26 08:33:36.095: D/CompatibilityInfo(1541): mCompatibilityFlags - 0
11-26 08:33:36.096: D/CompatibilityInfo(1541): applicationDensity - 480
11-26 08:33:36.096: D/CompatibilityInfo(1541): applicationScale - 1.0
11-26 08:33:36.099: I/Fitness(12979): FitCleanupIntentOperation received Intent android.intent.action.PACKAGE_REMOVED [CONTEXT service_id=17 ]
11-26 08:33:36.103: W/BroadcastQueue(1541): Background execution not allowed: receiving Intent { act=android.intent.action.DROPBOX_ENTRY_ADDED flg=0x10 (has extras) } to com.google.android.gms/.stats.service.DropBoxEntryAddedReceiver
11-26 08:33:36.105: W/BroadcastQueue(1541): Background execution not allowed: receiving Intent { act=android.intent.action.DROPBOX_ENTRY_ADDED flg=0x10 (has extras) } to com.google.android.gms/.chimera.GmsIntentOperationService$PersistentTrustedReceiver
11-26 08:33:36.107: I/TSDRIVER(19110): CommandService onHandleIntent()
11-26 08:33:36.108: I/TSDRIVER(19110): Got command: PACKAGE
11-26 08:33:36.109: D/CompatibilityInfo(1541): mCompatibilityFlags - 0
11-26 08:33:36.109: D/CompatibilityInfo(1541): applicationDensity - 480
11-26 08:33:36.110: D/CompatibilityInfo(1541): applicationScale - 1.0
11-26 08:33:36.112: W/ChimeraUtils(12979): Module com.google.android.gms.nearby_en has empty metadata display_name_string_id
11-26 08:33:36.112: W/ContextImpl(10959): Calling a method in the system process without a qualified user: android.app.ContextImpl.startService:1531 android.content.ContextWrapper.startService:664 android.content.ContextWrapper.startService:664 jp.co.sharp.android.downloadfont.DLFontService.DLFontService.uninstallFont:382 jp.co.sharp.android.downloadfont.DLFontService.DLFontReceiver.onReceive:100 
11-26 08:33:36.119: D/CompatibilityInfo(1541): mCompatibilityFlags - 0
11-26 08:33:36.119: D/CompatibilityInfo(1541): applicationDensity - 480
11-26 08:33:36.119: D/CompatibilityInfo(1541): applicationScale - 1.0
11-26 08:33:36.129: D/BoundBrokerSvc(12956): onUnbind: Intent { act=com.google.android.gms.common.BIND_SHARED_PREFS pkg=com.google.android.gms }
11-26 08:33:36.136: W/BroadcastQueue(1541): Background execution not allowed: receiving Intent { act=android.intent.action.DROPBOX_ENTRY_ADDED flg=0x10 (has extras) } to com.google.android.gms/.stats.service.DropBoxEntryAddedReceiver
11-26 08:33:36.137: W/ChimeraUtils(12979): Module com.google.android.gms.nearby_en has empty metadata display_name_string_id
11-26 08:33:36.138: W/BroadcastQueue(1541): Background execution not allowed: receiving Intent { act=android.intent.action.DROPBOX_ENTRY_ADDED flg=0x10 (has extras) } to com.google.android.gms/.chimera.GmsIntentOperationService$PersistentTrustedReceiver
11-26 08:33:36.140: D/CompatibilityInfo(1541): mCompatibilityFlags - 0
11-26 08:33:36.140: D/CompatibilityInfo(1541): applicationDensity - 480
11-26 08:33:36.141: D/CompatibilityInfo(1541): applicationScale - 1.0
11-26 08:33:36.143: W/BroadcastQueue(1541): Background execution not allowed: receiving Intent { act=android.intent.action.DROPBOX_ENTRY_ADDED flg=0x10 (has extras) } to com.google.android.gms/.stats.service.DropBoxEntryAddedReceiver
11-26 08:33:36.144: W/ChimeraUtils(12979): Module com.google.android.gms.nearby_en has empty metadata display_name_string_id
11-26 08:33:36.145: W/BroadcastQueue(1541): Background execution not allowed: receiving Intent { act=android.intent.action.DROPBOX_ENTRY_ADDED flg=0x10 (has extras) } to com.google.android.gms/.chimera.GmsIntentOperationService$PersistentTrustedReceiver
11-26 08:33:36.146: W/BroadcastQueue(1541): Background execution not allowed: receiving Intent { act=android.intent.action.DROPBOX_ENTRY_ADDED flg=0x10 (has extras) } to com.google.android.gms/.stats.service.DropBoxEntryAddedReceiver
11-26 08:33:36.146: I/TSDRIVER(19110): flag package: EiJjb20uZ29vZ2xlLmFuZHJvaWQuZ21zLnRlc3RzdXBwb3J0GjwKJFRlc3RTdXBwb3J0X19kaXNhYmxlX2dtc2NvcmVfZGlhbG9ncxIUYXV0aF9hcGlfY3JlZGVudGlhbHM
11-26 08:33:36.147: W/BroadcastQueue(1541): Background execution not allowed: receiving Intent { act=android.intent.action.DROPBOX_ENTRY_ADDED flg=0x10 (has extras) } to com.google.android.gms/.chimera.GmsIntentOperationService$PersistentTrustedReceiver
11-26 08:33:36.147: W/BroadcastQueue(1541): Background execution not allowed: receiving Intent { act=android.intent.action.DROPBOX_ENTRY_ADDED flg=0x10 (has extras) } to com.google.android.gms/.stats.service.DropBoxEntryAddedReceiver
11-26 08:33:36.147: W/BroadcastQueue(1541): Background execution not allowed: receiving Intent { act=android.intent.action.DROPBOX_ENTRY_ADDED flg=0x10 (has extras) } to com.google.android.gms/.chimera.GmsIntentOperationService$PersistentTrustedReceiver
11-26 08:33:36.152: I/TSDRIVER(19110): flag package: com.google.android.gms.testsupport
11-26 08:33:36.154: W/ContextImpl(10959): Calling a method in the system process without a qualified user: android.app.ContextImpl.sendBroadcast:1005 android.content.ContextWrapper.sendBroadcast:444 jp.co.sharp.android.downloadfont.DLFontService.DLFontService.sendBroadcastIntent:1059 jp.co.sharp.android.downloadfont.DLFontService.DLFontService.access$300:56 jp.co.sharp.android.downloadfont.DLFontService.DLFontService$2.delFont:1290 
11-26 08:33:36.158: E/ActivityManager(1541): Sending non-protected broadcast jp.co.sharp.android.downloadfont.DLFontService.ACTION_FONT_DEL from system 10959:jp.co.sharp.android.downloadfont/1000 pkg jp.co.sharp.android.downloadfont
11-26 08:33:36.158: E/ActivityManager(1541): java.lang.Throwable
11-26 08:33:36.158: E/ActivityManager(1541): 	at com.android.server.am.ActivityManagerService.checkBroadcastFromSystem(ActivityManagerService.java:21515)
11-26 08:33:36.158: E/ActivityManager(1541): 	at com.android.server.am.ActivityManagerService.broadcastIntentLocked(ActivityManagerService.java:22119)
11-26 08:33:36.158: E/ActivityManager(1541): 	at com.android.server.am.ActivityManagerService.broadcastIntent(ActivityManagerService.java:22261)
11-26 08:33:36.158: E/ActivityManager(1541): 	at android.app.IActivityManager$Stub.onTransact$broadcastIntent$(IActivityManager.java:10180)
11-26 08:33:36.158: E/ActivityManager(1541): 	at android.app.IActivityManager$Stub.onTransact(IActivityManager.java:167)
11-26 08:33:36.158: E/ActivityManager(1541): 	at com.android.server.am.ActivityManagerService.onTransact(ActivityManagerService.java:3374)
11-26 08:33:36.158: E/ActivityManager(1541): 	at android.os.Binder.execTransact(Binder.java:731)
11-26 08:33:36.208: D/CompatibilityInfo(1541): mCompatibilityFlags - 0
11-26 08:33:36.208: D/CompatibilityInfo(1541): applicationDensity - 480
11-26 08:33:36.208: D/CompatibilityInfo(1541): applicationScale - 1.0
11-26 08:33:36.211: I/ChimeraConfigurator(12956): Starting update, reason: 4 urgentFeatures: payse:-1
11-26 08:33:36.212: W/BroadcastQueue(1541): Background execution not allowed: receiving Intent { act=android.intent.action.DROPBOX_ENTRY_ADDED flg=0x10 (has extras) } to com.google.android.gms/.stats.service.DropBoxEntryAddedReceiver
11-26 08:33:36.213: W/BroadcastQueue(1541): Background execution not allowed: receiving Intent { act=android.intent.action.DROPBOX_ENTRY_ADDED flg=0x10 (has extras) } to com.google.android.gms/.chimera.GmsIntentOperationService$PersistentTrustedReceiver
11-26 08:33:36.218: E/GooglePlayServicesUtil(19110): The Google Play services resources were not found. Check your project configuration to ensure that the resources are included.
11-26 08:33:36.221: D/CompatibilityInfo(1541): mCompatibilityFlags - 0
11-26 08:33:36.221: D/CompatibilityInfo(1541): applicationDensity - 480
11-26 08:33:36.221: D/CompatibilityInfo(1541): applicationScale - 1.0
11-26 08:33:36.224: I/.gms.persisten(12979): Background concurrent copying GC freed 111592(8MB) AllocSpace objects, 0(0B) LOS objects, 50% free, 8MB/16MB, paused 242us total 101.542ms
11-26 08:33:36.228: D/CompatibilityInfo(1541): mCompatibilityFlags - 0
11-26 08:33:36.228: D/CompatibilityInfo(1541): applicationDensity - 480
11-26 08:33:36.228: D/CompatibilityInfo(1541): applicationScale - 1.0
11-26 08:33:36.238: W/ContextImpl(10959): Calling a method in the system process without a qualified user: android.app.ContextImpl.sendBroadcast:1005 android.content.ContextWrapper.sendBroadcast:444 jp.co.sharp.android.downloadfont.DLFontService.DLFontService.sendBroadcastIntent:1059 jp.co.sharp.android.downloadfont.DLFontService.DLFontService.access$300:56 jp.co.sharp.android.downloadfont.DLFontService.DLFontService$2.delFont:1320 
11-26 08:33:36.239: E/ActivityManager(1541): Sending non-protected broadcast jp.co.sharp.android.downloadfont.DLFontService.ACTION_FONT_REMOVED from system 10959:jp.co.sharp.android.downloadfont/1000 pkg jp.co.sharp.android.downloadfont
11-26 08:33:36.239: E/ActivityManager(1541): java.lang.Throwable
11-26 08:33:36.239: E/ActivityManager(1541): 	at com.android.server.am.ActivityManagerService.checkBroadcastFromSystem(ActivityManagerService.java:21515)
11-26 08:33:36.239: E/ActivityManager(1541): 	at com.android.server.am.ActivityManagerService.broadcastIntentLocked(ActivityManagerService.java:22026)
11-26 08:33:36.239: E/ActivityManager(1541): 	at com.android.server.am.ActivityManagerService.broadcastIntent(ActivityManagerService.java:22261)
11-26 08:33:36.239: E/ActivityManager(1541): 	at android.app.IActivityManager$Stub.onTransact$broadcastIntent$(IActivityManager.java:10180)
